[    0.000000][    T0] Booting Linux on physical CPU 0x0000000000 [0x410fd083]
[    0.000000][    T0] Linux version 5.10.246-android12-9-g9c94fefc2317-dirty (build-user@build-host) (Android (7284624, based on r416183b) clang version 12.0.5 (https://android.googlesource.com/toolchain/llvm-project c935d99d7cf2016289302412d708641d52d2f7ee), LLD 12.0.5 (/buildbot/src/android/llvm-toolchain/out/llvm-project/lld c935d99d7cf2016289302412d708641d52d2f7ee)) #1 SMP PREEMPT Wed Jul 15 06:16:32 UTC 2026
[    0.000000][    T0] start_kernel from soc kernel
[    0.000000][    T0] random: crng init done
[    0.000000][    T0] Machine model: linux,dummy-virt
[    0.000000][    T0] Stack Depot is disabled
[    0.000000][    T0] KVM is not available. Ignoring kvm-arm.mode
[    0.000000][    T0] efi: UEFI not found.
[    0.000000][    T0] Zone ranges:
[    0.000000][    T0]   DMA32    [mem 0x0000000040000000-0x00000000bfffffff]
[    0.000000][    T0]   Normal   empty
[    0.000000][    T0] Movable zone start for each node
[    0.000000][    T0] Early memory node ranges
[    0.000000][    T0]   node   0: [mem 0x0000000040000000-0x00000000bfffffff]
[    0.000000][    T0] Initmem setup node 0 [mem 0x0000000040000000-0x00000000bfffffff]
[    0.000000][    T0] cma: Reserved 16 MiB at 0x00000000bc800000
[    0.000000][    T0] psci: probing for conduit method from DT.
[    0.000000][    T0] psci: PSCIv1.1 detected in firmware.
[    0.000000][    T0] psci: Using standard PSCI v0.2 function IDs
[    0.000000][    T0] psci: Trusted OS migration not required
[    0.000000][    T0] psci: SMC Calling Convention v1.0
[    0.000000][    T0] percpu: Embedded 35 pages/cpu s103064 r8192 d32104 u143360
[    0.000000][    T0] Detected PIPT I-cache on CPU0
[    0.000000][    T0] CPU features: SYS_ID_AA64MMFR1_EL1[11:8]: already set to 0
[    0.000000][    T0] CPU features: detected: Spectre-v3a
[    0.000000][    T0] CPU features: detected: Spectre-v2
[    0.000000][    T0] CPU features: detected: Spectre-v4
[    0.000000][    T0] CPU features: detected: ARM errata 1165522, 1319367, or 1530923
[    0.000000][    T0] CPU features: detected: Spectre-BHB
[    0.000000][    T0] CPU features: detected: ARM erratum 1742098
[    0.000000][    T0] Built 1 zonelists, mobility grouping on.  Total pages: 516096
[    0.000000][    T0] Kernel command line: stack_depot_disable=on kasan.stacktrace=off kvm-arm.mode=protected cgroup_disable=pressure cgroup.memory=nokmem console=ttyAMA0 nokaslr rdinit=/init panic=-1
[    0.000000][    T0] cgroup: Disabling pressure control group feature
[    0.000000][    T0] Dentry cache hash table entries: 262144 (order: 9, 2097152 bytes, linear)
[    0.000000][    T0] Inode-cache hash table entries: 131072 (order: 8, 1048576 bytes, linear)
[    0.000000][    T0] mem auto-init: stack:all(zero), heap alloc:on, heap free:off
[    0.000000][    T0] Memory: 1990340K/2097152K available (28864K kernel code, 2406K rwdata, 11680K rodata, 3200K init, 1957K bss, 90428K reserved, 16384K cma-reserved)
[    0.000000][    T0] SLUB: HWalign=64, Order=0-3, MinObjects=0, CPUs=4, Nodes=1
[    0.000000][    T0] 
[    0.000000][    T0] **********************************************************
[    0.000000][    T0] **   NOTICE NOTICE NOTICE NOTICE NOTICE NOTICE NOTICE   **
[    0.000000][    T0] **                                                      **
[    0.000000][    T0] ** trace_printk() being used. Allocating extra memory.  **
[    0.000000][    T0] **                                                      **
[    0.000000][    T0] ** This means that this is a DEBUG kernel and it is     **
[    0.000000][    T0] ** unsafe for production use.                           **
[    0.000000][    T0] **                                                      **
[    0.000000][    T0] ** If you see this message and you are not debugging    **
[    0.000000][    T0] ** the kernel, report this immediately to your vendor!  **
[    0.000000][    T0] **                                                      **
[    0.000000][    T0] **   NOTICE NOTICE NOTICE NOTICE NOTICE NOTICE NOTICE   **
[    0.000000][    T0] **********************************************************
[    0.000000][    T0] rcu: Preemptible hierarchical RCU implementation.
[    0.000000][    T0] rcu: 	RCU event tracing is enabled.
[    0.000000][    T0] rcu: 	RCU dyntick-idle grace-period acceleration is enabled.
[    0.000000][    T0] rcu: 	RCU restricting CPUs from NR_CPUS=32 to nr_cpu_ids=4.
[    0.000000][    T0] rcu: 	RCU priority boosting: priority 1 delay 500 ms.
[    0.000000][    T0] 	Trampoline variant of Tasks RCU enabled.
[    0.000000][    T0] 	Tracing variant of Tasks RCU enabled.
[    0.000000][    T0] rcu: RCU calculated value of scheduler-enlistment delay is 25 jiffies.
[    0.000000][    T0] rcu: Adjusting geometry for rcu_fanout_leaf=16, nr_cpu_ids=4
[    0.000000][    T0] NR_IRQS: 64, nr_irqs: 64, preallocated irqs: 0
[    0.000000][    T0] GICv2m: range[mem 0x08020000-0x08020fff], SPI[80:143]
[    0.000000][    T0] rcu: 	Offload RCU callbacks from CPUs: (none).
[    0.000000][    T0] kfence: initialized - using 524288 bytes for 63 objects at 0x(____ptrval____)-0x(____ptrval____)
[    0.000000][    T0] arch_timer: cp15 timer(s) running at 62.50MHz (virt).
[    0.000000][    T0] clocksource: arch_sys_counter: mask: 0xffffffffffffff max_cycles: 0x1cd42e208c, max_idle_ns: 881590405314 ns
[    0.000050][    T0] sched_clock: 56 bits at 62MHz, resolution 16ns, wraps every 4398046511096ns
[    0.006997][    T0] Calibrating delay loop (skipped), value calculated using timer frequency.. 125.00 BogoMIPS (lpj=250000)
[    0.007120][    T0] pid_max: default: 32768 minimum: 301
[    0.007883][    T0] LSM: Security Framework initializing
[    0.008649][    T0] SELinux:  Initializing.
[    0.009197][    T0] Mount-cache hash table entries: 4096 (order: 3, 32768 bytes, linear)
[    0.009238][    T0] Mountpoint-cache hash table entries: 4096 (order: 3, 32768 bytes, linear)
[    0.016924][    T0] PARTITION_PROTECT[create_monitor_kobject]: create group success
[    0.036180][    T1] /cpus/cpu-map: empty cluster
[    0.042960][    T1] RSC fifokwoker: set kworker(kworker/0:0H/F) to fifo nice: 0xbeeefeed flags: 0x0.
[    0.044643][    T1] RSC fifokwoker: set kworker(kworker/0:0H/F) to fifo nice: 0xbeeffeed flags: 0x0.
[    0.050858][    T1] rcu: Hierarchical SRCU implementation.
[    0.054318][    T1] EFI services will not be available.
[    0.055231][    T1] smp: Bringing up secondary CPUs ...
[    0.061896][    T1] RSC fifokwoker: set kworker(kworker/1:0H/F) to fifo nice: 0xbeeefeed flags: 0x4.
[    0.062054][    T1] RSC fifokwoker: set kworker(kworker/1:0H/F) to fifo nice: 0xbeeffeed flags: 0x4.
[    0.064552][    T0] Detected PIPT I-cache on CPU1
[    0.065196][    T0] CPU1: Booted secondary processor 0x0000000001 [0x410fd083]
[    0.070497][    T1] RSC fifokwoker: set kworker(kworker/2:0H/F) to fifo nice: 0xbeeefeed flags: 0x4.
[    0.071130][    T1] RSC fifokwoker: set kworker(kworker/2:0H/F) to fifo nice: 0xbeeffeed flags: 0x4.
[    0.072317][    T0] Detected PIPT I-cache on CPU2
[    0.072525][    T0] CPU2: Booted secondary processor 0x0000000002 [0x410fd083]
[    0.073890][    T1] RSC fifokwoker: set kworker(kworker/3:0H/F) to fifo nice: 0xbeeefeed flags: 0x4.
[    0.074061][    T1] RSC fifokwoker: set kworker(kworker/3:0H/F) to fifo nice: 0xbeeffeed flags: 0x4.
[    0.075387][    T0] Detected PIPT I-cache on CPU3
[    0.075626][    T0] CPU3: Booted secondary processor 0x0000000003 [0x410fd083]
[    0.076280][    T1] smp: Brought up 1 node, 4 CPUs
[    0.076316][    T1] SMP: Total of 4 processors activated.
[    0.076423][    T1] CPU features: detected: 32-bit EL0 Support
[    0.076471][    T1] CPU features: detected: CRC32 instructions
[    0.076519][    T1] CPU features: detected: 32-bit EL1 Support
[    0.079994][    T1] CPU features: emulated: Privileged Access Never (PAN) using TTBR0_EL1 switching
[    0.224347][    T1] CPU: All CPU(s) started at EL1
[    0.225015][   T18] alternatives: patching kernel code
[    0.246392][    T1] Registered cp15_barrier emulation handler
[    0.246576][    T1] Registered setend emulation handler
[    0.246703][    T1] KASLR disabled on command line
[    0.247778][    T1] clocksource: jiffies: mask: 0xffffffff max_cycles: 0xffffffff, max_idle_ns: 7645041785100000 ns
[    0.248016][    T1] futex hash table entries: 1024 (order: 4, 65536 bytes, linear)
[    0.251969][    T1] pinctrl core: initialized pinctrl subsystem
[    0.265160][    T1] NET: Registered protocol family 16
[    0.271302][   T35] RSC fifokwoker: set kworker(kworker/2:1H/F) to fifo nice: 0xbeeffeed flags: 0x1.
[    0.271346][   T27] RSC fifokwoker: set kworker(kworker/1:1H/F) to fifo nice: 0xbeeffeed flags: 0x1.
[    0.272120][    T8] RSC fifokwoker: set kworker(kworker/0:1H/F) to fifo nice: 0xbeeffeed flags: 0x1.
[    0.272166][   T43] RSC fifokwoker: set kworker(kworker/3:1H/F) to fifo nice: 0xbeeffeed flags: 0x1.
[    0.281268][    T1] DMA: preallocated 256 KiB GFP_KERNEL pool for atomic allocations
[    0.282227][    T1] DMA: preallocated 256 KiB GFP_KERNEL|GFP_DMA32 pool for atomic allocations
[    0.282649][    T1] audit: initializing netlink subsys (disabled)
[    0.285083][   T49] audit: type=2000 audit(0.240:1): state=initialized audit_enabled=0 res=1
[    0.288868][    T1] thermal_sys: Registered thermal governor 'step_wise'
[    0.288926][    T1] thermal_sys: Registered thermal governor 'user_space'
[    0.288945][    T1] thermal_sys: Registered thermal governor 'power_allocator'
[    0.290597][    T1] cpuidle: using governor menu
[    0.291717][    T1] hw-breakpoint: found 6 breakpoint and 4 watchpoint registers.
[    0.292626][    T1] ASID allocator initialised with 65536 entries
[    0.293654][    T1] Serial: AMBA PL011 UART driver
[    0.311573][    T1] 9000000.pl011: ttyAMA0 at MMIO 0x9000000 (irq = 47, base_baud = 0) is a PL011 rev1
[    0.329735][    T1] printk: console [ttyAMA0] enabled
[    0.381948][    T1] iommu: Default domain type: Translated 
[    0.384032][    T1] SCSI subsystem initialized
[    0.384770][    T1] usbcore: registered new interface driver usbfs
[    0.385084][    T1] usbcore: registered new interface driver hub
[    0.385337][    T1] usbcore: registered new device driver usb
[    0.385906][    T1] mc: Linux media interface: v0.10
[    0.386087][    T1] videodev: Linux video capture interface: v2.00
[    0.386750][    T1] EDAC MC: Ver: 3.0.0
[    0.391816][    T1] Advanced Linux Sound Architecture Driver Initialized.
[    0.397880][    T1] Bluetooth: Core ver 2.22
[    0.398162][    T1] NET: Registered protocol family 31
[    0.398277][    T1] Bluetooth: HCI device and connection manager initialized
[    0.398579][    T1] Bluetooth: HCI socket layer initialized
[    0.398747][    T1] Bluetooth: L2CAP socket layer initialized
[    0.398985][    T1] Bluetooth: SCO socket layer initialized
[    0.400330][    T1] nfc: nfc_init: NFC Core ver 0.1
[    0.400625][    T1] NET: Registered protocol family 39
[    0.403557][    T1] clocksource: Switched to clocksource arch_sys_counter
[    0.466745][    T1] VFS: Disk quotas dquot_6.6.0
[    0.467123][    T1] VFS: Dquot-cache hash table entries: 512 (order 0, 4096 bytes)
[    0.470418][    T1] NET: Registered protocol family 2
[    0.471711][    T1] IP idents hash table entries: 32768 (order: 6, 262144 bytes, linear)
[    0.477864][    T1] tcp_listen_portaddr_hash hash table entries: 1024 (order: 2, 16384 bytes, linear)
[    0.478496][    T1] TCP established hash table entries: 16384 (order: 5, 131072 bytes, linear)
[    0.478939][    T1] TCP bind hash table entries: 16384 (order: 6, 262144 bytes, linear)
[    0.479459][    T1] TCP: Hash tables configured (established 16384 bind 16384)
[    0.481002][    T1] UDP hash table entries: 1024 (order: 3, 32768 bytes, linear)
[    0.481437][    T1] UDP-Lite hash table entries: 1024 (order: 3, 32768 bytes, linear)
[    0.482640][    T1] NET: Registered protocol family 1
[    0.483085][    T1] NET: Registered protocol family 44
[    0.483427][    T1] PCI: CLS 0 bytes, default 64
[    0.489732][    T1] Trying to unpack rootfs image as initramfs...
[    0.495593][    T1] Freeing initrd memory: 4K
[    0.502386][    T1] hw perfevents: enabled with armv8_pmuv3 PMU driver, 7 counters available
[    0.503300][    T1] kvm [1]: HYP mode not available
[    0.516114][    T1] Initialise system trusted keyrings
[    0.518007][    T1] workingset: timestamp_bits=46 max_order=19 bucket_order=0
[    0.526519][  T128] VMET:<kthppoold, 594>: kthppoold ...... running
[    0.531589][    T1] fuse: init (API version 7.32)
[    0.556412][    T1] Key type asymmetric registered
[    0.556752][    T1] Asymmetric key parser 'x509' registered
[    0.557110][    T1] Block layer SCSI generic (bsg) driver version 0.4 loaded (major 241)
[    0.557678][    T1] io scheduler mq-deadline registered
[    0.558021][    T1] io scheduler kyber registered
[    0.558496][    T1] io scheduler bfq registered
[    0.558623][    T1] FCACHE: filecache_init: total=2054889472
[    0.564286][    T1] pl061_gpio 9030000.pl061: PL061 GPIO chip registered
[    0.565406][    T1] pci-host-generic 4010000000.pcie: host bridge /pcie@10000000 ranges:
[    0.566048][    T1] pci-host-generic 4010000000.pcie:       IO 0x003eff0000..0x003effffff -> 0x0000000000
[    0.567362][    T1] pci-host-generic 4010000000.pcie:      MEM 0x0010000000..0x003efeffff -> 0x0010000000
[    0.567600][    T1] pci-host-generic 4010000000.pcie:      MEM 0x8000000000..0xffffffffff -> 0x8000000000
[    0.568672][    T1] pci-host-generic 4010000000.pcie: ECAM at [mem 0x4010000000-0x401fffffff] for [bus 00-ff]
[    0.569474][    T1] pci-host-generic 4010000000.pcie: PCI host bridge to bus 0000:00
[    0.569740][    T1] pci_bus 0000:00: root bus resource [bus 00-ff]
[    0.569939][    T1] pci_bus 0000:00: root bus resource [io  0x0000-0xffff]
[    0.570064][    T1] pci_bus 0000:00: root bus resource [mem 0x10000000-0x3efeffff]
[    0.570197][    T1] pci_bus 0000:00: root bus resource [mem 0x8000000000-0xffffffffff]
[    0.571429][    T1] pci 0000:00:00.0: [1b36:0008] type 00 class 0x060000
[    0.574302][    T1] pci 0000:00:01.0: [1af4:1000] type 00 class 0x020000
[    0.574640][    T1] pci 0000:00:01.0: reg 0x10: [io  0x0000-0x001f]
[    0.574816][    T1] pci 0000:00:01.0: reg 0x14: [mem 0x00000000-0x00000fff]
[    0.575075][    T1] pci 0000:00:01.0: reg 0x20: [mem 0x00000000-0x00003fff 64bit pref]
[    0.575227][    T1] pci 0000:00:01.0: reg 0x30: [mem 0x00000000-0x0003ffff pref]
[    0.577966][    T1] pci 0000:00:01.0: BAR 6: assigned [mem 0x10000000-0x1003ffff pref]
[    0.578837][    T1] pci 0000:00:01.0: BAR 4: assigned [mem 0x8000000000-0x8000003fff 64bit pref]
[    0.579200][    T1] pci 0000:00:01.0: BAR 1: assigned [mem 0x10040000-0x10040fff]
[    0.579398][    T1] pci 0000:00:01.0: BAR 0: assigned [io  0x1000-0x101f]
[    0.584665][   T19] cacheinfo: Unable to detect cache hierarchy for CPU 0
[    0.603050][    T1] brd: module loaded
[    0.619291][    T1] loop: module loaded
[    0.619531][    T1] mobile_data_tcp_module_init 2023_0620
[    0.619753][    T1] #### cellular_static_conunt_init in version V0.1
[    0.624517][    T1] wireguard: WireGuard 1.0.0 loaded. See www.wireguard.com for information.
[    0.624755][    T1] wireguard: Copyright (C) 2015-2019 Jason A. Donenfeld <Jason@zx2c4.com>. All Rights Reserved.
[    0.628029][    T1] tun: Universal TUN/TAP device driver, 1.6
[    0.628520][    T1] CAN device driver interface
[    0.628655][    T1] PPP generic driver version 2.4.2
[    0.629087][    T1] PPP BSD Compression module registered
[    0.629257][    T1] PPP Deflate Compression module registered
[    0.629443][    T1] PPP MPPE Compression module registered
[    0.629584][    T1] NET: Registered protocol family 24
[    0.629687][    T1] PPTP driver version 0.8.5
[    0.630265][    T1] usbcore: registered new interface driver rtl8150
[    0.630433][    T1] usbcore: registered new interface driver r8152
[    0.630615][    T1] usbcore: registered new interface driver cdc_ether
[    0.630753][    T1] usbcore: registered new interface driver cdc_eem
[    0.630902][    T1] usbcore: registered new interface driver cdc_ncm
[    0.631044][    T1] usbcore: registered new interface driver aqc111
[    0.631556][    T1] ehci_hcd: USB 2.0 'Enhanced' Host Controller (EHCI) Driver
[    0.631724][    T1] ehci-pci: EHCI PCI platform driver
[    0.631881][    T1] ehci-platform: EHCI generic platform driver
[    0.632608][    T1] usbcore: registered new interface driver cdc_acm
[    0.632741][    T1] cdc_acm: USB Abstract Control Model driver for USB modems and ISDN adapters
[    0.633701][    T1] usbcore: registered new interface driver uas
[    0.633933][    T1] usbcore: registered new interface driver usb-storage
[    0.635879][    T1] dummy_hcd dummy_hcd.0: USB Host+Gadget Emulator, driver 02 May 2005
[    0.636518][    T1] dummy_hcd dummy_hcd.0: Dummy host controller
[    0.636878][    T1] dummy_hcd dummy_hcd.0: new USB bus registered, assigned bus number 1
[    0.640809][    T1] usb usb1: New USB device found, idVendor=1d6b, idProduct=0002, bcdDevice= 5.10
[    0.640998][    T1] usb usb1: New USB device strings: Mfr=3, Product=2, SerialNumber=1
[    0.641151][    T1] usb usb1: Product: Dummy host controller
[    0.641263][    T1] usb usb1: Manufacturer: Linux 5.10.246-android12-9-g9c94fefc2317-dirty dummy_hcd
[    0.641449][    T1] usb usb1: SerialNumber: dummy_hcd.0
[    0.643765][    T1] hub 1-0:1.0: USB hub found
[    0.644657][    T1] hub 1-0:1.0: 1 port detected
[    0.653413][    T1] usbcore: registered new interface driver xpad
[    0.656887][    T1] rtc-pl031 9010000.pl031: registered as rtc0
[    0.657753][    T1] rtc-pl031 9010000.pl031: setting system clock to 2026-08-23T15:21:58 UTC (1787498518)
[    0.658484][    T1] i2c /dev entries driver
[    0.658910][    T1] usbcore: registered new interface driver uvcvideo
[    0.659053][    T1] USB Video Class driver (1.1.1)
[    0.659212][    T1] gspca_main: v2.14.0 registered
[    0.659721][    T1] device-mapper: uevent: version 1.0.3
[    0.660536][    T1] device-mapper: ioctl: 4.44.0-ioctl (2021-02-01) initialised: dm-devel@redhat.com
[    0.662099][    T1] Bluetooth: HCI UART driver ver 2.3
[    0.662266][    T1] Bluetooth: HCI UART protocol H4 registered
[    0.662425][    T1] Bluetooth: HCI UART protocol LL registered
[    0.662653][    T1] Bluetooth: HCI UART protocol Broadcom registered
[    0.662795][    T1] Bluetooth: HCI UART protocol QCA registered
[    0.664063][    T1] sdhci: Secure Digital Host Controller Interface driver
[    0.664246][    T1] sdhci: Copyright(c) Pierre Ossman
[    0.664537][    T1] sdhci-pltfm: SDHCI platform and OF driver helper
[    0.665026][    T1] hid: raw HID events driver (C) Jiri Kosina
[    0.667056][    T1] usbcore: registered new interface driver usbhid
[    0.667180][    T1] usbhid: USB HID core driver
[    0.667813][    T1] ashmem: initialized
[    0.669055][    T1] gnss: GNSS driver registered with major 234
[    0.669587][    T1] #### sla_static_collector_init in version V0.97
[    0.670229][    T1] vne(vne_network_qoe_init): complete
[    0.670456][    T1] vne(vne_network_syn_init): complete
[    0.670603][    T1] vne(vivo_net_evolve_init): successed!
[    0.670761][    T1] [netb] netbooster_init: init netbooster ver 1.0
[    0.671314][    T1] sch_uprio: [prio_module_init]
[    0.671418][    T1] sch_cfg: callback(1) registered successfully
[    0.672584][    T1] system_exception initialized
[    0.673616][    T1] usbcore: registered new interface driver snd-usb-audio
[    0.675262][    T1] GACT probability NOT on
[    0.675574][    T1] Mirror/redirect action on
[    0.676093][    T1] netem: version 1.3
[    0.676388][    T1] u32 classifier
[    0.676547][    T1]     input device check on
[    0.676632][    T1]     Actions configured
[    0.682998][    T1] xt_time: kernel timezone is -0000
[    0.683396][    T1] ipip: IPv4 and MPLS over IPv4 tunneling driver
[    0.685335][    T1] gre: GRE over IPv4 demultiplexor driver
[    0.685494][    T1] ip_gre: GRE over IPv4 tunneling driver
[    0.687838][    T1] IPv4 over IPsec tunneling driver
[    0.693610][    T1] Initializing XFRM netlink socket
[    0.693969][    T1] IPsec XFRM device driver
[    0.695076][    T1] NET: Registered protocol family 10
[    0.703046][    T1] Segment Routing with IPv6
[    0.703831][    T1] mip6: Mobile IPv6
[    0.707732][    T1] sit: IPv6, IPv4 and MPLS over IPv4 tunneling driver
[    0.710453][    T1] ip6_gre: GRE over IPv6 tunneling driver
[    0.711885][    T1] NET: Registered protocol family 17
[    0.712360][    T1] NET: Registered protocol family 15
[    0.712896][    T1] can: controller area network core
[    0.713416][    T1] NET: Registered protocol family 29
[    0.713628][    T1] can: raw protocol
[    0.713884][    T1] can: broadcast manager protocol
[    0.714122][    T1] can: netlink gateway - max_hops=1
[    0.715536][    T1] Bluetooth: RFCOMM TTY layer initialized
[    0.716163][    T1] Bluetooth: RFCOMM socket layer initialized
[    0.716474][    T1] Bluetooth: RFCOMM ver 1.11
[    0.716594][    T1] Bluetooth: HIDP (Human Interface Emulation) ver 1.2
[    0.716775][    T1] Bluetooth: HIDP socket layer initialized
[    0.717028][    T1] l2tp_core: L2TP core driver, V2.0
[    0.717252][    T1] l2tp_ppp: PPPoL2TP kernel driver, V2.0
[    0.717372][    T1] tipc: Activated (version 2.0.0)
[    0.718719][    T1] NET: Registered protocol family 30
[    0.720818][    T1] tipc: Started in single node mode
[    0.738789][    T1] NET: Registered protocol family 36
[    0.739709][    T1] NET: Registered protocol family 40
[    0.741008][    T1] registered taskstats version 1
[    0.741242][    T1] sizeof(struct vivo_tsk_struct) 352 task_struct 480
[    0.741252][    T1] ^RSC @rsc_main_data_init: done!
[    0.746742][    T1] rsc_sys_api: rsc_kallsyms_lookup_name lookup for symbol kernfs_setattr
[    0.749570][    T1] rsc_sys_api: rsc_kallsyms_lookup_name lookup for symbol filp_open
[    0.752203][    T1] rsc_sys_api: rsc_kallsyms_lookup_name lookup for symbol kernel_write
[    0.755331][    T1] ^RSC @rsc_main_pdrv_probe: rsc probe done!
[    0.757933][    T1] ^RSC init_cpu_core_masks cluster num: 0 topeff: 1024 maxeff: 1024 mineff: 1024 rsc_cpu_bigcore: 0-3 littlecore: 0-3 lastcore: 3 bigcorenum: 4 midcore: 0-3 maxcore: 
[    0.759162][    T1] rsc_vaudit: rsc_vaudit_init start
[    0.759287][  T149] wait for cpufreq driver register
[    0.760131][    T1] rsc_vaudit: rsc_vaudit_init cpu 0 func ffffffc009a21550(wake_up_fifo_out_work_func.cfi_jt+0x0/0x8) flag 4
[    0.761399][    T1] rsc_vaudit: rsc_vaudit_init cpu 0 func ffffffc009a21550(wake_up_fifo_out_work_func.cfi_jt+0x0/0x8) flag 0
[    0.761883][    T1] rsc_vaudit: rsc_vaudit_init cpu 1 func ffffffc009a21550(wake_up_fifo_out_work_func.cfi_jt+0x0/0x8) flag 4
[    0.762162][    T1] rsc_vaudit: rsc_vaudit_init cpu 1 func ffffffc009a21550(wake_up_fifo_out_work_func.cfi_jt+0x0/0x8) flag 0
[    0.762377][    T1] rsc_vaudit: rsc_vaudit_init cpu 2 func ffffffc009a21550(wake_up_fifo_out_work_func.cfi_jt+0x0/0x8) flag 4
[    0.762578][    T1] rsc_vaudit: rsc_vaudit_init cpu 2 func ffffffc009a21550(wake_up_fifo_out_work_func.cfi_jt+0x0/0x8) flag 0
[    0.762787][    T1] rsc_vaudit: rsc_vaudit_init cpu 3 func ffffffc009a21550(wake_up_fifo_out_work_func.cfi_jt+0x0/0x8) flag 4
[    0.763075][    T1] rsc_vaudit: rsc_vaudit_init cpu 3 func ffffffc009a21550(wake_up_fifo_out_work_func.cfi_jt+0x0/0x8) flag 0
[    0.763308][    T1] rsc_vaudit: rsc_vaudit_init cpu 4 func ffffffc009a21550(wake_up_fifo_out_work_func.cfi_jt+0x0/0x8) flag 4
[    0.763536][    T1] rsc_vaudit: rsc_vaudit_init cpu 4 func ffffffc009a21550(wake_up_fifo_out_work_func.cfi_jt+0x0/0x8) flag 0
[    0.763755][    T1] rsc_vaudit: rsc_vaudit_init cpu 5 func ffffffc009a21550(wake_up_fifo_out_work_func.cfi_jt+0x0/0x8) flag 0
[    0.764041][    T1] rsc_vaudit: rsc_vaudit_init cpu 5 func ffffffc009a21550(wake_up_fifo_out_work_func.cfi_jt+0x0/0x8) flag 0
[    0.764277][    T1] rsc_vaudit: rsc_vaudit_init cpu 6 func ffffffc009a21550(wake_up_fifo_out_work_func.cfi_jt+0x0/0x8) flag 0
[    0.764479][    T1] rsc_vaudit: rsc_vaudit_init cpu 6 func ffffffc009a21550(wake_up_fifo_out_work_func.cfi_jt+0x0/0x8) flag 0
[    0.764680][    T1] rsc_vaudit: rsc_vaudit_init cpu 7 func ffffffc009a21550(wake_up_fifo_out_work_func.cfi_jt+0x0/0x8) flag 0
[    0.764882][    T1] rsc_vaudit: rsc_vaudit_init cpu 7 func ffffffc009a21550(wake_up_fifo_out_work_func.cfi_jt+0x0/0x8) flag 0
[    0.765883][    T1] rsc_sys_api: rsc_kallsyms_lookup_name lookup for symbol get_wchan
[    0.765966][    T1] rsc_vaudit: rsc_vaudit_init rsc_kallsyms_lookup_name succcess
[    0.766944][    T1] rsc_vaudit: register_vaudit_vendor_hooks ok
[    0.767079][    T1] rsc_vaudit: ^RSC vaudit rsc_vaudit_init: inited! vaudit_fifo size: 4096 lastsize: 128
[    0.767737][    T1] Scheduler tracepoints stat_sleep, stat_iowait, stat_blocked and stat_runtime require the kernel parameter schedstats=enable or kernel.sched_schedstats=1
[    0.769637][    T1] rsc_binder_event: rsc_binder_event_notif_init finish!
[    0.770522][    T1] rsc_sys_api: rsc_kallsyms_lookup_name lookup for symbol binder_add_freeze_work
[    0.778726][    T1] rsc_sys_api: rsc_kallsyms_lookup_name lookup for symbol binder_free_proc
[    0.789313][    T1] rsc_sys_api: rsc_kallsyms_lookup_name lookup for symbol binder_wakeup_poll_threads_ilocked
[    0.799590][    T1] rsc_binder_frozen_callback: rsc_binder_frozen_callback_init finish!
[    0.800771][    T1] rsc_tsk_policy: module init ok!
[    0.803840][    T1] ^RSC rsc driver init done!
[    0.804413][    T1] Loading compiled-in X.509 certificates
[    0.805124][    T1] page_owner is disabled
[    0.805745][    T1] Key type .fscrypt registered
[    0.805861][    T1] Key type fscrypt-provisioning registered
[    0.809554][    T1] 
[    0.809631][    T1] ********************************************************************
[    0.809786][    T1] **     NOTICE NOTICE NOTICE NOTICE NOTICE NOTICE NOTICE           **
[    0.809947][    T1] **                                                                **
[    0.810089][    T1] **  WRITEABLE clk DebugFS SUPPORT HAS BEEN ENABLED IN THIS KERNEL **
[    0.810235][    T1] **                                                                **
[    0.810402][    T1] ** This means that this kernel is built to expose clk operations  **
[    0.810545][    T1] ** such as parent or rate setting, enabling, disabling, etc.      **
[    0.810691][    T1] ** to userspace, which may compromise security on your system.    **
[    0.810843][    T1] **                                                                **
[    0.811010][    T1] ** If you see this message and you are not debugging the          **
[    0.811196][    T1] ** kernel, report this immediately to your vendor!                **
[    0.811329][    T1] **                                                                **
[    0.811483][    T1] **     NOTICE NOTICE NOTICE NOTICE NOTICE NOTICE NOTICE           **
[    0.811635][    T1] ********************************************************************
[    0.818136][    T1] input: gpio-keys as /devices/platform/gpio-keys/input/input0
[    0.822676][    T1] clk: Disabling unused clocks
[    0.823946][    T1] ALSA device list:
[    0.824146][    T1]   No soundcards found.
[    0.828110][    T1] uart-pl011 9000000.pl011: no DMA platform data
[    0.865486][    T1] Freeing unused kernel memory: 3200K
[    0.866838][    T1] Run /init as init process

=== QEMU-E2E3: userspace reached ===
mount /proc ret=0x0000000000000000
BOOTID_BEFORE=888f72ee-6e1f-47ea-a7c9-a118ac22a8a7

REQUEUE DONE r=0xffffffffffffffdd
WAITER RETURNED r=0xffffffffffffff92
OPEN_SELECTED n=0x000000000000009b hi=0x0000000000000161
FD_VERIFY_DONE
CONSUMER CALLS=0x0000000000000064 ok=0x0000000000000064
PSELECT ret=0x0000000000000000
BOOTID_AFTER =888f72ee-6e1f-47ea-a7c9-a118ac22a8a7

=== QEMU-E2E3: finished ===
