[    0.000000][    T0] Booting Linux on physical CPU 0x0000000000 [0x410fd083]
[    0.000000][    T0] Linux version 5.10.246-android12-9-g9c94fefc2317-dirty (build-user@build-host) (Android (7284624, based on r416183b) clang version 12.0.5 (https://android.googlesource.com/toolchain/llvm-project c935d99d7cf2016289302412d708641d52d2f7ee), LLD 12.0.5 (/buildbot/src/android/llvm-toolchain/out/llvm-project/lld c935d99d7cf2016289302412d708641d52d2f7ee)) #1 SMP PREEMPT Wed Jul 15 06:16:32 UTC 2026
[    0.000000][    T0] start_kernel from soc kernel
[    0.000000][    T0] random: crng init done
[    0.000000][    T0] Machine model: linux,dummy-virt
[    0.000000][    T0] Stack Depot is disabled
[    0.000000][    T0] KVM is not available. Ignoring kvm-arm.mode
[    0.000000][    T0] efi: UEFI not found.
[    0.000000][    T0] Zone ranges:
[    0.000000][    T0]   DMA32    [mem 0x0000000040000000-0x000000007fffffff]
[    0.000000][    T0]   Normal   empty
[    0.000000][    T0] Movable zone start for each node
[    0.000000][    T0] Early memory node ranges
[    0.000000][    T0]   node   0: [mem 0x0000000040000000-0x000000007fffffff]
[    0.000000][    T0] Initmem setup node 0 [mem 0x0000000040000000-0x000000007fffffff]
[    0.000000][    T0] cma: Reserved 16 MiB at 0x000000007dc00000
[    0.000000][    T0] psci: probing for conduit method from DT.
[    0.000000][    T0] psci: PSCIv1.1 detected in firmware.
[    0.000000][    T0] psci: Using standard PSCI v0.2 function IDs
[    0.000000][    T0] psci: Trusted OS migration not required
[    0.000000][    T0] psci: SMC Calling Convention v1.0
[    0.000000][    T0] percpu: Embedded 35 pages/cpu s103064 r8192 d32104 u143360
[    0.000000][    T0] Detected PIPT I-cache on CPU0
[    0.000000][    T0] CPU features: SYS_ID_AA64MMFR1_EL1[11:8]: already set to 0
[    0.000000][    T0] CPU features: detected: Spectre-v3a
[    0.000000][    T0] CPU features: detected: Spectre-v2
[    0.000000][    T0] CPU features: detected: Spectre-v4
[    0.000000][    T0] CPU features: detected: ARM errata 1165522, 1319367, or 1530923
[    0.000000][    T0] CPU features: detected: Spectre-BHB
[    0.000000][    T0] CPU features: detected: ARM erratum 1742098
[    0.000000][    T0] Built 1 zonelists, mobility grouping on.  Total pages: 258048
[    0.000000][    T0] Kernel command line: stack_depot_disable=on kasan.stacktrace=off kvm-arm.mode=protected cgroup_disable=pressure cgroup.memory=nokmem console=ttyAMA0 nokaslr rdinit=/init panic=-1
[    0.000000][    T0] cgroup: Disabling pressure control group feature
[    0.000000][    T0] Dentry cache hash table entries: 131072 (order: 8, 1048576 bytes, linear)
[    0.000000][    T0] Inode-cache hash table entries: 65536 (order: 7, 524288 bytes, linear)
[    0.000000][    T0] mem auto-init: stack:all(zero), heap alloc:on, heap free:off
[    0.000000][    T0] Memory: 962020K/1048576K available (28864K kernel code, 2406K rwdata, 11680K rodata, 3200K init, 1957K bss, 70172K reserved, 16384K cma-reserved)
[    0.000000][    T0] SLUB: HWalign=64, Order=0-3, MinObjects=0, CPUs=2, Nodes=1
[    0.000000][    T0] 
[    0.000000][    T0] **********************************************************
[    0.000000][    T0] **   NOTICE NOTICE NOTICE NOTICE NOTICE NOTICE NOTICE   **
[    0.000000][    T0] **                                                      **
[    0.000000][    T0] ** trace_printk() being used. Allocating extra memory.  **
[    0.000000][    T0] **                                                      **
[    0.000000][    T0] ** This means that this is a DEBUG kernel and it is     **
[    0.000000][    T0] ** unsafe for production use.                           **
[    0.000000][    T0] **                                                      **
[    0.000000][    T0] ** If you see this message and you are not debugging    **
[    0.000000][    T0] ** the kernel, report this immediately to your vendor!  **
[    0.000000][    T0] **                                                      **
[    0.000000][    T0] **   NOTICE NOTICE NOTICE NOTICE NOTICE NOTICE NOTICE   **
[    0.000000][    T0] **********************************************************
[    0.000000][    T0] rcu: Preemptible hierarchical RCU implementation.
[    0.000000][    T0] rcu: 	RCU event tracing is enabled.
[    0.000000][    T0] rcu: 	RCU dyntick-idle grace-period acceleration is enabled.
[    0.000000][    T0] rcu: 	RCU restricting CPUs from NR_CPUS=32 to nr_cpu_ids=2.
[    0.000000][    T0] rcu: 	RCU priority boosting: priority 1 delay 500 ms.
[    0.000000][    T0] 	Trampoline variant of Tasks RCU enabled.
[    0.000000][    T0] 	Tracing variant of Tasks RCU enabled.
[    0.000000][    T0] rcu: RCU calculated value of scheduler-enlistment delay is 25 jiffies.
[    0.000000][    T0] rcu: Adjusting geometry for rcu_fanout_leaf=16, nr_cpu_ids=2
[    0.000000][    T0] NR_IRQS: 64, nr_irqs: 64, preallocated irqs: 0
[    0.000000][    T0] GICv2m: range[mem 0x08020000-0x08020fff], SPI[80:143]
[    0.000000][    T0] rcu: 	Offload RCU callbacks from CPUs: (none).
[    0.000000][    T0] kfence: initialized - using 524288 bytes for 63 objects at 0x(____ptrval____)-0x(____ptrval____)
[    0.000000][    T0] arch_timer: cp15 timer(s) running at 62.50MHz (virt).
[    0.000000][    T0] clocksource: arch_sys_counter: mask: 0xffffffffffffff max_cycles: 0x1cd42e208c, max_idle_ns: 881590405314 ns
[    0.000049][    T0] sched_clock: 56 bits at 62MHz, resolution 16ns, wraps every 4398046511096ns
[    0.003299][    T0] Calibrating delay loop (skipped), value calculated using timer frequency.. 125.00 BogoMIPS (lpj=250000)
[    0.003408][    T0] pid_max: default: 32768 minimum: 301
[    0.006433][    T0] LSM: Security Framework initializing
[    0.007121][    T0] SELinux:  Initializing.
[    0.007604][    T0] Mount-cache hash table entries: 2048 (order: 2, 16384 bytes, linear)
[    0.007631][    T0] Mountpoint-cache hash table entries: 2048 (order: 2, 16384 bytes, linear)
[    0.014230][    T0] PARTITION_PROTECT[create_monitor_kobject]: create group success
[    0.031414][    T1] /cpus/cpu-map: empty cluster
[    0.038364][    T1] RSC fifokwoker: set kworker(kworker/0:0H/F) to fifo nice: 0xbeeefeed flags: 0x0.
[    0.040484][    T1] RSC fifokwoker: set kworker(kworker/0:0H/F) to fifo nice: 0xbeeffeed flags: 0x0.
[    0.046755][    T1] rcu: Hierarchical SRCU implementation.
[    0.049789][    T1] EFI services will not be available.
[    0.050777][    T1] smp: Bringing up secondary CPUs ...
[    0.053772][    T1] RSC fifokwoker: set kworker(kworker/1:0H/F) to fifo nice: 0xbeeefeed flags: 0x4.
[    0.054326][    T1] RSC fifokwoker: set kworker(kworker/1:0H/F) to fifo nice: 0xbeeffeed flags: 0x4.
[    0.057710][    T0] Detected PIPT I-cache on CPU1
[    0.058398][    T0] CPU1: Booted secondary processor 0x0000000001 [0x410fd083]
[    0.061735][    T1] smp: Brought up 1 node, 2 CPUs
[    0.061766][    T1] SMP: Total of 2 processors activated.
[    0.061866][    T1] CPU features: detected: 32-bit EL0 Support
[    0.061912][    T1] CPU features: detected: CRC32 instructions
[    0.061965][    T1] CPU features: detected: 32-bit EL1 Support
[    0.064114][    T1] CPU features: emulated: Privileged Access Never (PAN) using TTBR0_EL1 switching
[    0.140629][    T1] CPU: All CPU(s) started at EL1
[    0.141141][   T18] alternatives: patching kernel code
[    0.161692][    T1] Registered cp15_barrier emulation handler
[    0.161941][    T1] Registered setend emulation handler
[    0.162061][    T1] KASLR disabled on command line
[    0.162912][    T1] clocksource: jiffies: mask: 0xffffffff max_cycles: 0xffffffff, max_idle_ns: 7645041785100000 ns
[    0.163048][    T1] futex hash table entries: 512 (order: 3, 32768 bytes, linear)
[    0.166625][    T1] pinctrl core: initialized pinctrl subsystem
[    0.177470][    T1] NET: Registered protocol family 16
[    0.183055][    T8] RSC fifokwoker: set kworker(kworker/0:1H/F) to fifo nice: 0xbeeffeed flags: 0x1.
[    0.183787][   T27] RSC fifokwoker: set kworker(kworker/1:1H/F) to fifo nice: 0xbeeffeed flags: 0x1.
[    0.190532][    T1] DMA: preallocated 128 KiB GFP_KERNEL pool for atomic allocations
[    0.190898][    T1] DMA: preallocated 128 KiB GFP_KERNEL|GFP_DMA32 pool for atomic allocations
[    0.191138][    T1] audit: initializing netlink subsys (disabled)
[    0.193769][   T31] audit: type=2000 audit(0.160:1): state=initialized audit_enabled=0 res=1
[    0.197204][    T1] thermal_sys: Registered thermal governor 'step_wise'
[    0.197253][    T1] thermal_sys: Registered thermal governor 'user_space'
[    0.197267][    T1] thermal_sys: Registered thermal governor 'power_allocator'
[    0.198569][    T1] cpuidle: using governor menu
[    0.199600][    T1] hw-breakpoint: found 6 breakpoint and 4 watchpoint registers.
[    0.200137][    T1] ASID allocator initialised with 65536 entries
[    0.201077][    T1] Serial: AMBA PL011 UART driver
[    0.215623][    T1] 9000000.pl011: ttyAMA0 at MMIO 0x9000000 (irq = 47, base_baud = 0) is a PL011 rev1
[    0.240397][    T1] printk: console [ttyAMA0] enabled
[    0.283786][    T1] iommu: Default domain type: Translated 
[    0.285995][    T1] SCSI subsystem initialized
[    0.286694][    T1] usbcore: registered new interface driver usbfs
[    0.287014][    T1] usbcore: registered new interface driver hub
[    0.287264][    T1] usbcore: registered new device driver usb
[    0.287817][    T1] mc: Linux media interface: v0.10
[    0.288013][    T1] videodev: Linux video capture interface: v2.00
[    0.288673][    T1] EDAC MC: Ver: 3.0.0
[    0.291936][    T1] Advanced Linux Sound Architecture Driver Initialized.
[    0.297625][    T1] Bluetooth: Core ver 2.22
[    0.297831][    T1] NET: Registered protocol family 31
[    0.297967][    T1] Bluetooth: HCI device and connection manager initialized
[    0.298903][    T1] Bluetooth: HCI socket layer initialized
[    0.299097][    T1] Bluetooth: L2CAP socket layer initialized
[    0.299368][    T1] Bluetooth: SCO socket layer initialized
[    0.300570][    T1] nfc: nfc_init: NFC Core ver 0.1
[    0.300863][    T1] NET: Registered protocol family 39
[    0.302926][    T1] clocksource: Switched to clocksource arch_sys_counter
[    0.361781][    T1] VFS: Disk quotas dquot_6.6.0
[    0.362237][    T1] VFS: Dquot-cache hash table entries: 512 (order 0, 4096 bytes)
[    0.364788][    T1] NET: Registered protocol family 2
[    0.365930][    T1] IP idents hash table entries: 16384 (order: 5, 131072 bytes, linear)
[    0.372146][    T1] tcp_listen_portaddr_hash hash table entries: 512 (order: 1, 8192 bytes, linear)
[    0.372801][    T1] TCP established hash table entries: 8192 (order: 4, 65536 bytes, linear)
[    0.373203][    T1] TCP bind hash table entries: 8192 (order: 5, 131072 bytes, linear)
[    0.373623][    T1] TCP: Hash tables configured (established 8192 bind 8192)
[    0.374779][    T1] UDP hash table entries: 512 (order: 2, 16384 bytes, linear)
[    0.375140][    T1] UDP-Lite hash table entries: 512 (order: 2, 16384 bytes, linear)
[    0.376362][    T1] NET: Registered protocol family 1
[    0.376772][    T1] NET: Registered protocol family 44
[    0.377130][    T1] PCI: CLS 0 bytes, default 64
[    0.382938][    T1] Trying to unpack rootfs image as initramfs...
[    0.388683][    T1] Freeing initrd memory: 4K
[    0.396606][    T1] hw perfevents: enabled with armv8_pmuv3 PMU driver, 7 counters available
[    0.397421][    T1] kvm [1]: HYP mode not available
[    0.410152][    T1] Initialise system trusted keyrings
[    0.412559][    T1] workingset: timestamp_bits=46 max_order=18 bucket_order=0
[    0.419829][  T109] VMET:<kthppoold, 594>: kthppoold ...... running
[    0.424138][    T1] fuse: init (API version 7.32)
[    0.447036][    T1] Key type asymmetric registered
[    0.447326][    T1] Asymmetric key parser 'x509' registered
[    0.447701][    T1] Block layer SCSI generic (bsg) driver version 0.4 loaded (major 241)
[    0.448253][    T1] io scheduler mq-deadline registered
[    0.448517][    T1] io scheduler kyber registered
[    0.448973][    T1] io scheduler bfq registered
[    0.449138][    T1] FCACHE: filecache_init: total=1001889792
[    0.453996][    T1] pl061_gpio 9030000.pl061: PL061 GPIO chip registered
[    0.455232][    T1] pci-host-generic 4010000000.pcie: host bridge /pcie@10000000 ranges:
[    0.455883][    T1] pci-host-generic 4010000000.pcie:       IO 0x003eff0000..0x003effffff -> 0x0000000000
[    0.456411][    T1] pci-host-generic 4010000000.pcie:      MEM 0x0010000000..0x003efeffff -> 0x0010000000
[    0.456654][    T1] pci-host-generic 4010000000.pcie:      MEM 0x8000000000..0xffffffffff -> 0x8000000000
[    0.457550][    T1] pci-host-generic 4010000000.pcie: ECAM at [mem 0x4010000000-0x401fffffff] for [bus 00-ff]
[    0.458337][    T1] pci-host-generic 4010000000.pcie: PCI host bridge to bus 0000:00
[    0.458642][    T1] pci_bus 0000:00: root bus resource [bus 00-ff]
[    0.458836][    T1] pci_bus 0000:00: root bus resource [io  0x0000-0xffff]
[    0.459003][    T1] pci_bus 0000:00: root bus resource [mem 0x10000000-0x3efeffff]
[    0.459373][    T1] pci_bus 0000:00: root bus resource [mem 0x8000000000-0xffffffffff]
[    0.460920][    T1] pci 0000:00:00.0: [1b36:0008] type 00 class 0x060000
[    0.464324][    T1] pci 0000:00:01.0: [1af4:1000] type 00 class 0x020000
[    0.464688][    T1] pci 0000:00:01.0: reg 0x10: [io  0x0000-0x001f]
[    0.464865][    T1] pci 0000:00:01.0: reg 0x14: [mem 0x00000000-0x00000fff]
[    0.465152][    T1] pci 0000:00:01.0: reg 0x20: [mem 0x00000000-0x00003fff 64bit pref]
[    0.465354][    T1] pci 0000:00:01.0: reg 0x30: [mem 0x00000000-0x0003ffff pref]
[    0.467123][    T1] pci 0000:00:01.0: BAR 6: assigned [mem 0x10000000-0x1003ffff pref]
[    0.468044][    T1] pci 0000:00:01.0: BAR 4: assigned [mem 0x8000000000-0x8000003fff 64bit pref]
[    0.468381][    T1] pci 0000:00:01.0: BAR 1: assigned [mem 0x10040000-0x10040fff]
[    0.468571][    T1] pci 0000:00:01.0: BAR 0: assigned [io  0x1000-0x101f]
[    0.474256][   T19] cacheinfo: Unable to detect cache hierarchy for CPU 0
[    0.493290][    T1] brd: module loaded
[    0.504888][    T1] loop: module loaded
[    0.505101][    T1] mobile_data_tcp_module_init 2023_0620
[    0.505347][    T1] #### cellular_static_conunt_init in version V0.1
[    0.510176][    T1] wireguard: WireGuard 1.0.0 loaded. See www.wireguard.com for information.
[    0.510440][    T1] wireguard: Copyright (C) 2015-2019 Jason A. Donenfeld <Jason@zx2c4.com>. All Rights Reserved.
[    0.513709][    T1] tun: Universal TUN/TAP device driver, 1.6
[    0.514079][    T1] CAN device driver interface
[    0.514227][    T1] PPP generic driver version 2.4.2
[    0.514649][    T1] PPP BSD Compression module registered
[    0.514838][    T1] PPP Deflate Compression module registered
[    0.515045][    T1] PPP MPPE Compression module registered
[    0.515196][    T1] NET: Registered protocol family 24
[    0.515335][    T1] PPTP driver version 0.8.5
[    0.515932][    T1] usbcore: registered new interface driver rtl8150
[    0.516134][    T1] usbcore: registered new interface driver r8152
[    0.516316][    T1] usbcore: registered new interface driver cdc_ether
[    0.516503][    T1] usbcore: registered new interface driver cdc_eem
[    0.516715][    T1] usbcore: registered new interface driver cdc_ncm
[    0.517280][    T1] usbcore: registered new interface driver aqc111
[    0.517921][    T1] ehci_hcd: USB 2.0 'Enhanced' Host Controller (EHCI) Driver
[    0.518140][    T1] ehci-pci: EHCI PCI platform driver
[    0.518330][    T1] ehci-platform: EHCI generic platform driver
[    0.519018][    T1] usbcore: registered new interface driver cdc_acm
[    0.519186][    T1] cdc_acm: USB Abstract Control Model driver for USB modems and ISDN adapters
[    0.520913][    T1] usbcore: registered new interface driver uas
[    0.521171][    T1] usbcore: registered new interface driver usb-storage
[    0.522724][    T1] dummy_hcd dummy_hcd.0: USB Host+Gadget Emulator, driver 02 May 2005
[    0.523310][    T1] dummy_hcd dummy_hcd.0: Dummy host controller
[    0.523640][    T1] dummy_hcd dummy_hcd.0: new USB bus registered, assigned bus number 1
[    0.527398][    T1] usb usb1: New USB device found, idVendor=1d6b, idProduct=0002, bcdDevice= 5.10
[    0.527646][    T1] usb usb1: New USB device strings: Mfr=3, Product=2, SerialNumber=1
[    0.528115][    T1] usb usb1: Product: Dummy host controller
[    0.528423][    T1] usb usb1: Manufacturer: Linux 5.10.246-android12-9-g9c94fefc2317-dirty dummy_hcd
[    0.528651][    T1] usb usb1: SerialNumber: dummy_hcd.0
[    0.531020][    T1] hub 1-0:1.0: USB hub found
[    0.531545][    T1] hub 1-0:1.0: 1 port detected
[    0.538868][    T1] usbcore: registered new interface driver xpad
[    0.541790][    T1] rtc-pl031 9010000.pl031: registered as rtc0
[    0.542540][    T1] rtc-pl031 9010000.pl031: setting system clock to 2026-08-24T03:53:13 UTC (1787543593)
[    0.543849][    T1] i2c /dev entries driver
[    0.544337][    T1] usbcore: registered new interface driver uvcvideo
[    0.544505][    T1] USB Video Class driver (1.1.1)
[    0.544646][    T1] gspca_main: v2.14.0 registered
[    0.545111][    T1] device-mapper: uevent: version 1.0.3
[    0.545788][    T1] device-mapper: ioctl: 4.44.0-ioctl (2021-02-01) initialised: dm-devel@redhat.com
[    0.547539][    T1] Bluetooth: HCI UART driver ver 2.3
[    0.548072][    T1] Bluetooth: HCI UART protocol H4 registered
[    0.548470][    T1] Bluetooth: HCI UART protocol LL registered
[    0.548714][    T1] Bluetooth: HCI UART protocol Broadcom registered
[    0.548897][    T1] Bluetooth: HCI UART protocol QCA registered
[    0.550227][    T1] sdhci: Secure Digital Host Controller Interface driver
[    0.550398][    T1] sdhci: Copyright(c) Pierre Ossman
[    0.550526][    T1] sdhci-pltfm: SDHCI platform and OF driver helper
[    0.550980][    T1] hid: raw HID events driver (C) Jiri Kosina
[    0.553374][    T1] usbcore: registered new interface driver usbhid
[    0.553556][    T1] usbhid: USB HID core driver
[    0.554111][    T1] ashmem: initialized
[    0.555713][    T1] gnss: GNSS driver registered with major 234
[    0.556262][    T1] #### sla_static_collector_init in version V0.97
[    0.556732][    T1] vne(vne_network_qoe_init): complete
[    0.556966][    T1] vne(vne_network_syn_init): complete
[    0.557099][    T1] vne(vivo_net_evolve_init): successed!
[    0.557288][    T1] [netb] netbooster_init: init netbooster ver 1.0
[    0.557786][    T1] sch_uprio: [prio_module_init]
[    0.557879][    T1] sch_cfg: callback(1) registered successfully
[    0.559035][    T1] system_exception initialized
[    0.560420][    T1] usbcore: registered new interface driver snd-usb-audio
[    0.562080][    T1] GACT probability NOT on
[    0.562363][    T1] Mirror/redirect action on
[    0.562784][    T1] netem: version 1.3
[    0.563077][    T1] u32 classifier
[    0.563522][    T1]     input device check on
[    0.563646][    T1]     Actions configured
[    0.569707][    T1] xt_time: kernel timezone is -0000
[    0.570115][    T1] ipip: IPv4 and MPLS over IPv4 tunneling driver
[    0.571872][    T1] gre: GRE over IPv4 demultiplexor driver
[    0.572049][    T1] ip_gre: GRE over IPv4 tunneling driver
[    0.573960][    T1] IPv4 over IPsec tunneling driver
[    0.579121][    T1] Initializing XFRM netlink socket
[    0.579702][    T1] IPsec XFRM device driver
[    0.580990][    T1] NET: Registered protocol family 10
[    0.588653][    T1] Segment Routing with IPv6
[    0.589543][    T1] mip6: Mobile IPv6
[    0.593252][    T1] sit: IPv6, IPv4 and MPLS over IPv4 tunneling driver
[    0.595758][    T1] ip6_gre: GRE over IPv6 tunneling driver
[    0.597841][    T1] NET: Registered protocol family 17
[    0.598265][    T1] NET: Registered protocol family 15
[    0.598894][    T1] can: controller area network core
[    0.599407][    T1] NET: Registered protocol family 29
[    0.599569][    T1] can: raw protocol
[    0.599783][    T1] can: broadcast manager protocol
[    0.600017][    T1] can: netlink gateway - max_hops=1
[    0.601236][    T1] Bluetooth: RFCOMM TTY layer initialized
[    0.601456][    T1] Bluetooth: RFCOMM socket layer initialized
[    0.601697][    T1] Bluetooth: RFCOMM ver 1.11
[    0.601851][    T1] Bluetooth: HIDP (Human Interface Emulation) ver 1.2
[    0.602039][    T1] Bluetooth: HIDP socket layer initialized
[    0.602315][    T1] l2tp_core: L2TP core driver, V2.0
[    0.602539][    T1] l2tp_ppp: PPPoL2TP kernel driver, V2.0
[    0.602697][    T1] tipc: Activated (version 2.0.0)
[    0.603954][    T1] NET: Registered protocol family 30
[    0.605651][    T1] tipc: Started in single node mode
[    0.622397][    T1] NET: Registered protocol family 36
[    0.623271][    T1] NET: Registered protocol family 40
[    0.625196][    T1] registered taskstats version 1
[    0.625696][    T1] sizeof(struct vivo_tsk_struct) 352 task_struct 480
[    0.625708][    T1] ^RSC @rsc_main_data_init: done!
[    0.631023][    T1] rsc_sys_api: rsc_kallsyms_lookup_name lookup for symbol kernfs_setattr
[    0.633765][    T1] rsc_sys_api: rsc_kallsyms_lookup_name lookup for symbol filp_open
[    0.636323][    T1] rsc_sys_api: rsc_kallsyms_lookup_name lookup for symbol kernel_write
[    0.639330][    T1] ^RSC @rsc_main_pdrv_probe: rsc probe done!
[    0.641655][    T1] ^RSC init_cpu_core_masks cluster num: 0 topeff: 1024 maxeff: 1024 mineff: 1024 rsc_cpu_bigcore: 0-1 littlecore: 0-1 lastcore: 1 bigcorenum: 2 midcore: 0-1 maxcore: 
[    0.643068][    T1] rsc_vaudit: rsc_vaudit_init start
[    0.643094][  T128] wait for cpufreq driver register
[    0.643381][    T1] rsc_vaudit: rsc_vaudit_init cpu 0 func ffffffc009a21550(wake_up_fifo_out_work_func.cfi_jt+0x0/0x8) flag 4
[    0.643698][    T1] rsc_vaudit: rsc_vaudit_init cpu 0 func ffffffc009a21550(wake_up_fifo_out_work_func.cfi_jt+0x0/0x8) flag 0
[    0.644003][    T1] rsc_vaudit: rsc_vaudit_init cpu 1 func ffffffc009a21550(wake_up_fifo_out_work_func.cfi_jt+0x0/0x8) flag 4
[    0.644277][    T1] rsc_vaudit: rsc_vaudit_init cpu 1 func ffffffc009a21550(wake_up_fifo_out_work_func.cfi_jt+0x0/0x8) flag 0
[    0.644548][    T1] rsc_vaudit: rsc_vaudit_init cpu 2 func ffffffc009a21550(wake_up_fifo_out_work_func.cfi_jt+0x0/0x8) flag 4
[    0.644815][    T1] rsc_vaudit: rsc_vaudit_init cpu 2 func ffffffc009a21550(wake_up_fifo_out_work_func.cfi_jt+0x0/0x8) flag 0
[    0.645090][    T1] rsc_vaudit: rsc_vaudit_init cpu 3 func ffffffc009a21550(wake_up_fifo_out_work_func.cfi_jt+0x0/0x8) flag 0
[    0.645356][    T1] rsc_vaudit: rsc_vaudit_init cpu 3 func ffffffc009a21550(wake_up_fifo_out_work_func.cfi_jt+0x0/0x8) flag 0
[    0.645625][    T1] rsc_vaudit: rsc_vaudit_init cpu 4 func ffffffc009a21550(wake_up_fifo_out_work_func.cfi_jt+0x0/0x8) flag 0
[    0.645890][    T1] rsc_vaudit: rsc_vaudit_init cpu 4 func ffffffc009a21550(wake_up_fifo_out_work_func.cfi_jt+0x0/0x8) flag 0
[    0.646168][    T1] rsc_vaudit: rsc_vaudit_init cpu 5 func ffffffc009a21550(wake_up_fifo_out_work_func.cfi_jt+0x0/0x8) flag 0
[    0.646445][    T1] rsc_vaudit: rsc_vaudit_init cpu 5 func ffffffc009a21550(wake_up_fifo_out_work_func.cfi_jt+0x0/0x8) flag 0
[    0.646725][    T1] rsc_vaudit: rsc_vaudit_init cpu 6 func ffffffc009a21550(wake_up_fifo_out_work_func.cfi_jt+0x0/0x8) flag 0
[    0.646993][    T1] rsc_vaudit: rsc_vaudit_init cpu 6 func ffffffc009a21550(wake_up_fifo_out_work_func.cfi_jt+0x0/0x8) flag 0
[    0.647270][    T1] rsc_vaudit: rsc_vaudit_init cpu 7 func ffffffc009a21550(wake_up_fifo_out_work_func.cfi_jt+0x0/0x8) flag 0
[    0.647534][    T1] rsc_vaudit: rsc_vaudit_init cpu 7 func ffffffc009a21550(wake_up_fifo_out_work_func.cfi_jt+0x0/0x8) flag 0
[    0.648688][    T1] rsc_sys_api: rsc_kallsyms_lookup_name lookup for symbol get_wchan
[    0.648760][    T1] rsc_vaudit: rsc_vaudit_init rsc_kallsyms_lookup_name succcess
[    0.649688][    T1] rsc_vaudit: register_vaudit_vendor_hooks ok
[    0.649860][    T1] rsc_vaudit: ^RSC vaudit rsc_vaudit_init: inited! vaudit_fifo size: 4096 lastsize: 128
[    0.650546][    T1] Scheduler tracepoints stat_sleep, stat_iowait, stat_blocked and stat_runtime require the kernel parameter schedstats=enable or kernel.sched_schedstats=1
[    0.651511][    T1] rsc_binder_event: rsc_binder_event_notif_init finish!
[    0.652039][    T1] rsc_sys_api: rsc_kallsyms_lookup_name lookup for symbol binder_add_freeze_work
[    0.660148][    T1] rsc_sys_api: rsc_kallsyms_lookup_name lookup for symbol binder_free_proc
[    0.669613][    T1] rsc_sys_api: rsc_kallsyms_lookup_name lookup for symbol binder_wakeup_poll_threads_ilocked
[    0.679723][    T1] rsc_binder_frozen_callback: rsc_binder_frozen_callback_init finish!
[    0.680300][    T1] rsc_tsk_policy: module init ok!
[    0.683592][    T1] ^RSC rsc driver init done!
[    0.684660][    T1] Loading compiled-in X.509 certificates
[    0.685193][    T1] page_owner is disabled
[    0.685790][    T1] Key type .fscrypt registered
[    0.685918][    T1] Key type fscrypt-provisioning registered
[    0.689737][    T1] 
[    0.689821][    T1] ********************************************************************
[    0.690006][    T1] **     NOTICE NOTICE NOTICE NOTICE NOTICE NOTICE NOTICE           **
[    0.690196][    T1] **                                                                **
[    0.690382][    T1] **  WRITEABLE clk DebugFS SUPPORT HAS BEEN ENABLED IN THIS KERNEL **
[    0.690573][    T1] **                                                                **
[    0.690766][    T1] ** This means that this kernel is built to expose clk operations  **
[    0.690958][    T1] ** such as parent or rate setting, enabling, disabling, etc.      **
[    0.691152][    T1] ** to userspace, which may compromise security on your system.    **
[    0.691411][    T1] **                                                                **
[    0.692053][    T1] ** If you see this message and you are not debugging the          **
[    0.692297][    T1] ** kernel, report this immediately to your vendor!                **
[    0.692509][    T1] **                                                                **
[    0.692710][    T1] **     NOTICE NOTICE NOTICE NOTICE NOTICE NOTICE NOTICE           **
[    0.692906][    T1] ********************************************************************
[    0.699860][    T1] input: gpio-keys as /devices/platform/gpio-keys/input/input0
[    0.704516][    T1] clk: Disabling unused clocks
[    0.705143][    T1] ALSA device list:
[    0.705312][    T1]   No soundcards found.
[    0.708915][    T1] uart-pl011 9000000.pl011: no DMA platform data
[    0.737160][    T1] Freeing unused kernel memory: 3200K
[    0.738116][    T1] Run /init as init process

=== SWEEP-PD2238 ===
BOOTID_BEFORE=4ea626d2-9c33-492d-bbe8-1c918ff40f96

WTID=0x0000000000000085
REQUEUE_DONE
WAITER_RET
OPEN n=0x000000000000005c hi=[    3.830868][  T135] Unable to handle kernel read from unreadable memory at virtual address 0000000000000dc0
0x0000000000000240[    3.831221][  T135] Mem abort info:
[    3.831315][  T135]   ESR = 0x96000005
[    3.831418][  T135]   EC = 0x25: DABT (current EL), IL = 32 bits
[    3.831592][  T135]   SET = 0, FnV = 0
[    3.831703][  T135]   EA = 0, S1PTW = 0
[    3.831805][  T135] Data abort info:
[    3.831899][  T135]   ISV = 0, ISS = 0x00000005
[    3.832019][  T135]   CM = 0, WnR = 0

[    3.832209][  T135] user pgtable: 4k pages, 39-bit VAs, pgdp=0000000045325000
[    3.832417][  T135] [0000000000000dc0] pgd=0000000045342003, p4d=0000000045342003, pud=0000000045342003, pmd=0000000000000000
[    3.832919][  T135] Internal error: Oops: 96000005 [#1] PREEMPT SMP
[    3.833209][  T135] Modules linked in:
[    3.833470][  T135] CPU: 0 PID: 135 Comm: init Not tainted 5.10.246-android12-9-g9c94fefc2317-dirty #1
[    3.833702][  T135] Hardware name: linux,dummy-virt (DT)
[    3.833936][  T135] pstate: 80400085 (Nzcv daIf +PAN -UAO -TCO BTYPE=--)
[    3.834127][  T135] pc : rt_mutex_adjust_prio_chain+0x188/0x1948
[    3.834287][  T135] lr : max_tt_usecs+0x61fd/0x1e038
[    3.834411][  T135] sp : ffffffc00b54bc50
[    3.834518][  T135] x29: ffffffc00b54bc80 x28: ffffffc00b53bb10 
[    3.834686][  T135] x27: 0000000000000dc0 x26: 0000000000000001 
[    3.834846][  T135] x25: ffffff8003e443ac x24: 0000000000000dc0 
[    3.834996][  T135] x23: 0000000000000000 x22: 0000000000000000 
[    3.835138][  T135] x21: 0000000000000000 x20: ffffff8003e413d8 
[    3.835278][  T135] x19: ffffff8003e43b40 x18: ffffffc00b525040 
[    3.835419][  T135] x17: ffffffc00aaf0000 x16: ffffffc00ab06000 
[    3.835559][  T135] x15: ffffffc00aaf0000 x14: 00000000c0000000 
[    3.835705][  T135] x13: 0000000000000001 x12: ffffff8003e413c0 
[    3.835845][  T135] x11: ffffffc00aaf0000 x10: 0000000000000000 
[    3.836004][  T135] x9 : 0000000000000010 x8 : 0000000000000003 
[    3.836153][  T135] x7 : 00000000000000e0 x6 : 0000000000000008 
[    3.836301][  T135] x5 : ffffff8003e43b40 x4 : 0000000000000010 
[    3.836451][  T135] x3 : ffffffc00a31006b x2 : 0000000000000000 
[    3.836599][  T135] x1 : 0000000000000000 x0 : ffffff8003e43b40 
[    3.836826][  T135] Call trace:
[    3.836934][  T135]  rt_mutex_adjust_prio_chain+0x188/0x1948
[    3.837076][  T135]  rt_mutex_adjust_pi+0x174/0x2fc
[    3.837198][  T135]  __sched_setscheduler+0xfdc/0x1780
[    3.837325][  T135]  __do_sys_sched_setattr+0x25c/0x3e8
[    3.837454][  T135]  __arm64_sys_sched_setattr+0x24/0x34
[    3.837586][  T135]  el0_svc_common+0xd4/0x270
[    3.837704][  T135]  el0_svc+0x28/0x98
[    3.837800][  T135]  el0_sync_handler+0x8c/0xf0
[    3.837913][  T135]  el0_sync+0x1b8/0x1c0
[    3.838107][  T135] Code: f9401f9b 88dffe88 11000508 b9000288 (88dfff68) 
[    3.838391][  T135] ---[ end trace 287b703f1fab6ec6 ]---
[    3.838653][  T135] Kernel panic - not syncing: Oops: Fatal exception
[    3.838956][  T135] SMP: stopping secondary CPUs
[    3.839589][  T135] Kernel Offset: disabled
[    3.839780][  T135] CPU features: 0x001,40240022,61006000
[    3.839920][  T135] Memory Limit: none
