[    0.000000][    T0] Booting Linux on physical CPU 0x0000000000 [0x410fd083]
[    0.000000][    T0] Linux version 5.10.246-android12-9-g9c94fefc2317-dirty (build-user@build-host) (Android (7284624, based on r416183b) clang version 12.0.5 (https://android.googlesource.com/toolchain/llvm-project c935d99d7cf2016289302412d708641d52d2f7ee), LLD 12.0.5 (/buildbot/src/android/llvm-toolchain/out/llvm-project/lld c935d99d7cf2016289302412d708641d52d2f7ee)) #1 SMP PREEMPT Wed Jul 15 06:16:32 UTC 2026
[    0.000000][    T0] start_kernel from soc kernel
[    0.000000][    T0] random: crng init done
[    0.000000][    T0] Machine model: linux,dummy-virt
[    0.000000][    T0] Stack Depot is disabled
[    0.000000][    T0] KVM is not available. Ignoring kvm-arm.mode
[    0.000000][    T0] efi: UEFI not found.
[    0.000000][    T0] Zone ranges:
[    0.000000][    T0]   DMA32    [mem 0x0000000040000000-0x000000007fffffff]
[    0.000000][    T0]   Normal   empty
[    0.000000][    T0] Movable zone start for each node
[    0.000000][    T0] Early memory node ranges
[    0.000000][    T0]   node   0: [mem 0x0000000040000000-0x000000007fffffff]
[    0.000000][    T0] Initmem setup node 0 [mem 0x0000000040000000-0x000000007fffffff]
[    0.000000][    T0] cma: Reserved 16 MiB at 0x000000007dc00000
[    0.000000][    T0] psci: probing for conduit method from DT.
[    0.000000][    T0] psci: PSCIv1.1 detected in firmware.
[    0.000000][    T0] psci: Using standard PSCI v0.2 function IDs
[    0.000000][    T0] psci: Trusted OS migration not required
[    0.000000][    T0] psci: SMC Calling Convention v1.0
[    0.000000][    T0] percpu: Embedded 35 pages/cpu s103064 r8192 d32104 u143360
[    0.000000][    T0] Detected PIPT I-cache on CPU0
[    0.000000][    T0] CPU features: SYS_ID_AA64MMFR1_EL1[11:8]: already set to 0
[    0.000000][    T0] CPU features: detected: Spectre-v3a
[    0.000000][    T0] CPU features: detected: Spectre-v2
[    0.000000][    T0] CPU features: detected: Spectre-v4
[    0.000000][    T0] CPU features: detected: ARM errata 1165522, 1319367, or 1530923
[    0.000000][    T0] CPU features: detected: Spectre-BHB
[    0.000000][    T0] CPU features: detected: ARM erratum 1742098
[    0.000000][    T0] Built 1 zonelists, mobility grouping on.  Total pages: 258048
[    0.000000][    T0] Kernel command line: stack_depot_disable=on kasan.stacktrace=off kvm-arm.mode=protected cgroup_disable=pressure cgroup.memory=nokmem console=ttyAMA0 nokaslr rdinit=/init panic=-1
[    0.000000][    T0] cgroup: Disabling pressure control group feature
[    0.000000][    T0] Dentry cache hash table entries: 131072 (order: 8, 1048576 bytes, linear)
[    0.000000][    T0] Inode-cache hash table entries: 65536 (order: 7, 524288 bytes, linear)
[    0.000000][    T0] mem auto-init: stack:all(zero), heap alloc:on, heap free:off
[    0.000000][    T0] Memory: 962020K/1048576K available (28864K kernel code, 2406K rwdata, 11680K rodata, 3200K init, 1957K bss, 70172K reserved, 16384K cma-reserved)
[    0.000000][    T0] SLUB: HWalign=64, Order=0-3, MinObjects=0, CPUs=2, Nodes=1
[    0.000000][    T0] 
[    0.000000][    T0] **********************************************************
[    0.000000][    T0] **   NOTICE NOTICE NOTICE NOTICE NOTICE NOTICE NOTICE   **
[    0.000000][    T0] **                                                      **
[    0.000000][    T0] ** trace_printk() being used. Allocating extra memory.  **
[    0.000000][    T0] **                                                      **
[    0.000000][    T0] ** This means that this is a DEBUG kernel and it is     **
[    0.000000][    T0] ** unsafe for production use.                           **
[    0.000000][    T0] **                                                      **
[    0.000000][    T0] ** If you see this message and you are not debugging    **
[    0.000000][    T0] ** the kernel, report this immediately to your vendor!  **
[    0.000000][    T0] **                                                      **
[    0.000000][    T0] **   NOTICE NOTICE NOTICE NOTICE NOTICE NOTICE NOTICE   **
[    0.000000][    T0] **********************************************************
[    0.000000][    T0] rcu: Preemptible hierarchical RCU implementation.
[    0.000000][    T0] rcu: 	RCU event tracing is enabled.
[    0.000000][    T0] rcu: 	RCU dyntick-idle grace-period acceleration is enabled.
[    0.000000][    T0] rcu: 	RCU restricting CPUs from NR_CPUS=32 to nr_cpu_ids=2.
[    0.000000][    T0] rcu: 	RCU priority boosting: priority 1 delay 500 ms.
[    0.000000][    T0] 	Trampoline variant of Tasks RCU enabled.
[    0.000000][    T0] 	Tracing variant of Tasks RCU enabled.
[    0.000000][    T0] rcu: RCU calculated value of scheduler-enlistment delay is 25 jiffies.
[    0.000000][    T0] rcu: Adjusting geometry for rcu_fanout_leaf=16, nr_cpu_ids=2
[    0.000000][    T0] NR_IRQS: 64, nr_irqs: 64, preallocated irqs: 0
[    0.000000][    T0] GICv2m: range[mem 0x08020000-0x08020fff], SPI[80:143]
[    0.000000][    T0] rcu: 	Offload RCU callbacks from CPUs: (none).
[    0.000000][    T0] kfence: initialized - using 524288 bytes for 63 objects at 0x(____ptrval____)-0x(____ptrval____)
[    0.000000][    T0] arch_timer: cp15 timer(s) running at 62.50MHz (virt).
[    0.000000][    T0] clocksource: arch_sys_counter: mask: 0xffffffffffffff max_cycles: 0x1cd42e208c, max_idle_ns: 881590405314 ns
[    0.000048][    T0] sched_clock: 56 bits at 62MHz, resolution 16ns, wraps every 4398046511096ns
[    0.003386][    T0] Calibrating delay loop (skipped), value calculated using timer frequency.. 125.00 BogoMIPS (lpj=250000)
[    0.005797][    T0] pid_max: default: 32768 minimum: 301
[    0.006495][    T0] LSM: Security Framework initializing
[    0.007174][    T0] SELinux:  Initializing.
[    0.007670][    T0] Mount-cache hash table entries: 2048 (order: 2, 16384 bytes, linear)
[    0.007699][    T0] Mountpoint-cache hash table entries: 2048 (order: 2, 16384 bytes, linear)
[    0.014463][    T0] PARTITION_PROTECT[create_monitor_kobject]: create group success
[    0.031953][    T1] /cpus/cpu-map: empty cluster
[    0.038224][    T1] RSC fifokwoker: set kworker(kworker/0:0H/F) to fifo nice: 0xbeeefeed flags: 0x0.
[    0.039735][    T1] RSC fifokwoker: set kworker(kworker/0:0H/F) to fifo nice: 0xbeeffeed flags: 0x0.
[    0.045548][    T1] rcu: Hierarchical SRCU implementation.
[    0.048830][    T1] EFI services will not be available.
[    0.049772][    T1] smp: Bringing up secondary CPUs ...
[    0.053406][    T1] RSC fifokwoker: set kworker(kworker/1:0H/F) to fifo nice: 0xbeeefeed flags: 0x4.
[    0.053992][    T1] RSC fifokwoker: set kworker(kworker/1:0H/F) to fifo nice: 0xbeeffeed flags: 0x4.
[    0.056488][    T0] Detected PIPT I-cache on CPU1
[    0.057399][    T0] CPU1: Booted secondary processor 0x0000000001 [0x410fd083]
[    0.061411][    T1] smp: Brought up 1 node, 2 CPUs
[    0.061443][    T1] SMP: Total of 2 processors activated.
[    0.061541][    T1] CPU features: detected: 32-bit EL0 Support
[    0.061587][    T1] CPU features: detected: CRC32 instructions
[    0.061638][    T1] CPU features: detected: 32-bit EL1 Support
[    0.063773][    T1] CPU features: emulated: Privileged Access Never (PAN) using TTBR0_EL1 switching
[    0.141226][    T1] CPU: All CPU(s) started at EL1
[    0.141730][   T18] alternatives: patching kernel code
[    0.159648][    T1] Registered cp15_barrier emulation handler
[    0.159773][    T1] Registered setend emulation handler
[    0.159885][    T1] KASLR disabled on command line
[    0.160726][    T1] clocksource: jiffies: mask: 0xffffffff max_cycles: 0xffffffff, max_idle_ns: 7645041785100000 ns
[    0.160855][    T1] futex hash table entries: 512 (order: 3, 32768 bytes, linear)
[    0.164478][    T1] pinctrl core: initialized pinctrl subsystem
[    0.175456][    T1] NET: Registered protocol family 16
[    0.179918][    T8] RSC fifokwoker: set kworker(kworker/0:1H/F) to fifo nice: 0xbeeffeed flags: 0x1.
[    0.180602][   T27] RSC fifokwoker: set kworker(kworker/1:1H/F) to fifo nice: 0xbeeffeed flags: 0x1.
[    0.188318][    T1] DMA: preallocated 128 KiB GFP_KERNEL pool for atomic allocations
[    0.188702][    T1] DMA: preallocated 128 KiB GFP_KERNEL|GFP_DMA32 pool for atomic allocations
[    0.188975][    T1] audit: initializing netlink subsys (disabled)
[    0.190681][   T31] audit: type=2000 audit(0.144:1): state=initialized audit_enabled=0 res=1
[    0.194200][    T1] thermal_sys: Registered thermal governor 'step_wise'
[    0.194252][    T1] thermal_sys: Registered thermal governor 'user_space'
[    0.194266][    T1] thermal_sys: Registered thermal governor 'power_allocator'
[    0.195272][    T1] cpuidle: using governor menu
[    0.196141][    T1] hw-breakpoint: found 6 breakpoint and 4 watchpoint registers.
[    0.196580][    T1] ASID allocator initialised with 65536 entries
[    0.197322][    T1] Serial: AMBA PL011 UART driver
[    0.211928][    T1] 9000000.pl011: ttyAMA0 at MMIO 0x9000000 (irq = 47, base_baud = 0) is a PL011 rev1
[    0.228540][    T1] printk: console [ttyAMA0] enabled
[    0.270571][    T1] iommu: Default domain type: Translated 
[    0.273319][    T1] SCSI subsystem initialized
[    0.274047][    T1] usbcore: registered new interface driver usbfs
[    0.274361][    T1] usbcore: registered new interface driver hub
[    0.274566][    T1] usbcore: registered new device driver usb
[    0.275088][    T1] mc: Linux media interface: v0.10
[    0.275265][    T1] videodev: Linux video capture interface: v2.00
[    0.275885][    T1] EDAC MC: Ver: 3.0.0
[    0.279704][    T1] Advanced Linux Sound Architecture Driver Initialized.
[    0.285308][    T1] Bluetooth: Core ver 2.22
[    0.285536][    T1] NET: Registered protocol family 31
[    0.285644][    T1] Bluetooth: HCI device and connection manager initialized
[    0.285921][    T1] Bluetooth: HCI socket layer initialized
[    0.286064][    T1] Bluetooth: L2CAP socket layer initialized
[    0.286286][    T1] Bluetooth: SCO socket layer initialized
[    0.287600][    T1] nfc: nfc_init: NFC Core ver 0.1
[    0.287872][    T1] NET: Registered protocol family 39
[    0.289831][    T1] clocksource: Switched to clocksource arch_sys_counter
[    0.351741][    T1] VFS: Disk quotas dquot_6.6.0
[    0.352140][    T1] VFS: Dquot-cache hash table entries: 512 (order 0, 4096 bytes)
[    0.354409][    T1] NET: Registered protocol family 2
[    0.355685][    T1] IP idents hash table entries: 16384 (order: 5, 131072 bytes, linear)
[    0.361326][    T1] tcp_listen_portaddr_hash hash table entries: 512 (order: 1, 8192 bytes, linear)
[    0.361939][    T1] TCP established hash table entries: 8192 (order: 4, 65536 bytes, linear)
[    0.362296][    T1] TCP bind hash table entries: 8192 (order: 5, 131072 bytes, linear)
[    0.362748][    T1] TCP: Hash tables configured (established 8192 bind 8192)
[    0.364068][    T1] UDP hash table entries: 512 (order: 2, 16384 bytes, linear)
[    0.364419][    T1] UDP-Lite hash table entries: 512 (order: 2, 16384 bytes, linear)
[    0.365512][    T1] NET: Registered protocol family 1
[    0.366044][    T1] NET: Registered protocol family 44
[    0.366379][    T1] PCI: CLS 0 bytes, default 64
[    0.372292][    T1] Trying to unpack rootfs image as initramfs...
[    0.379426][    T1] Freeing initrd memory: 4K
[    0.387231][    T1] hw perfevents: enabled with armv8_pmuv3 PMU driver, 7 counters available
[    0.388028][    T1] kvm [1]: HYP mode not available
[    0.398655][    T1] Initialise system trusted keyrings
[    0.400760][    T1] workingset: timestamp_bits=46 max_order=18 bucket_order=0
[    0.408610][  T109] VMET:<kthppoold, 594>: kthppoold ...... running
[    0.412805][    T1] fuse: init (API version 7.32)
[    0.433169][    T1] Key type asymmetric registered
[    0.433422][    T1] Asymmetric key parser 'x509' registered
[    0.434098][    T1] Block layer SCSI generic (bsg) driver version 0.4 loaded (major 241)
[    0.434684][    T1] io scheduler mq-deadline registered
[    0.434914][    T1] io scheduler kyber registered
[    0.435375][    T1] io scheduler bfq registered
[    0.435622][    T1] FCACHE: filecache_init: total=1001889792
[    0.440560][    T1] pl061_gpio 9030000.pl061: PL061 GPIO chip registered
[    0.441680][    T1] pci-host-generic 4010000000.pcie: host bridge /pcie@10000000 ranges:
[    0.442439][    T1] pci-host-generic 4010000000.pcie:       IO 0x003eff0000..0x003effffff -> 0x0000000000
[    0.443185][    T1] pci-host-generic 4010000000.pcie:      MEM 0x0010000000..0x003efeffff -> 0x0010000000
[    0.443379][    T1] pci-host-generic 4010000000.pcie:      MEM 0x8000000000..0xffffffffff -> 0x8000000000
[    0.444234][    T1] pci-host-generic 4010000000.pcie: ECAM at [mem 0x4010000000-0x401fffffff] for [bus 00-ff]
[    0.444970][    T1] pci-host-generic 4010000000.pcie: PCI host bridge to bus 0000:00
[    0.445271][    T1] pci_bus 0000:00: root bus resource [bus 00-ff]
[    0.445423][    T1] pci_bus 0000:00: root bus resource [io  0x0000-0xffff]
[    0.445628][    T1] pci_bus 0000:00: root bus resource [mem 0x10000000-0x3efeffff]
[    0.445765][    T1] pci_bus 0000:00: root bus resource [mem 0x8000000000-0xffffffffff]
[    0.446965][    T1] pci 0000:00:00.0: [1b36:0008] type 00 class 0x060000
[    0.449325][    T1] pci 0000:00:01.0: [1af4:1000] type 00 class 0x020000
[    0.449629][    T1] pci 0000:00:01.0: reg 0x10: [io  0x0000-0x001f]
[    0.449959][    T1] pci 0000:00:01.0: reg 0x14: [mem 0x00000000-0x00000fff]
[    0.450323][    T1] pci 0000:00:01.0: reg 0x20: [mem 0x00000000-0x00003fff 64bit pref]
[    0.450483][    T1] pci 0000:00:01.0: reg 0x30: [mem 0x00000000-0x0003ffff pref]
[    0.452213][    T1] pci 0000:00:01.0: BAR 6: assigned [mem 0x10000000-0x1003ffff pref]
[    0.452715][    T1] pci 0000:00:01.0: BAR 4: assigned [mem 0x8000000000-0x8000003fff 64bit pref]
[    0.453005][    T1] pci 0000:00:01.0: BAR 1: assigned [mem 0x10040000-0x10040fff]
[    0.453165][    T1] pci 0000:00:01.0: BAR 0: assigned [io  0x1000-0x101f]
[    0.458861][   T19] cacheinfo: Unable to detect cache hierarchy for CPU 0
[    0.475131][    T1] brd: module loaded
[    0.488610][    T1] loop: module loaded
[    0.488950][    T1] mobile_data_tcp_module_init 2023_0620
[    0.489190][    T1] #### cellular_static_conunt_init in version V0.1
[    0.493795][    T1] wireguard: WireGuard 1.0.0 loaded. See www.wireguard.com for information.
[    0.493996][    T1] wireguard: Copyright (C) 2015-2019 Jason A. Donenfeld <Jason@zx2c4.com>. All Rights Reserved.
[    0.497154][    T1] tun: Universal TUN/TAP device driver, 1.6
[    0.497472][    T1] CAN device driver interface
[    0.497619][    T1] PPP generic driver version 2.4.2
[    0.498018][    T1] PPP BSD Compression module registered
[    0.498181][    T1] PPP Deflate Compression module registered
[    0.498349][    T1] PPP MPPE Compression module registered
[    0.498460][    T1] NET: Registered protocol family 24
[    0.498562][    T1] PPTP driver version 0.8.5
[    0.499214][    T1] usbcore: registered new interface driver rtl8150
[    0.499375][    T1] usbcore: registered new interface driver r8152
[    0.499522][    T1] usbcore: registered new interface driver cdc_ether
[    0.499743][    T1] usbcore: registered new interface driver cdc_eem
[    0.499982][    T1] usbcore: registered new interface driver cdc_ncm
[    0.500131][    T1] usbcore: registered new interface driver aqc111
[    0.500682][    T1] ehci_hcd: USB 2.0 'Enhanced' Host Controller (EHCI) Driver
[    0.500857][    T1] ehci-pci: EHCI PCI platform driver
[    0.501013][    T1] ehci-platform: EHCI generic platform driver
[    0.501669][    T1] usbcore: registered new interface driver cdc_acm
[    0.501792][    T1] cdc_acm: USB Abstract Control Model driver for USB modems and ISDN adapters
[    0.502668][    T1] usbcore: registered new interface driver uas
[    0.502907][    T1] usbcore: registered new interface driver usb-storage
[    0.504330][    T1] dummy_hcd dummy_hcd.0: USB Host+Gadget Emulator, driver 02 May 2005
[    0.504706][    T1] dummy_hcd dummy_hcd.0: Dummy host controller
[    0.504974][    T1] dummy_hcd dummy_hcd.0: new USB bus registered, assigned bus number 1
[    0.508454][    T1] usb usb1: New USB device found, idVendor=1d6b, idProduct=0002, bcdDevice= 5.10
[    0.508643][    T1] usb usb1: New USB device strings: Mfr=3, Product=2, SerialNumber=1
[    0.508990][    T1] usb usb1: Product: Dummy host controller
[    0.509133][    T1] usb usb1: Manufacturer: Linux 5.10.246-android12-9-g9c94fefc2317-dirty dummy_hcd
[    0.509408][    T1] usb usb1: SerialNumber: dummy_hcd.0
[    0.511733][    T1] hub 1-0:1.0: USB hub found
[    0.512208][    T1] hub 1-0:1.0: 1 port detected
[    0.520154][    T1] usbcore: registered new interface driver xpad
[    0.523687][    T1] rtc-pl031 9010000.pl031: registered as rtc0
[    0.524513][    T1] rtc-pl031 9010000.pl031: setting system clock to 2026-08-24T03:17:49 UTC (1787541469)
[    0.525230][    T1] i2c /dev entries driver
[    0.525628][    T1] usbcore: registered new interface driver uvcvideo
[    0.525773][    T1] USB Video Class driver (1.1.1)
[    0.525869][    T1] gspca_main: v2.14.0 registered
[    0.526313][    T1] device-mapper: uevent: version 1.0.3
[    0.526970][    T1] device-mapper: ioctl: 4.44.0-ioctl (2021-02-01) initialised: dm-devel@redhat.com
[    0.528776][    T1] Bluetooth: HCI UART driver ver 2.3
[    0.528956][    T1] Bluetooth: HCI UART protocol H4 registered
[    0.529155][    T1] Bluetooth: HCI UART protocol LL registered
[    0.529350][    T1] Bluetooth: HCI UART protocol Broadcom registered
[    0.529491][    T1] Bluetooth: HCI UART protocol QCA registered
[    0.530845][    T1] sdhci: Secure Digital Host Controller Interface driver
[    0.531017][    T1] sdhci: Copyright(c) Pierre Ossman
[    0.531134][    T1] sdhci-pltfm: SDHCI platform and OF driver helper
[    0.531529][    T1] hid: raw HID events driver (C) Jiri Kosina
[    0.533440][    T1] usbcore: registered new interface driver usbhid
[    0.533569][    T1] usbhid: USB HID core driver
[    0.534084][    T1] ashmem: initialized
[    0.535320][    T1] gnss: GNSS driver registered with major 234
[    0.535762][    T1] #### sla_static_collector_init in version V0.97
[    0.536194][    T1] vne(vne_network_qoe_init): complete
[    0.536380][    T1] vne(vne_network_syn_init): complete
[    0.536479][    T1] vne(vivo_net_evolve_init): successed!
[    0.536620][    T1] [netb] netbooster_init: init netbooster ver 1.0
[    0.537028][    T1] sch_uprio: [prio_module_init]
[    0.537115][    T1] sch_cfg: callback(1) registered successfully
[    0.538054][    T1] system_exception initialized
[    0.539149][    T1] usbcore: registered new interface driver snd-usb-audio
[    0.540651][    T1] GACT probability NOT on
[    0.540896][    T1] Mirror/redirect action on
[    0.541270][    T1] netem: version 1.3
[    0.541529][    T1] u32 classifier
[    0.541606][    T1]     input device check on
[    0.541727][    T1]     Actions configured
[    0.547522][    T1] xt_time: kernel timezone is -0000
[    0.547928][    T1] ipip: IPv4 and MPLS over IPv4 tunneling driver
[    0.550706][    T1] gre: GRE over IPv4 demultiplexor driver
[    0.550869][    T1] ip_gre: GRE over IPv4 tunneling driver
[    0.552883][    T1] IPv4 over IPsec tunneling driver
[    0.558296][    T1] Initializing XFRM netlink socket
[    0.558715][    T1] IPsec XFRM device driver
[    0.559934][    T1] NET: Registered protocol family 10
[    0.567558][    T1] Segment Routing with IPv6
[    0.568404][    T1] mip6: Mobile IPv6
[    0.572077][    T1] sit: IPv6, IPv4 and MPLS over IPv4 tunneling driver
[    0.574618][    T1] ip6_gre: GRE over IPv6 tunneling driver
[    0.575876][    T1] NET: Registered protocol family 17
[    0.576278][    T1] NET: Registered protocol family 15
[    0.576752][    T1] can: controller area network core
[    0.577228][    T1] NET: Registered protocol family 29
[    0.577358][    T1] can: raw protocol
[    0.577591][    T1] can: broadcast manager protocol
[    0.577800][    T1] can: netlink gateway - max_hops=1
[    0.580114][    T1] Bluetooth: RFCOMM TTY layer initialized
[    0.580286][    T1] Bluetooth: RFCOMM socket layer initialized
[    0.580510][    T1] Bluetooth: RFCOMM ver 1.11
[    0.580617][    T1] Bluetooth: HIDP (Human Interface Emulation) ver 1.2
[    0.580773][    T1] Bluetooth: HIDP socket layer initialized
[    0.580992][    T1] l2tp_core: L2TP core driver, V2.0
[    0.581534][    T1] l2tp_ppp: PPPoL2TP kernel driver, V2.0
[    0.581749][    T1] tipc: Activated (version 2.0.0)
[    0.583327][    T1] NET: Registered protocol family 30
[    0.585324][    T1] tipc: Started in single node mode
[    0.600459][    T1] NET: Registered protocol family 36
[    0.601333][    T1] NET: Registered protocol family 40
[    0.602506][    T1] registered taskstats version 1
[    0.602752][    T1] sizeof(struct vivo_tsk_struct) 352 task_struct 480
[    0.602761][    T1] ^RSC @rsc_main_data_init: done!
[    0.607753][    T1] rsc_sys_api: rsc_kallsyms_lookup_name lookup for symbol kernfs_setattr
[    0.610545][    T1] rsc_sys_api: rsc_kallsyms_lookup_name lookup for symbol filp_open
[    0.613350][    T1] rsc_sys_api: rsc_kallsyms_lookup_name lookup for symbol kernel_write
[    0.617386][    T1] ^RSC @rsc_main_pdrv_probe: rsc probe done!
[    0.620077][    T1] ^RSC init_cpu_core_masks cluster num: 0 topeff: 1024 maxeff: 1024 mineff: 1024 rsc_cpu_bigcore: 0-1 littlecore: 0-1 lastcore: 1 bigcorenum: 2 midcore: 0-1 maxcore: 
[    0.621337][  T128] wait for cpufreq driver register
[    0.621524][    T1] rsc_vaudit: rsc_vaudit_init start
[    0.621704][    T1] rsc_vaudit: rsc_vaudit_init cpu 0 func ffffffc009a21550(wake_up_fifo_out_work_func.cfi_jt+0x0/0x8) flag 4
[    0.621971][    T1] rsc_vaudit: rsc_vaudit_init cpu 0 func ffffffc009a21550(wake_up_fifo_out_work_func.cfi_jt+0x0/0x8) flag 0
[    0.622182][    T1] rsc_vaudit: rsc_vaudit_init cpu 1 func ffffffc009a21550(wake_up_fifo_out_work_func.cfi_jt+0x0/0x8) flag 4
[    0.622388][    T1] rsc_vaudit: rsc_vaudit_init cpu 1 func ffffffc009a21550(wake_up_fifo_out_work_func.cfi_jt+0x0/0x8) flag 0
[    0.622589][    T1] rsc_vaudit: rsc_vaudit_init cpu 2 func ffffffc009a21550(wake_up_fifo_out_work_func.cfi_jt+0x0/0x8) flag 4
[    0.622796][    T1] rsc_vaudit: rsc_vaudit_init cpu 2 func ffffffc009a21550(wake_up_fifo_out_work_func.cfi_jt+0x0/0x8) flag 0
[    0.623132][    T1] rsc_vaudit: rsc_vaudit_init cpu 3 func ffffffc009a21550(wake_up_fifo_out_work_func.cfi_jt+0x0/0x8) flag 0
[    0.623324][    T1] rsc_vaudit: rsc_vaudit_init cpu 3 func ffffffc009a21550(wake_up_fifo_out_work_func.cfi_jt+0x0/0x8) flag 0
[    0.623540][    T1] rsc_vaudit: rsc_vaudit_init cpu 4 func ffffffc009a21550(wake_up_fifo_out_work_func.cfi_jt+0x0/0x8) flag 0
[    0.623716][    T1] rsc_vaudit: rsc_vaudit_init cpu 4 func ffffffc009a21550(wake_up_fifo_out_work_func.cfi_jt+0x0/0x8) flag 0
[    0.623904][    T1] rsc_vaudit: rsc_vaudit_init cpu 5 func ffffffc009a21550(wake_up_fifo_out_work_func.cfi_jt+0x0/0x8) flag 0
[    0.624114][    T1] rsc_vaudit: rsc_vaudit_init cpu 5 func ffffffc009a21550(wake_up_fifo_out_work_func.cfi_jt+0x0/0x8) flag 0
[    0.624303][    T1] rsc_vaudit: rsc_vaudit_init cpu 6 func ffffffc009a21550(wake_up_fifo_out_work_func.cfi_jt+0x0/0x8) flag 0
[    0.624495][    T1] rsc_vaudit: rsc_vaudit_init cpu 6 func ffffffc009a21550(wake_up_fifo_out_work_func.cfi_jt+0x0/0x8) flag 0
[    0.624681][    T1] rsc_vaudit: rsc_vaudit_init cpu 7 func ffffffc009a21550(wake_up_fifo_out_work_func.cfi_jt+0x0/0x8) flag 0
[    0.624864][    T1] rsc_vaudit: rsc_vaudit_init cpu 7 func ffffffc009a21550(wake_up_fifo_out_work_func.cfi_jt+0x0/0x8) flag 0
[    0.625843][    T1] rsc_sys_api: rsc_kallsyms_lookup_name lookup for symbol get_wchan
[    0.625924][    T1] rsc_vaudit: rsc_vaudit_init rsc_kallsyms_lookup_name succcess
[    0.627682][    T1] rsc_vaudit: register_vaudit_vendor_hooks ok
[    0.627828][    T1] rsc_vaudit: ^RSC vaudit rsc_vaudit_init: inited! vaudit_fifo size: 4096 lastsize: 128
[    0.628469][    T1] Scheduler tracepoints stat_sleep, stat_iowait, stat_blocked and stat_runtime require the kernel parameter schedstats=enable or kernel.sched_schedstats=1
[    0.629056][    T1] rsc_binder_event: rsc_binder_event_notif_init finish!
[    0.629820][    T1] rsc_sys_api: rsc_kallsyms_lookup_name lookup for symbol binder_add_freeze_work
[    0.638543][    T1] rsc_sys_api: rsc_kallsyms_lookup_name lookup for symbol binder_free_proc
[    0.648258][    T1] rsc_sys_api: rsc_kallsyms_lookup_name lookup for symbol binder_wakeup_poll_threads_ilocked
[    0.658405][    T1] rsc_binder_frozen_callback: rsc_binder_frozen_callback_init finish!
[    0.659340][    T1] rsc_tsk_policy: module init ok!
[    0.663114][    T1] ^RSC rsc driver init done!
[    0.663627][    T1] Loading compiled-in X.509 certificates
[    0.664146][    T1] page_owner is disabled
[    0.664726][    T1] Key type .fscrypt registered
[    0.664828][    T1] Key type fscrypt-provisioning registered
[    0.668584][    T1] 
[    0.668665][    T1] ********************************************************************
[    0.668863][    T1] **     NOTICE NOTICE NOTICE NOTICE NOTICE NOTICE NOTICE           **
[    0.669024][    T1] **                                                                **
[    0.669163][    T1] **  WRITEABLE clk DebugFS SUPPORT HAS BEEN ENABLED IN THIS KERNEL **
[    0.669313][    T1] **                                                                **
[    0.669452][    T1] ** This means that this kernel is built to expose clk operations  **
[    0.669594][    T1] ** such as parent or rate setting, enabling, disabling, etc.      **
[    0.669735][    T1] ** to userspace, which may compromise security on your system.    **
[    0.669894][    T1] **                                                                **
[    0.670037][    T1] ** If you see this message and you are not debugging the          **
[    0.670185][    T1] ** kernel, report this immediately to your vendor!                **
[    0.670323][    T1] **                                                                **
[    0.670815][    T1] **     NOTICE NOTICE NOTICE NOTICE NOTICE NOTICE NOTICE           **
[    0.670954][    T1] ********************************************************************
[    0.676584][    T1] input: gpio-keys as /devices/platform/gpio-keys/input/input0
[    0.681093][    T1] clk: Disabling unused clocks
[    0.681650][    T1] ALSA device list:
[    0.681872][    T1]   No soundcards found.
[    0.684592][    T1] uart-pl011 9000000.pl011: no DMA platform data
[    0.712461][    T1] Freeing unused kernel memory: 3200K
[    0.713382][    T1] Run /init as init process

=== SWEEP-PD2238 ===
BOOTID_BEFORE=f72323d4-4b11-48ed-97f5-c07b66a47abc

WTID=0x0000000000000085
REQUEUE_DONE
WAITER_RET
[    3.788464][  T135] Unable to handle kernel read from unreadable memory at virtual address 0000000000000dc0
[    3.788811][  T135] Mem abort info:
[    3.788884][  T135]   ESR = 0x96000005
[    3.788972][  T135]   EC = 0x25: DABT (current EL), IL = 32 bits
[    3.789103][  T135]   SET = 0, FnV = 0
[    3.789180][  T135]   EA = 0, S1PTW = 0
[    3.789273][  T135] Data abort info:
[    3.789351][  T135]   ISV = 0, ISS = 0x00000005
[    3.789450][  T135]   CM = 0, WnR = 0
[    3.789565][  T135] user pgtable: 4k pages, 39-bit VAs, pgdp=00000000452fd000
[    3.789696][  T135] [0000000000000dc0] pgd=0000000045308003, p4d=0000000045308003, pud=0000000045308003, pmd=0000000000000000
[    3.790115][  T135] Internal error: Oops: 96000005 [#1] PREEMPT SMP
OPEN n=[    3.790367][  T135] Modules linked in:
0x00000000000000be[    3.790610][  T135] CPU: 1 PID: 135 Comm: init Not tainted 5.10.246-android12-9-g9c94fefc2317-dirty #1
[    3.790778][  T135] Hardware name: linux,dummy-virt (DT)
 hi=[    3.790956][  T135] pstate: 80400085 (Nzcv daIf +PAN -UAO -TCO BTYPE=--)
0x0000000000000240[    3.791100][  T135] pc : rt_mutex_adjust_prio_chain+0x188/0x1948
[    3.791213][  T135] lr : max_tt_usecs+0x61fd/0x1e038

[    3.791307][  T135] sp : ffffffc00b543c50
[    3.791400][  T135] x29: ffffffc00b543c80 x28: ffffffc00b533b10 
ROUND s=[    3.791524][  T135] x27: 0000000000000dc0 x26: 0000000000000001 
[    3.791644][  T135] x25: ffffff8003e9c3ac x24: 0000000000000dc0 
[    3.791745][  T135] x23: 0000000000000000 x22: 0000000000000000 
0x0000000000000000
[    3.792190][  T135] x21: 0000000000000000 x20: ffffff8003e9cf18 
[    3.792531][  T135] x19: ffffff8003e9bb40 x18: ffffffc00b52b040 
[    3.792728][  T135] x17: ffffffc00aaf0000 x16: ffffffc00ab06000 
[    3.792931][  T135] x15: ffffffc00aaf0000 x14: 00000000c0000000 
[    3.793103][  T135] x13: 0000000000000001 x12: ffffff8003e9cf00 
[    3.793228][  T135] x11: ffffffc00aaf0000 x10: 0000000000000000 
[    3.793392][  T135] x9 : 0000000000000010 x8 : 0000000000000003 
[    3.793507][  T135] x7 : 00000000000000e0 x6 : 0000000000000008 
[    3.793619][  T135] x5 : ffffff8003e9bb40 x4 : 0000000000000010 
[    3.793730][  T135] x3 : ffffffc00a31006b x2 : 0000000000000000 
[    3.793870][  T135] x1 : 0000000000000000 x0 : ffffff8003e9bb40 
[    3.794074][  T135] Call trace:
[    3.794170][  T135]  rt_mutex_adjust_prio_chain+0x188/0x1948
[    3.794279][  T135]  rt_mutex_adjust_pi+0x174/0x2fc
[    3.794392][  T135]  __sched_setscheduler+0xfdc/0x1780
[    3.794512][  T135]  __do_sys_sched_setattr+0x25c/0x3e8
[    3.794588][  T135]  __arm64_sys_sched_setattr+0x24/0x34
[    3.794664][  T135]  el0_svc_common+0xd4/0x270
[    3.794754][  T135]  el0_svc+0x28/0x98
[    3.794943][  T135]  el0_sync_handler+0x8c/0xf0
[    3.795035][  T135]  el0_sync+0x1b8/0x1c0
[    3.795226][  T135] Code: f9401f9b 88dffe88 11000508 b9000288 (88dfff68) 
[    3.795469][  T135] ---[ end trace 9151c7eb2715b347 ]---
[    3.795700][  T135] Kernel panic - not syncing: Oops: Fatal exception
[    3.795963][  T135] SMP: stopping secondary CPUs
[    3.796344][  T135] Kernel Offset: disabled
[    3.796506][  T135] CPU features: 0x001,40240022,61006000
[    3.796612][  T135] Memory Limit: none
