[    0.000000][    T0] Booting Linux on physical CPU 0x0000000000 [0x410fd083]
[    0.000000][    T0] Linux version 5.10.246-android12-9-g9c94fefc2317-dirty (build-user@build-host) (Android (7284624, based on r416183b) clang version 12.0.5 (https://android.googlesource.com/toolchain/llvm-project c935d99d7cf2016289302412d708641d52d2f7ee), LLD 12.0.5 (/buildbot/src/android/llvm-toolchain/out/llvm-project/lld c935d99d7cf2016289302412d708641d52d2f7ee)) #1 SMP PREEMPT Wed Jul 15 06:16:32 UTC 2026
[    0.000000][    T0] start_kernel from soc kernel
[    0.000000][    T0] random: crng init done
[    0.000000][    T0] Machine model: linux,dummy-virt
[    0.000000][    T0] Stack Depot is disabled
[    0.000000][    T0] KVM is not available. Ignoring kvm-arm.mode
[    0.000000][    T0] efi: UEFI not found.
[    0.000000][    T0] Zone ranges:
[    0.000000][    T0]   DMA32    [mem 0x0000000040000000-0x00000000bfffffff]
[    0.000000][    T0]   Normal   empty
[    0.000000][    T0] Movable zone start for each node
[    0.000000][    T0] Early memory node ranges
[    0.000000][    T0]   node   0: [mem 0x0000000040000000-0x00000000bfffffff]
[    0.000000][    T0] Initmem setup node 0 [mem 0x0000000040000000-0x00000000bfffffff]
[    0.000000][    T0] cma: Reserved 16 MiB at 0x00000000bc800000
[    0.000000][    T0] psci: probing for conduit method from DT.
[    0.000000][    T0] psci: PSCIv1.1 detected in firmware.
[    0.000000][    T0] psci: Using standard PSCI v0.2 function IDs
[    0.000000][    T0] psci: Trusted OS migration not required
[    0.000000][    T0] psci: SMC Calling Convention v1.0
[    0.000000][    T0] percpu: Embedded 35 pages/cpu s103064 r8192 d32104 u143360
[    0.000000][    T0] Detected PIPT I-cache on CPU0
[    0.000000][    T0] CPU features: SYS_ID_AA64MMFR1_EL1[11:8]: already set to 0
[    0.000000][    T0] CPU features: detected: Spectre-v3a
[    0.000000][    T0] CPU features: detected: Spectre-v2
[    0.000000][    T0] CPU features: detected: Spectre-v4
[    0.000000][    T0] CPU features: detected: ARM errata 1165522, 1319367, or 1530923
[    0.000000][    T0] CPU features: detected: Spectre-BHB
[    0.000000][    T0] CPU features: detected: ARM erratum 1742098
[    0.000000][    T0] Built 1 zonelists, mobility grouping on.  Total pages: 516096
[    0.000000][    T0] Kernel command line: stack_depot_disable=on kasan.stacktrace=off kvm-arm.mode=protected cgroup_disable=pressure cgroup.memory=nokmem console=ttyAMA0 nokaslr rdinit=/init panic=-1
[    0.000000][    T0] cgroup: Disabling pressure control group feature
[    0.000000][    T0] Dentry cache hash table entries: 262144 (order: 9, 2097152 bytes, linear)
[    0.000000][    T0] Inode-cache hash table entries: 131072 (order: 8, 1048576 bytes, linear)
[    0.000000][    T0] mem auto-init: stack:all(zero), heap alloc:on, heap free:off
[    0.000000][    T0] Memory: 1990340K/2097152K available (28864K kernel code, 2406K rwdata, 11680K rodata, 3200K init, 1957K bss, 90428K reserved, 16384K cma-reserved)
[    0.000000][    T0] SLUB: HWalign=64, Order=0-3, MinObjects=0, CPUs=4, Nodes=1
[    0.000000][    T0] 
[    0.000000][    T0] **********************************************************
[    0.000000][    T0] **   NOTICE NOTICE NOTICE NOTICE NOTICE NOTICE NOTICE   **
[    0.000000][    T0] **                                                      **
[    0.000000][    T0] ** trace_printk() being used. Allocating extra memory.  **
[    0.000000][    T0] **                                                      **
[    0.000000][    T0] ** This means that this is a DEBUG kernel and it is     **
[    0.000000][    T0] ** unsafe for production use.                           **
[    0.000000][    T0] **                                                      **
[    0.000000][    T0] ** If you see this message and you are not debugging    **
[    0.000000][    T0] ** the kernel, report this immediately to your vendor!  **
[    0.000000][    T0] **                                                      **
[    0.000000][    T0] **   NOTICE NOTICE NOTICE NOTICE NOTICE NOTICE NOTICE   **
[    0.000000][    T0] **********************************************************
[    0.000000][    T0] rcu: Preemptible hierarchical RCU implementation.
[    0.000000][    T0] rcu: 	RCU event tracing is enabled.
[    0.000000][    T0] rcu: 	RCU dyntick-idle grace-period acceleration is enabled.
[    0.000000][    T0] rcu: 	RCU restricting CPUs from NR_CPUS=32 to nr_cpu_ids=4.
[    0.000000][    T0] rcu: 	RCU priority boosting: priority 1 delay 500 ms.
[    0.000000][    T0] 	Trampoline variant of Tasks RCU enabled.
[    0.000000][    T0] 	Tracing variant of Tasks RCU enabled.
[    0.000000][    T0] rcu: RCU calculated value of scheduler-enlistment delay is 25 jiffies.
[    0.000000][    T0] rcu: Adjusting geometry for rcu_fanout_leaf=16, nr_cpu_ids=4
[    0.000000][    T0] NR_IRQS: 64, nr_irqs: 64, preallocated irqs: 0
[    0.000000][    T0] GICv2m: range[mem 0x08020000-0x08020fff], SPI[80:143]
[    0.000000][    T0] rcu: 	Offload RCU callbacks from CPUs: (none).
[    0.000000][    T0] kfence: initialized - using 524288 bytes for 63 objects at 0x(____ptrval____)-0x(____ptrval____)
[    0.000000][    T0] arch_timer: cp15 timer(s) running at 62.50MHz (virt).
[    0.000000][    T0] clocksource: arch_sys_counter: mask: 0xffffffffffffff max_cycles: 0x1cd42e208c, max_idle_ns: 881590405314 ns
[    0.000050][    T0] sched_clock: 56 bits at 62MHz, resolution 16ns, wraps every 4398046511096ns
[    0.003600][    T0] Calibrating delay loop (skipped), value calculated using timer frequency.. 125.00 BogoMIPS (lpj=250000)
[    0.003712][    T0] pid_max: default: 32768 minimum: 301
[    0.007194][    T0] LSM: Security Framework initializing
[    0.007960][    T0] SELinux:  Initializing.
[    0.008501][    T0] Mount-cache hash table entries: 4096 (order: 3, 32768 bytes, linear)
[    0.008538][    T0] Mountpoint-cache hash table entries: 4096 (order: 3, 32768 bytes, linear)
[    0.016069][    T0] PARTITION_PROTECT[create_monitor_kobject]: create group success
[    0.034975][    T1] /cpus/cpu-map: empty cluster
[    0.041889][    T1] RSC fifokwoker: set kworker(kworker/0:0H/F) to fifo nice: 0xbeeefeed flags: 0x0.
[    0.043522][    T1] RSC fifokwoker: set kworker(kworker/0:0H/F) to fifo nice: 0xbeeffeed flags: 0x0.
[    0.049700][    T1] rcu: Hierarchical SRCU implementation.
[    0.053198][    T1] EFI services will not be available.
[    0.054118][    T1] smp: Bringing up secondary CPUs ...
[    0.060025][    T1] RSC fifokwoker: set kworker(kworker/1:0H/F) to fifo nice: 0xbeeefeed flags: 0x4.
[    0.060148][    T1] RSC fifokwoker: set kworker(kworker/1:0H/F) to fifo nice: 0xbeeffeed flags: 0x4.
[    0.062670][    T0] Detected PIPT I-cache on CPU1
[    0.063437][    T0] CPU1: Booted secondary processor 0x0000000001 [0x410fd083]
[    0.068777][    T1] RSC fifokwoker: set kworker(kworker/2:0H/F) to fifo nice: 0xbeeefeed flags: 0x4.
[    0.069497][    T1] RSC fifokwoker: set kworker(kworker/2:0H/F) to fifo nice: 0xbeeffeed flags: 0x4.
[    0.070612][    T0] Detected PIPT I-cache on CPU2
[    0.070801][    T0] CPU2: Booted secondary processor 0x0000000002 [0x410fd083]
[    0.072213][    T1] RSC fifokwoker: set kworker(kworker/3:0H/F) to fifo nice: 0xbeeefeed flags: 0x4.
[    0.072389][    T1] RSC fifokwoker: set kworker(kworker/3:0H/F) to fifo nice: 0xbeeffeed flags: 0x4.
[    0.073540][    T0] Detected PIPT I-cache on CPU3
[    0.073776][    T0] CPU3: Booted secondary processor 0x0000000003 [0x410fd083]
[    0.074829][    T1] smp: Brought up 1 node, 4 CPUs
[    0.074860][    T1] SMP: Total of 4 processors activated.
[    0.074961][    T1] CPU features: detected: 32-bit EL0 Support
[    0.075008][    T1] CPU features: detected: CRC32 instructions
[    0.075056][    T1] CPU features: detected: 32-bit EL1 Support
[    0.078425][    T1] CPU features: emulated: Privileged Access Never (PAN) using TTBR0_EL1 switching
[    0.220479][    T1] CPU: All CPU(s) started at EL1
[    0.221645][   T18] alternatives: patching kernel code
[    0.242424][    T1] Registered cp15_barrier emulation handler
[    0.242673][    T1] Registered setend emulation handler
[    0.242789][    T1] KASLR disabled on command line
[    0.243688][    T1] clocksource: jiffies: mask: 0xffffffff max_cycles: 0xffffffff, max_idle_ns: 7645041785100000 ns
[    0.243843][    T1] futex hash table entries: 1024 (order: 4, 65536 bytes, linear)
[    0.247711][    T1] pinctrl core: initialized pinctrl subsystem
[    0.259963][    T1] NET: Registered protocol family 16
[    0.265699][   T27] RSC fifokwoker: set kworker(kworker/1:1H/F) to fifo nice: 0xbeeffeed flags: 0x1.
[    0.265845][   T35] RSC fifokwoker: set kworker(kworker/2:1H/F) to fifo nice: 0xbeeffeed flags: 0x1.
[    0.266429][    T8] RSC fifokwoker: set kworker(kworker/0:1H/F) to fifo nice: 0xbeeffeed flags: 0x1.
[    0.266513][   T43] RSC fifokwoker: set kworker(kworker/3:1H/F) to fifo nice: 0xbeeffeed flags: 0x1.
[    0.274837][    T1] DMA: preallocated 256 KiB GFP_KERNEL pool for atomic allocations
[    0.276013][    T1] DMA: preallocated 256 KiB GFP_KERNEL|GFP_DMA32 pool for atomic allocations
[    0.276479][    T1] audit: initializing netlink subsys (disabled)
[    0.278839][   T49] audit: type=2000 audit(0.212:1): state=initialized audit_enabled=0 res=1
[    0.282446][    T1] thermal_sys: Registered thermal governor 'step_wise'
[    0.282499][    T1] thermal_sys: Registered thermal governor 'user_space'
[    0.282515][    T1] thermal_sys: Registered thermal governor 'power_allocator'
[    0.283520][    T1] cpuidle: using governor menu
[    0.284504][    T1] hw-breakpoint: found 6 breakpoint and 4 watchpoint registers.
[    0.285241][    T1] ASID allocator initialised with 65536 entries
[    0.286449][    T1] Serial: AMBA PL011 UART driver
[    0.305276][    T1] 9000000.pl011: ttyAMA0 at MMIO 0x9000000 (irq = 47, base_baud = 0) is a PL011 rev1
[    0.323538][    T1] printk: console [ttyAMA0] enabled
[    0.370890][    T1] iommu: Default domain type: Translated 
[    0.373290][    T1] SCSI subsystem initialized
[    0.374011][    T1] usbcore: registered new interface driver usbfs
[    0.374311][    T1] usbcore: registered new interface driver hub
[    0.374535][    T1] usbcore: registered new device driver usb
[    0.375909][    T1] mc: Linux media interface: v0.10
[    0.376088][    T1] videodev: Linux video capture interface: v2.00
[    0.376773][    T1] EDAC MC: Ver: 3.0.0
[    0.380534][    T1] Advanced Linux Sound Architecture Driver Initialized.
[    0.386634][    T1] Bluetooth: Core ver 2.22
[    0.386829][    T1] NET: Registered protocol family 31
[    0.386930][    T1] Bluetooth: HCI device and connection manager initialized
[    0.387369][    T1] Bluetooth: HCI socket layer initialized
[    0.387523][    T1] Bluetooth: L2CAP socket layer initialized
[    0.387792][    T1] Bluetooth: SCO socket layer initialized
[    0.388944][    T1] nfc: nfc_init: NFC Core ver 0.1
[    0.390362][    T1] NET: Registered protocol family 39
[    0.392005][    T1] clocksource: Switched to clocksource arch_sys_counter
[    0.454413][    T1] VFS: Disk quotas dquot_6.6.0
[    0.454765][    T1] VFS: Dquot-cache hash table entries: 512 (order 0, 4096 bytes)
[    0.457068][    T1] NET: Registered protocol family 2
[    0.458195][    T1] IP idents hash table entries: 32768 (order: 6, 262144 bytes, linear)
[    0.465675][    T1] tcp_listen_portaddr_hash hash table entries: 1024 (order: 2, 16384 bytes, linear)
[    0.466275][    T1] TCP established hash table entries: 16384 (order: 5, 131072 bytes, linear)
[    0.466698][    T1] TCP bind hash table entries: 16384 (order: 6, 262144 bytes, linear)
[    0.467174][    T1] TCP: Hash tables configured (established 16384 bind 16384)
[    0.468390][    T1] UDP hash table entries: 1024 (order: 3, 32768 bytes, linear)
[    0.468814][    T1] UDP-Lite hash table entries: 1024 (order: 3, 32768 bytes, linear)
[    0.469914][    T1] NET: Registered protocol family 1
[    0.470322][    T1] NET: Registered protocol family 44
[    0.470643][    T1] PCI: CLS 0 bytes, default 64
[    0.476833][    T1] Trying to unpack rootfs image as initramfs...
[    0.482802][    T1] Freeing initrd memory: 4K
[    0.487864][    T1] hw perfevents: enabled with armv8_pmuv3 PMU driver, 7 counters available
[    0.488734][    T1] kvm [1]: HYP mode not available
[    0.499347][    T1] Initialise system trusted keyrings
[    0.502108][    T1] workingset: timestamp_bits=46 max_order=19 bucket_order=0
[    0.509203][  T129] VMET:<kthppoold, 594>: kthppoold ...... running
[    0.513699][    T1] fuse: init (API version 7.32)
[    0.539949][    T1] Key type asymmetric registered
[    0.540244][    T1] Asymmetric key parser 'x509' registered
[    0.540565][    T1] Block layer SCSI generic (bsg) driver version 0.4 loaded (major 241)
[    0.541257][    T1] io scheduler mq-deadline registered
[    0.541505][    T1] io scheduler kyber registered
[    0.542194][    T1] io scheduler bfq registered
[    0.542348][    T1] FCACHE: filecache_init: total=2054889472
[    0.547495][    T1] pl061_gpio 9030000.pl061: PL061 GPIO chip registered
[    0.548645][    T1] pci-host-generic 4010000000.pcie: host bridge /pcie@10000000 ranges:
[    0.549234][    T1] pci-host-generic 4010000000.pcie:       IO 0x003eff0000..0x003effffff -> 0x0000000000
[    0.549747][    T1] pci-host-generic 4010000000.pcie:      MEM 0x0010000000..0x003efeffff -> 0x0010000000
[    0.549923][    T1] pci-host-generic 4010000000.pcie:      MEM 0x8000000000..0xffffffffff -> 0x8000000000
[    0.550795][    T1] pci-host-generic 4010000000.pcie: ECAM at [mem 0x4010000000-0x401fffffff] for [bus 00-ff]
[    0.551569][    T1] pci-host-generic 4010000000.pcie: PCI host bridge to bus 0000:00
[    0.551822][    T1] pci_bus 0000:00: root bus resource [bus 00-ff]
[    0.551975][    T1] pci_bus 0000:00: root bus resource [io  0x0000-0xffff]
[    0.552087][    T1] pci_bus 0000:00: root bus resource [mem 0x10000000-0x3efeffff]
[    0.552219][    T1] pci_bus 0000:00: root bus resource [mem 0x8000000000-0xffffffffff]
[    0.553491][    T1] pci 0000:00:00.0: [1b36:0008] type 00 class 0x060000
[    0.556010][    T1] pci 0000:00:01.0: [1af4:1000] type 00 class 0x020000
[    0.556298][    T1] pci 0000:00:01.0: reg 0x10: [io  0x0000-0x001f]
[    0.556439][    T1] pci 0000:00:01.0: reg 0x14: [mem 0x00000000-0x00000fff]
[    0.556682][    T1] pci 0000:00:01.0: reg 0x20: [mem 0x00000000-0x00003fff 64bit pref]
[    0.556931][    T1] pci 0000:00:01.0: reg 0x30: [mem 0x00000000-0x0003ffff pref]
[    0.558638][    T1] pci 0000:00:01.0: BAR 6: assigned [mem 0x10000000-0x1003ffff pref]
[    0.558998][    T1] pci 0000:00:01.0: BAR 4: assigned [mem 0x8000000000-0x8000003fff 64bit pref]
[    0.559366][    T1] pci 0000:00:01.0: BAR 1: assigned [mem 0x10040000-0x10040fff]
[    0.559588][    T1] pci 0000:00:01.0: BAR 0: assigned [io  0x1000-0x101f]
[    0.565619][   T19] cacheinfo: Unable to detect cache hierarchy for CPU 0
[    0.583521][    T1] brd: module loaded
[    0.597815][    T1] loop: module loaded
[    0.598003][    T1] mobile_data_tcp_module_init 2023_0620
[    0.598232][    T1] #### cellular_static_conunt_init in version V0.1
[    0.602676][    T1] wireguard: WireGuard 1.0.0 loaded. See www.wireguard.com for information.
[    0.602870][    T1] wireguard: Copyright (C) 2015-2019 Jason A. Donenfeld <Jason@zx2c4.com>. All Rights Reserved.
[    0.606606][    T1] tun: Universal TUN/TAP device driver, 1.6
[    0.606938][    T1] CAN device driver interface
[    0.607054][    T1] PPP generic driver version 2.4.2
[    0.607448][    T1] PPP BSD Compression module registered
[    0.607594][    T1] PPP Deflate Compression module registered
[    0.608404][    T1] PPP MPPE Compression module registered
[    0.608527][    T1] NET: Registered protocol family 24
[    0.608653][    T1] PPTP driver version 0.8.5
[    0.609305][    T1] usbcore: registered new interface driver rtl8150
[    0.609503][    T1] usbcore: registered new interface driver r8152
[    0.609700][    T1] usbcore: registered new interface driver cdc_ether
[    0.609864][    T1] usbcore: registered new interface driver cdc_eem
[    0.610025][    T1] usbcore: registered new interface driver cdc_ncm
[    0.610172][    T1] usbcore: registered new interface driver aqc111
[    0.610697][    T1] ehci_hcd: USB 2.0 'Enhanced' Host Controller (EHCI) Driver
[    0.610864][    T1] ehci-pci: EHCI PCI platform driver
[    0.611017][    T1] ehci-platform: EHCI generic platform driver
[    0.611645][    T1] usbcore: registered new interface driver cdc_acm
[    0.611754][    T1] cdc_acm: USB Abstract Control Model driver for USB modems and ISDN adapters
[    0.612544][    T1] usbcore: registered new interface driver uas
[    0.612790][    T1] usbcore: registered new interface driver usb-storage
[    0.614303][    T1] dummy_hcd dummy_hcd.0: USB Host+Gadget Emulator, driver 02 May 2005
[    0.614884][    T1] dummy_hcd dummy_hcd.0: Dummy host controller
[    0.615226][    T1] dummy_hcd dummy_hcd.0: new USB bus registered, assigned bus number 1
[    0.619141][    T1] usb usb1: New USB device found, idVendor=1d6b, idProduct=0002, bcdDevice= 5.10
[    0.619318][    T1] usb usb1: New USB device strings: Mfr=3, Product=2, SerialNumber=1
[    0.619458][    T1] usb usb1: Product: Dummy host controller
[    0.619582][    T1] usb usb1: Manufacturer: Linux 5.10.246-android12-9-g9c94fefc2317-dirty dummy_hcd
[    0.620204][    T1] usb usb1: SerialNumber: dummy_hcd.0
[    0.622978][    T1] hub 1-0:1.0: USB hub found
[    0.623505][    T1] hub 1-0:1.0: 1 port detected
[    0.631948][    T1] usbcore: registered new interface driver xpad
[    0.635832][    T1] rtc-pl031 9010000.pl031: registered as rtc0
[    0.636687][    T1] rtc-pl031 9010000.pl031: setting system clock to 2026-08-23T16:13:31 UTC (1787501611)
[    0.637454][    T1] i2c /dev entries driver
[    0.637918][    T1] usbcore: registered new interface driver uvcvideo
[    0.638068][    T1] USB Video Class driver (1.1.1)
[    0.638659][    T1] gspca_main: v2.14.0 registered
[    0.639592][    T1] device-mapper: uevent: version 1.0.3
[    0.640259][    T1] device-mapper: ioctl: 4.44.0-ioctl (2021-02-01) initialised: dm-devel@redhat.com
[    0.641819][    T1] Bluetooth: HCI UART driver ver 2.3
[    0.641976][    T1] Bluetooth: HCI UART protocol H4 registered
[    0.642118][    T1] Bluetooth: HCI UART protocol LL registered
[    0.642303][    T1] Bluetooth: HCI UART protocol Broadcom registered
[    0.642428][    T1] Bluetooth: HCI UART protocol QCA registered
[    0.643691][    T1] sdhci: Secure Digital Host Controller Interface driver
[    0.643821][    T1] sdhci: Copyright(c) Pierre Ossman
[    0.643911][    T1] sdhci-pltfm: SDHCI platform and OF driver helper
[    0.644300][    T1] hid: raw HID events driver (C) Jiri Kosina
[    0.646837][    T1] usbcore: registered new interface driver usbhid
[    0.646993][    T1] usbhid: USB HID core driver
[    0.647536][    T1] ashmem: initialized
[    0.648759][    T1] gnss: GNSS driver registered with major 234
[    0.649204][    T1] #### sla_static_collector_init in version V0.97
[    0.649611][    T1] vne(vne_network_qoe_init): complete
[    0.649801][    T1] vne(vne_network_syn_init): complete
[    0.649902][    T1] vne(vivo_net_evolve_init): successed!
[    0.650323][    T1] [netb] netbooster_init: init netbooster ver 1.0
[    0.651041][    T1] sch_uprio: [prio_module_init]
[    0.651151][    T1] sch_cfg: callback(1) registered successfully
[    0.652128][    T1] system_exception initialized
[    0.653059][    T1] usbcore: registered new interface driver snd-usb-audio
[    0.654749][    T1] GACT probability NOT on
[    0.655010][    T1] Mirror/redirect action on
[    0.655407][    T1] netem: version 1.3
[    0.655632][    T1] u32 classifier
[    0.655695][    T1]     input device check on
[    0.655791][    T1]     Actions configured
[    0.661975][    T1] xt_time: kernel timezone is -0000
[    0.662813][    T1] ipip: IPv4 and MPLS over IPv4 tunneling driver
[    0.664659][    T1] gre: GRE over IPv4 demultiplexor driver
[    0.664885][    T1] ip_gre: GRE over IPv4 tunneling driver
[    0.666776][    T1] IPv4 over IPsec tunneling driver
[    0.672523][    T1] Initializing XFRM netlink socket
[    0.672881][    T1] IPsec XFRM device driver
[    0.674064][    T1] NET: Registered protocol family 10
[    0.681486][    T1] Segment Routing with IPv6
[    0.682235][    T1] mip6: Mobile IPv6
[    0.685850][    T1] sit: IPv6, IPv4 and MPLS over IPv4 tunneling driver
[    0.689026][    T1] ip6_gre: GRE over IPv6 tunneling driver
[    0.690796][    T1] NET: Registered protocol family 17
[    0.691258][    T1] NET: Registered protocol family 15
[    0.691725][    T1] can: controller area network core
[    0.692207][    T1] NET: Registered protocol family 29
[    0.692332][    T1] can: raw protocol
[    0.693159][    T1] can: broadcast manager protocol
[    0.693390][    T1] can: netlink gateway - max_hops=1
[    0.694494][    T1] Bluetooth: RFCOMM TTY layer initialized
[    0.695256][    T1] Bluetooth: RFCOMM socket layer initialized
[    0.695750][    T1] Bluetooth: RFCOMM ver 1.11
[    0.695906][    T1] Bluetooth: HIDP (Human Interface Emulation) ver 1.2
[    0.696063][    T1] Bluetooth: HIDP socket layer initialized
[    0.696326][    T1] l2tp_core: L2TP core driver, V2.0
[    0.696569][    T1] l2tp_ppp: PPPoL2TP kernel driver, V2.0
[    0.696703][    T1] tipc: Activated (version 2.0.0)
[    0.698300][    T1] NET: Registered protocol family 30
[    0.699864][    T1] tipc: Started in single node mode
[    0.715876][    T1] NET: Registered protocol family 36
[    0.716746][    T1] NET: Registered protocol family 40
[    0.718954][    T1] registered taskstats version 1
[    0.719303][    T1] sizeof(struct vivo_tsk_struct) 352 task_struct 480
[    0.719317][    T1] ^RSC @rsc_main_data_init: done!
[    0.724784][    T1] rsc_sys_api: rsc_kallsyms_lookup_name lookup for symbol kernfs_setattr
[    0.727542][    T1] rsc_sys_api: rsc_kallsyms_lookup_name lookup for symbol filp_open
[    0.730304][    T1] rsc_sys_api: rsc_kallsyms_lookup_name lookup for symbol kernel_write
[    0.733396][    T1] ^RSC @rsc_main_pdrv_probe: rsc probe done!
[    0.735663][    T1] ^RSC init_cpu_core_masks cluster num: 0 topeff: 1024 maxeff: 1024 mineff: 1024 rsc_cpu_bigcore: 0-3 littlecore: 0-3 lastcore: 3 bigcorenum: 4 midcore: 0-3 maxcore: 
[    0.736836][  T150] wait for cpufreq driver register
[    0.736842][    T1] rsc_vaudit: rsc_vaudit_init start
[    0.737212][    T1] rsc_vaudit: rsc_vaudit_init cpu 0 func ffffffc009a21550(wake_up_fifo_out_work_func.cfi_jt+0x0/0x8) flag 4
[    0.737412][    T1] rsc_vaudit: rsc_vaudit_init cpu 0 func ffffffc009a21550(wake_up_fifo_out_work_func.cfi_jt+0x0/0x8) flag 0
[    0.737657][    T1] rsc_vaudit: rsc_vaudit_init cpu 1 func ffffffc009a21550(wake_up_fifo_out_work_func.cfi_jt+0x0/0x8) flag 4
[    0.737886][    T1] rsc_vaudit: rsc_vaudit_init cpu 1 func ffffffc009a21550(wake_up_fifo_out_work_func.cfi_jt+0x0/0x8) flag 0
[    0.738072][    T1] rsc_vaudit: rsc_vaudit_init cpu 2 func ffffffc009a21550(wake_up_fifo_out_work_func.cfi_jt+0x0/0x8) flag 4
[    0.738287][    T1] rsc_vaudit: rsc_vaudit_init cpu 2 func ffffffc009a21550(wake_up_fifo_out_work_func.cfi_jt+0x0/0x8) flag 0
[    0.738478][    T1] rsc_vaudit: rsc_vaudit_init cpu 3 func ffffffc009a21550(wake_up_fifo_out_work_func.cfi_jt+0x0/0x8) flag 4
[    0.738703][    T1] rsc_vaudit: rsc_vaudit_init cpu 3 func ffffffc009a21550(wake_up_fifo_out_work_func.cfi_jt+0x0/0x8) flag 0
[    0.738912][    T1] rsc_vaudit: rsc_vaudit_init cpu 4 func ffffffc009a21550(wake_up_fifo_out_work_func.cfi_jt+0x0/0x8) flag 4
[    0.739098][    T1] rsc_vaudit: rsc_vaudit_init cpu 4 func ffffffc009a21550(wake_up_fifo_out_work_func.cfi_jt+0x0/0x8) flag 0
[    0.739288][    T1] rsc_vaudit: rsc_vaudit_init cpu 5 func ffffffc009a21550(wake_up_fifo_out_work_func.cfi_jt+0x0/0x8) flag 0
[    0.739466][    T1] rsc_vaudit: rsc_vaudit_init cpu 5 func ffffffc009a21550(wake_up_fifo_out_work_func.cfi_jt+0x0/0x8) flag 0
[    0.739657][    T1] rsc_vaudit: rsc_vaudit_init cpu 6 func ffffffc009a21550(wake_up_fifo_out_work_func.cfi_jt+0x0/0x8) flag 0
[    0.739848][    T1] rsc_vaudit: rsc_vaudit_init cpu 6 func ffffffc009a21550(wake_up_fifo_out_work_func.cfi_jt+0x0/0x8) flag 0
[    0.740033][    T1] rsc_vaudit: rsc_vaudit_init cpu 7 func ffffffc009a21550(wake_up_fifo_out_work_func.cfi_jt+0x0/0x8) flag 0
[    0.740221][    T1] rsc_vaudit: rsc_vaudit_init cpu 7 func ffffffc009a21550(wake_up_fifo_out_work_func.cfi_jt+0x0/0x8) flag 0
[    0.741333][    T1] rsc_sys_api: rsc_kallsyms_lookup_name lookup for symbol get_wchan
[    0.741419][    T1] rsc_vaudit: rsc_vaudit_init rsc_kallsyms_lookup_name succcess
[    0.742368][    T1] rsc_vaudit: register_vaudit_vendor_hooks ok
[    0.742562][    T1] rsc_vaudit: ^RSC vaudit rsc_vaudit_init: inited! vaudit_fifo size: 4096 lastsize: 128
[    0.743198][    T1] Scheduler tracepoints stat_sleep, stat_iowait, stat_blocked and stat_runtime require the kernel parameter schedstats=enable or kernel.sched_schedstats=1
[    0.744292][    T1] rsc_binder_event: rsc_binder_event_notif_init finish!
[    0.745229][    T1] rsc_sys_api: rsc_kallsyms_lookup_name lookup for symbol binder_add_freeze_work
[    0.753860][    T1] rsc_sys_api: rsc_kallsyms_lookup_name lookup for symbol binder_free_proc
[    0.763424][    T1] rsc_sys_api: rsc_kallsyms_lookup_name lookup for symbol binder_wakeup_poll_threads_ilocked
[    0.773595][    T1] rsc_binder_frozen_callback: rsc_binder_frozen_callback_init finish!
[    0.774844][    T1] rsc_tsk_policy: module init ok!
[    0.777976][    T1] ^RSC rsc driver init done!
[    0.778504][    T1] Loading compiled-in X.509 certificates
[    0.778900][    T1] page_owner is disabled
[    0.779455][    T1] Key type .fscrypt registered
[    0.779550][    T1] Key type fscrypt-provisioning registered
[    0.784120][    T1] 
[    0.784208][    T1] ********************************************************************
[    0.784346][    T1] **     NOTICE NOTICE NOTICE NOTICE NOTICE NOTICE NOTICE           **
[    0.784837][    T1] **                                                                **
[    0.784982][    T1] **  WRITEABLE clk DebugFS SUPPORT HAS BEEN ENABLED IN THIS KERNEL **
[    0.785128][    T1] **                                                                **
[    0.785262][    T1] ** This means that this kernel is built to expose clk operations  **
[    0.785399][    T1] ** such as parent or rate setting, enabling, disabling, etc.      **
[    0.785544][    T1] ** to userspace, which may compromise security on your system.    **
[    0.785674][    T1] **                                                                **
[    0.785854][    T1] ** If you see this message and you are not debugging the          **
[    0.785993][    T1] ** kernel, report this immediately to your vendor!                **
[    0.786132][    T1] **                                                                **
[    0.786269][    T1] **     NOTICE NOTICE NOTICE NOTICE NOTICE NOTICE NOTICE           **
[    0.786408][    T1] ********************************************************************
[    0.792492][    T1] input: gpio-keys as /devices/platform/gpio-keys/input/input0
[    0.797196][    T1] clk: Disabling unused clocks
[    0.797919][    T1] ALSA device list:
[    0.798077][    T1]   No soundcards found.
[    0.801279][    T1] uart-pl011 9000000.pl011: no DMA platform data
[    0.839207][    T1] Freeing unused kernel memory: 3200K
[    0.840247][    T1] Run /init as init process

=== SWEEP-PD2238 ===
BOOTID_BEFORE=c5b5b6f4-0384-4448-a08b-86d88c51b3bb

WTID=0x000000000000009b
REQUEUE_DONE
WAITER_RET
OPEN n=0x00000000000000be hi=0x0000000000000240
ROUND s=0x0000000000000000 BOOTID=c5b5b6f4-0384-4448-a08b-86d88c51b3bb

OPEN n=0x00000000000000be hi=0x0000000000000241
ROUND s=0x0000000000000001 BOOTID=c5b5b6f4-0384-4448-a08b-86d88c51b3bb

OPEN n=0x00000000000000be hi=0x0000000000000242
ROUND s=0x0000000000000002 BOOTID=c5b5b6f4-0384-4448-a08b-86d88c51b3bb

OPEN n=0x00000000000000be hi=0x0000000000000243
ROUND s=0x0000000000000003 BOOTID=c5b5b6f4-0384-4448-a08b-86d88c51b3bb

[ 1359.076225][    C0] BUG: workqueue lockup - pool cpus=2 node=0 flags=0x0 nice=0 stuck for 17592s!
[ 1359.079606][    C0] Showing busy workqueues and worker pools:
[ 1359.080727][    C0] workqueue events: flags=0x0
[ 1359.082529][    C0]   pwq 0: cpus=0 node=0 flags=0x0 nice=0 active=1/256 refcnt=2
[ 1359.084046][    C0]     pending: vmstat_shepherd.cfi_jt
[ 1359.086338][    C0] workqueue events_power_efficient: flags=0x80
[ 1359.088196][    C0]   pwq 0: cpus=0 node=0 flags=0x0 nice=0 active=1/256 refcnt=2
[ 1359.089272][    C0]     pending: check_lifetime.cfi_jt
