[    0.000000][    T0] Booting Linux on physical CPU 0x0000000000 [0x410fd083]
[    0.000000][    T0] Linux version 5.10.246-android12-9-g9c94fefc2317-dirty (build-user@build-host) (Android (7284624, based on r416183b) clang version 12.0.5 (https://android.googlesource.com/toolchain/llvm-project c935d99d7cf2016289302412d708641d52d2f7ee), LLD 12.0.5 (/buildbot/src/android/llvm-toolchain/out/llvm-project/lld c935d99d7cf2016289302412d708641d52d2f7ee)) #1 SMP PREEMPT Wed Jul 15 06:16:32 UTC 2026
[    0.000000][    T0] start_kernel from soc kernel
[    0.000000][    T0] random: crng init done
[    0.000000][    T0] Machine model: linux,dummy-virt
[    0.000000][    T0] Stack Depot is disabled
[    0.000000][    T0] KVM is not available. Ignoring kvm-arm.mode
[    0.000000][    T0] efi: UEFI not found.
[    0.000000][    T0] Zone ranges:
[    0.000000][    T0]   DMA32    [mem 0x0000000040000000-0x00000000bfffffff]
[    0.000000][    T0]   Normal   empty
[    0.000000][    T0] Movable zone start for each node
[    0.000000][    T0] Early memory node ranges
[    0.000000][    T0]   node   0: [mem 0x0000000040000000-0x00000000bfffffff]
[    0.000000][    T0] Initmem setup node 0 [mem 0x0000000040000000-0x00000000bfffffff]
[    0.000000][    T0] cma: Reserved 16 MiB at 0x00000000bc800000
[    0.000000][    T0] psci: probing for conduit method from DT.
[    0.000000][    T0] psci: PSCIv1.1 detected in firmware.
[    0.000000][    T0] psci: Using standard PSCI v0.2 function IDs
[    0.000000][    T0] psci: Trusted OS migration not required
[    0.000000][    T0] psci: SMC Calling Convention v1.0
[    0.000000][    T0] percpu: Embedded 35 pages/cpu s103064 r8192 d32104 u143360
[    0.000000][    T0] Detected PIPT I-cache on CPU0
[    0.000000][    T0] CPU features: SYS_ID_AA64MMFR1_EL1[11:8]: already set to 0
[    0.000000][    T0] CPU features: detected: Spectre-v3a
[    0.000000][    T0] CPU features: detected: Spectre-v2
[    0.000000][    T0] CPU features: detected: Spectre-v4
[    0.000000][    T0] CPU features: detected: ARM errata 1165522, 1319367, or 1530923
[    0.000000][    T0] CPU features: detected: Spectre-BHB
[    0.000000][    T0] CPU features: detected: ARM erratum 1742098
[    0.000000][    T0] Built 1 zonelists, mobility grouping on.  Total pages: 516096
[    0.000000][    T0] Kernel command line: stack_depot_disable=on kasan.stacktrace=off kvm-arm.mode=protected cgroup_disable=pressure cgroup.memory=nokmem console=ttyAMA0 nokaslr rdinit=/init panic=-1
[    0.000000][    T0] cgroup: Disabling pressure control group feature
[    0.000000][    T0] Dentry cache hash table entries: 262144 (order: 9, 2097152 bytes, linear)
[    0.000000][    T0] Inode-cache hash table entries: 131072 (order: 8, 1048576 bytes, linear)
[    0.000000][    T0] mem auto-init: stack:all(zero), heap alloc:on, heap free:off
[    0.000000][    T0] Memory: 1990340K/2097152K available (28864K kernel code, 2406K rwdata, 11680K rodata, 3200K init, 1957K bss, 90428K reserved, 16384K cma-reserved)
[    0.000000][    T0] SLUB: HWalign=64, Order=0-3, MinObjects=0, CPUs=4, Nodes=1
[    0.000000][    T0] 
[    0.000000][    T0] **********************************************************
[    0.000000][    T0] **   NOTICE NOTICE NOTICE NOTICE NOTICE NOTICE NOTICE   **
[    0.000000][    T0] **                                                      **
[    0.000000][    T0] ** trace_printk() being used. Allocating extra memory.  **
[    0.000000][    T0] **                                                      **
[    0.000000][    T0] ** This means that this is a DEBUG kernel and it is     **
[    0.000000][    T0] ** unsafe for production use.                           **
[    0.000000][    T0] **                                                      **
[    0.000000][    T0] ** If you see this message and you are not debugging    **
[    0.000000][    T0] ** the kernel, report this immediately to your vendor!  **
[    0.000000][    T0] **                                                      **
[    0.000000][    T0] **   NOTICE NOTICE NOTICE NOTICE NOTICE NOTICE NOTICE   **
[    0.000000][    T0] **********************************************************
[    0.000000][    T0] rcu: Preemptible hierarchical RCU implementation.
[    0.000000][    T0] rcu: 	RCU event tracing is enabled.
[    0.000000][    T0] rcu: 	RCU dyntick-idle grace-period acceleration is enabled.
[    0.000000][    T0] rcu: 	RCU restricting CPUs from NR_CPUS=32 to nr_cpu_ids=4.
[    0.000000][    T0] rcu: 	RCU priority boosting: priority 1 delay 500 ms.
[    0.000000][    T0] 	Trampoline variant of Tasks RCU enabled.
[    0.000000][    T0] 	Tracing variant of Tasks RCU enabled.
[    0.000000][    T0] rcu: RCU calculated value of scheduler-enlistment delay is 25 jiffies.
[    0.000000][    T0] rcu: Adjusting geometry for rcu_fanout_leaf=16, nr_cpu_ids=4
[    0.000000][    T0] NR_IRQS: 64, nr_irqs: 64, preallocated irqs: 0
[    0.000000][    T0] GICv2m: range[mem 0x08020000-0x08020fff], SPI[80:143]
[    0.000000][    T0] rcu: 	Offload RCU callbacks from CPUs: (none).
[    0.000000][    T0] kfence: initialized - using 524288 bytes for 63 objects at 0x(____ptrval____)-0x(____ptrval____)
[    0.000000][    T0] arch_timer: cp15 timer(s) running at 62.50MHz (virt).
[    0.000000][    T0] clocksource: arch_sys_counter: mask: 0xffffffffffffff max_cycles: 0x1cd42e208c, max_idle_ns: 881590405314 ns
[    0.000080][    T0] sched_clock: 56 bits at 62MHz, resolution 16ns, wraps every 4398046511096ns
[    0.007980][    T0] Calibrating delay loop (skipped), value calculated using timer frequency.. 125.00 BogoMIPS (lpj=250000)
[    0.008139][    T0] pid_max: default: 32768 minimum: 301
[    0.009148][    T0] LSM: Security Framework initializing
[    0.010162][    T0] SELinux:  Initializing.
[    0.010785][    T0] Mount-cache hash table entries: 4096 (order: 3, 32768 bytes, linear)
[    0.010838][    T0] Mountpoint-cache hash table entries: 4096 (order: 3, 32768 bytes, linear)
[    0.019504][    T0] PARTITION_PROTECT[create_monitor_kobject]: create group success
[    0.039434][    T1] /cpus/cpu-map: empty cluster
[    0.047032][    T1] RSC fifokwoker: set kworker(kworker/0:0H/F) to fifo nice: 0xbeeefeed flags: 0x0.
[    0.048686][    T1] RSC fifokwoker: set kworker(kworker/0:0H/F) to fifo nice: 0xbeeffeed flags: 0x0.
[    0.057995][    T1] rcu: Hierarchical SRCU implementation.
[    0.062758][    T1] EFI services will not be available.
[    0.063728][    T1] smp: Bringing up secondary CPUs ...
[    0.069180][    T1] RSC fifokwoker: set kworker(kworker/1:0H/F) to fifo nice: 0xbeeefeed flags: 0x4.
[    0.069304][    T1] RSC fifokwoker: set kworker(kworker/1:0H/F) to fifo nice: 0xbeeffeed flags: 0x4.
[    0.072301][    T0] Detected PIPT I-cache on CPU1
[    0.072973][    T0] CPU1: Booted secondary processor 0x0000000001 [0x410fd083]
[    0.078284][    T1] RSC fifokwoker: set kworker(kworker/2:0H/F) to fifo nice: 0xbeeefeed flags: 0x4.
[    0.079224][    T1] RSC fifokwoker: set kworker(kworker/2:0H/F) to fifo nice: 0xbeeffeed flags: 0x4.
[    0.081060][    T0] Detected PIPT I-cache on CPU2
[    0.081301][    T0] CPU2: Booted secondary processor 0x0000000002 [0x410fd083]
[    0.083244][    T1] RSC fifokwoker: set kworker(kworker/3:0H/F) to fifo nice: 0xbeeefeed flags: 0x4.
[    0.083442][    T1] RSC fifokwoker: set kworker(kworker/3:0H/F) to fifo nice: 0xbeeffeed flags: 0x4.
[    0.085529][    T0] Detected PIPT I-cache on CPU3
[    0.085746][    T0] CPU3: Booted secondary processor 0x0000000003 [0x410fd083]
[    0.086317][    T1] smp: Brought up 1 node, 4 CPUs
[    0.086361][    T1] SMP: Total of 4 processors activated.
[    0.086482][    T1] CPU features: detected: 32-bit EL0 Support
[    0.086533][    T1] CPU features: detected: CRC32 instructions
[    0.086584][    T1] CPU features: detected: 32-bit EL1 Support
[    0.090839][    T1] CPU features: emulated: Privileged Access Never (PAN) using TTBR0_EL1 switching
[    0.275611][    T1] CPU: All CPU(s) started at EL1
[    0.276234][   T18] alternatives: patching kernel code
[    0.299342][    T1] Registered cp15_barrier emulation handler
[    0.299604][    T1] Registered setend emulation handler
[    0.299745][    T1] KASLR disabled on command line
[    0.300923][    T1] clocksource: jiffies: mask: 0xffffffff max_cycles: 0xffffffff, max_idle_ns: 7645041785100000 ns
[    0.301098][    T1] futex hash table entries: 1024 (order: 4, 65536 bytes, linear)
[    0.305754][    T1] pinctrl core: initialized pinctrl subsystem
[    0.319713][    T1] NET: Registered protocol family 16
[    0.325979][    T8] RSC fifokwoker: set kworker(kworker/0:1H/F) to fifo nice: 0xbeeffeed flags: 0x1.
[    0.325994][   T43] RSC fifokwoker: set kworker(kworker/3:1H/F) to fifo nice: 0xbeeffeed flags: 0x1.
[    0.326102][   T35] RSC fifokwoker: set kworker(kworker/2:1H/F) to fifo nice: 0xbeeffeed flags: 0x1.
[    0.327097][   T27] RSC fifokwoker: set kworker(kworker/1:1H/F) to fifo nice: 0xbeeffeed flags: 0x1.
[    0.335228][    T1] DMA: preallocated 256 KiB GFP_KERNEL pool for atomic allocations
[    0.336153][    T1] DMA: preallocated 256 KiB GFP_KERNEL|GFP_DMA32 pool for atomic allocations
[    0.336623][    T1] audit: initializing netlink subsys (disabled)
[    0.339132][   T49] audit: type=2000 audit(0.276:1): state=initialized audit_enabled=0 res=1
[    0.343870][    T1] thermal_sys: Registered thermal governor 'step_wise'
[    0.343935][    T1] thermal_sys: Registered thermal governor 'user_space'
[    0.343955][    T1] thermal_sys: Registered thermal governor 'power_allocator'
[    0.345863][    T1] cpuidle: using governor menu
[    0.346877][    T1] hw-breakpoint: found 6 breakpoint and 4 watchpoint registers.
[    0.347554][    T1] ASID allocator initialised with 65536 entries
[    0.348480][    T1] Serial: AMBA PL011 UART driver
[    0.365214][    T1] 9000000.pl011: ttyAMA0 at MMIO 0x9000000 (irq = 47, base_baud = 0) is a PL011 rev1
[    0.386570][    T1] printk: console [ttyAMA0] enabled
[    0.437977][    T1] iommu: Default domain type: Translated 
[    0.440724][    T1] SCSI subsystem initialized
[    0.441633][    T1] usbcore: registered new interface driver usbfs
[    0.442018][    T1] usbcore: registered new interface driver hub
[    0.442305][    T1] usbcore: registered new device driver usb
[    0.442922][    T1] mc: Linux media interface: v0.10
[    0.443127][    T1] videodev: Linux video capture interface: v2.00
[    0.443860][    T1] EDAC MC: Ver: 3.0.0
[    0.449240][    T1] Advanced Linux Sound Architecture Driver Initialized.
[    0.455880][    T1] Bluetooth: Core ver 2.22
[    0.456131][    T1] NET: Registered protocol family 31
[    0.456249][    T1] Bluetooth: HCI device and connection manager initialized
[    0.456576][    T1] Bluetooth: HCI socket layer initialized
[    0.456746][    T1] Bluetooth: L2CAP socket layer initialized
[    0.457048][    T1] Bluetooth: SCO socket layer initialized
[    0.458804][    T1] nfc: nfc_init: NFC Core ver 0.1
[    0.459147][    T1] NET: Registered protocol family 39
[    0.461214][    T1] clocksource: Switched to clocksource arch_sys_counter
[    0.531472][    T1] VFS: Disk quotas dquot_6.6.0
[    0.531842][    T1] VFS: Dquot-cache hash table entries: 512 (order 0, 4096 bytes)
[    0.534483][    T1] NET: Registered protocol family 2
[    0.535706][    T1] IP idents hash table entries: 32768 (order: 6, 262144 bytes, linear)
[    0.542428][    T1] tcp_listen_portaddr_hash hash table entries: 1024 (order: 2, 16384 bytes, linear)
[    0.543076][    T1] TCP established hash table entries: 16384 (order: 5, 131072 bytes, linear)
[    0.543631][    T1] TCP bind hash table entries: 16384 (order: 6, 262144 bytes, linear)
[    0.544237][    T1] TCP: Hash tables configured (established 16384 bind 16384)
[    0.545669][    T1] UDP hash table entries: 1024 (order: 3, 32768 bytes, linear)
[    0.546036][    T1] UDP-Lite hash table entries: 1024 (order: 3, 32768 bytes, linear)
[    0.547204][    T1] NET: Registered protocol family 1
[    0.547707][    T1] NET: Registered protocol family 44
[    0.548228][    T1] PCI: CLS 0 bytes, default 64
[    0.554954][    T1] Trying to unpack rootfs image as initramfs...
[    0.561366][    T1] Freeing initrd memory: 4K
[    0.567203][    T1] hw perfevents: enabled with armv8_pmuv3 PMU driver, 7 counters available
[    0.568495][    T1] kvm [1]: HYP mode not available
[    0.583137][    T1] Initialise system trusted keyrings
[    0.585265][    T1] workingset: timestamp_bits=46 max_order=19 bucket_order=0
[    0.594000][  T129] VMET:<kthppoold, 594>: kthppoold ...... running
[    0.597890][    T1] fuse: init (API version 7.32)
[    0.630452][    T1] Key type asymmetric registered
[    0.630754][    T1] Asymmetric key parser 'x509' registered
[    0.631811][    T1] Block layer SCSI generic (bsg) driver version 0.4 loaded (major 241)
[    0.632449][    T1] io scheduler mq-deadline registered
[    0.632693][    T1] io scheduler kyber registered
[    0.633153][    T1] io scheduler bfq registered
[    0.633280][    T1] FCACHE: filecache_init: total=2054889472
[    0.639705][    T1] pl061_gpio 9030000.pl061: PL061 GPIO chip registered
[    0.641124][    T1] pci-host-generic 4010000000.pcie: host bridge /pcie@10000000 ranges:
[    0.641901][    T1] pci-host-generic 4010000000.pcie:       IO 0x003eff0000..0x003effffff -> 0x0000000000
[    0.642766][    T1] pci-host-generic 4010000000.pcie:      MEM 0x0010000000..0x003efeffff -> 0x0010000000
[    0.642983][    T1] pci-host-generic 4010000000.pcie:      MEM 0x8000000000..0xffffffffff -> 0x8000000000
[    0.644023][    T1] pci-host-generic 4010000000.pcie: ECAM at [mem 0x4010000000-0x401fffffff] for [bus 00-ff]
[    0.645158][    T1] pci-host-generic 4010000000.pcie: PCI host bridge to bus 0000:00
[    0.645441][    T1] pci_bus 0000:00: root bus resource [bus 00-ff]
[    0.645599][    T1] pci_bus 0000:00: root bus resource [io  0x0000-0xffff]
[    0.645736][    T1] pci_bus 0000:00: root bus resource [mem 0x10000000-0x3efeffff]
[    0.645892][    T1] pci_bus 0000:00: root bus resource [mem 0x8000000000-0xffffffffff]
[    0.647200][    T1] pci 0000:00:00.0: [1b36:0008] type 00 class 0x060000
[    0.650141][    T1] pci 0000:00:01.0: [1af4:1000] type 00 class 0x020000
[    0.650547][    T1] pci 0000:00:01.0: reg 0x10: [io  0x0000-0x001f]
[    0.650684][    T1] pci 0000:00:01.0: reg 0x14: [mem 0x00000000-0x00000fff]
[    0.652008][    T1] pci 0000:00:01.0: reg 0x20: [mem 0x00000000-0x00003fff 64bit pref]
[    0.652178][    T1] pci 0000:00:01.0: reg 0x30: [mem 0x00000000-0x0003ffff pref]
[    0.654058][    T1] pci 0000:00:01.0: BAR 6: assigned [mem 0x10000000-0x1003ffff pref]
[    0.654751][    T1] pci 0000:00:01.0: BAR 4: assigned [mem 0x8000000000-0x8000003fff 64bit pref]
[    0.655094][    T1] pci 0000:00:01.0: BAR 1: assigned [mem 0x10040000-0x10040fff]
[    0.655283][    T1] pci 0000:00:01.0: BAR 0: assigned [io  0x1000-0x101f]
[    0.660793][   T19] cacheinfo: Unable to detect cache hierarchy for CPU 0
[    0.682721][    T1] brd: module loaded
[    0.697031][    T1] loop: module loaded
[    0.697596][    T1] mobile_data_tcp_module_init 2023_0620
[    0.697980][    T1] #### cellular_static_conunt_init in version V0.1
[    0.704350][    T1] wireguard: WireGuard 1.0.0 loaded. See www.wireguard.com for information.
[    0.704901][    T1] wireguard: Copyright (C) 2015-2019 Jason A. Donenfeld <Jason@zx2c4.com>. All Rights Reserved.
[    0.709221][    T1] tun: Universal TUN/TAP device driver, 1.6
[    0.709592][    T1] CAN device driver interface
[    0.709716][    T1] PPP generic driver version 2.4.2
[    0.710159][    T1] PPP BSD Compression module registered
[    0.710332][    T1] PPP Deflate Compression module registered
[    0.710640][    T1] PPP MPPE Compression module registered
[    0.710773][    T1] NET: Registered protocol family 24
[    0.710882][    T1] PPTP driver version 0.8.5
[    0.711488][    T1] usbcore: registered new interface driver rtl8150
[    0.711650][    T1] usbcore: registered new interface driver r8152
[    0.711810][    T1] usbcore: registered new interface driver cdc_ether
[    0.711972][    T1] usbcore: registered new interface driver cdc_eem
[    0.712140][    T1] usbcore: registered new interface driver cdc_ncm
[    0.712279][    T1] usbcore: registered new interface driver aqc111
[    0.712868][    T1] ehci_hcd: USB 2.0 'Enhanced' Host Controller (EHCI) Driver
[    0.713046][    T1] ehci-pci: EHCI PCI platform driver
[    0.713216][    T1] ehci-platform: EHCI generic platform driver
[    0.713957][    T1] usbcore: registered new interface driver cdc_acm
[    0.714110][    T1] cdc_acm: USB Abstract Control Model driver for USB modems and ISDN adapters
[    0.715037][    T1] usbcore: registered new interface driver uas
[    0.715254][    T1] usbcore: registered new interface driver usb-storage
[    0.716841][    T1] dummy_hcd dummy_hcd.0: USB Host+Gadget Emulator, driver 02 May 2005
[    0.717254][    T1] dummy_hcd dummy_hcd.0: Dummy host controller
[    0.717543][    T1] dummy_hcd dummy_hcd.0: new USB bus registered, assigned bus number 1
[    0.721573][    T1] usb usb1: New USB device found, idVendor=1d6b, idProduct=0002, bcdDevice= 5.10
[    0.721769][    T1] usb usb1: New USB device strings: Mfr=3, Product=2, SerialNumber=1
[    0.721924][    T1] usb usb1: Product: Dummy host controller
[    0.722049][    T1] usb usb1: Manufacturer: Linux 5.10.246-android12-9-g9c94fefc2317-dirty dummy_hcd
[    0.722218][    T1] usb usb1: SerialNumber: dummy_hcd.0
[    0.724791][    T1] hub 1-0:1.0: USB hub found
[    0.725316][    T1] hub 1-0:1.0: 1 port detected
[    0.734150][    T1] usbcore: registered new interface driver xpad
[    0.737431][    T1] rtc-pl031 9010000.pl031: registered as rtc0
[    0.738488][    T1] rtc-pl031 9010000.pl031: setting system clock to 2026-08-23T16:12:47 UTC (1787501567)
[    0.739301][    T1] i2c /dev entries driver
[    0.739782][    T1] usbcore: registered new interface driver uvcvideo
[    0.739931][    T1] USB Video Class driver (1.1.1)
[    0.740037][    T1] gspca_main: v2.14.0 registered
[    0.740545][    T1] device-mapper: uevent: version 1.0.3
[    0.741415][    T1] device-mapper: ioctl: 4.44.0-ioctl (2021-02-01) initialised: dm-devel@redhat.com
[    0.743457][    T1] Bluetooth: HCI UART driver ver 2.3
[    0.743645][    T1] Bluetooth: HCI UART protocol H4 registered
[    0.743879][    T1] Bluetooth: HCI UART protocol LL registered
[    0.744774][    T1] Bluetooth: HCI UART protocol Broadcom registered
[    0.745382][    T1] Bluetooth: HCI UART protocol QCA registered
[    0.747493][    T1] sdhci: Secure Digital Host Controller Interface driver
[    0.747654][    T1] sdhci: Copyright(c) Pierre Ossman
[    0.747765][    T1] sdhci-pltfm: SDHCI platform and OF driver helper
[    0.748186][    T1] hid: raw HID events driver (C) Jiri Kosina
[    0.750446][    T1] usbcore: registered new interface driver usbhid
[    0.750663][    T1] usbhid: USB HID core driver
[    0.751340][    T1] ashmem: initialized
[    0.753084][    T1] gnss: GNSS driver registered with major 234
[    0.753679][    T1] #### sla_static_collector_init in version V0.97
[    0.754301][    T1] vne(vne_network_qoe_init): complete
[    0.754544][    T1] vne(vne_network_syn_init): complete
[    0.754664][    T1] vne(vivo_net_evolve_init): successed!
[    0.754830][    T1] [netb] netbooster_init: init netbooster ver 1.0
[    0.755570][    T1] sch_uprio: [prio_module_init]
[    0.755842][    T1] sch_cfg: callback(1) registered successfully
[    0.757029][    T1] system_exception initialized
[    0.758260][    T1] usbcore: registered new interface driver snd-usb-audio
[    0.761082][    T1] GACT probability NOT on
[    0.761439][    T1] Mirror/redirect action on
[    0.761933][    T1] netem: version 1.3
[    0.762203][    T1] u32 classifier
[    0.762322][    T1]     input device check on
[    0.762419][    T1]     Actions configured
[    0.769039][    T1] xt_time: kernel timezone is -0000
[    0.769416][    T1] ipip: IPv4 and MPLS over IPv4 tunneling driver
[    0.771297][    T1] gre: GRE over IPv4 demultiplexor driver
[    0.771884][    T1] ip_gre: GRE over IPv4 tunneling driver
[    0.775243][    T1] IPv4 over IPsec tunneling driver
[    0.781450][    T1] Initializing XFRM netlink socket
[    0.781851][    T1] IPsec XFRM device driver
[    0.783011][    T1] NET: Registered protocol family 10
[    0.791269][    T1] Segment Routing with IPv6
[    0.792033][    T1] mip6: Mobile IPv6
[    0.796094][    T1] sit: IPv6, IPv4 and MPLS over IPv4 tunneling driver
[    0.798826][    T1] ip6_gre: GRE over IPv6 tunneling driver
[    0.800474][    T1] NET: Registered protocol family 17
[    0.801277][    T1] NET: Registered protocol family 15
[    0.801808][    T1] can: controller area network core
[    0.802536][    T1] NET: Registered protocol family 29
[    0.802686][    T1] can: raw protocol
[    0.802905][    T1] can: broadcast manager protocol
[    0.803129][    T1] can: netlink gateway - max_hops=1
[    0.804100][    T1] Bluetooth: RFCOMM TTY layer initialized
[    0.804744][    T1] Bluetooth: RFCOMM socket layer initialized
[    0.805041][    T1] Bluetooth: RFCOMM ver 1.11
[    0.805610][    T1] Bluetooth: HIDP (Human Interface Emulation) ver 1.2
[    0.805989][    T1] Bluetooth: HIDP socket layer initialized
[    0.806268][    T1] l2tp_core: L2TP core driver, V2.0
[    0.806522][    T1] l2tp_ppp: PPPoL2TP kernel driver, V2.0
[    0.806652][    T1] tipc: Activated (version 2.0.0)
[    0.808322][    T1] NET: Registered protocol family 30
[    0.810837][    T1] tipc: Started in single node mode
[    0.828264][    T1] NET: Registered protocol family 36
[    0.829152][    T1] NET: Registered protocol family 40
[    0.830601][    T1] registered taskstats version 1
[    0.831152][    T1] sizeof(struct vivo_tsk_struct) 352 task_struct 480
[    0.831173][    T1] ^RSC @rsc_main_data_init: done!
[    0.837810][    T1] rsc_sys_api: rsc_kallsyms_lookup_name lookup for symbol kernfs_setattr
[    0.841498][    T1] rsc_sys_api: rsc_kallsyms_lookup_name lookup for symbol filp_open
[    0.844414][    T1] rsc_sys_api: rsc_kallsyms_lookup_name lookup for symbol kernel_write
[    0.847903][    T1] ^RSC @rsc_main_pdrv_probe: rsc probe done!
[    0.850908][    T1] ^RSC init_cpu_core_masks cluster num: 0 topeff: 1024 maxeff: 1024 mineff: 1024 rsc_cpu_bigcore: 0-3 littlecore: 0-3 lastcore: 3 bigcorenum: 4 midcore: 0-3 maxcore: 
[    0.852372][  T149] wait for cpufreq driver register
[    0.852400][    T1] rsc_vaudit: rsc_vaudit_init start
[    0.852808][    T1] rsc_vaudit: rsc_vaudit_init cpu 0 func ffffffc009a21550(wake_up_fifo_out_work_func.cfi_jt+0x0/0x8) flag 4
[    0.853524][    T1] rsc_vaudit: rsc_vaudit_init cpu 0 func ffffffc009a21550(wake_up_fifo_out_work_func.cfi_jt+0x0/0x8) flag 0
[    0.854180][    T1] rsc_vaudit: rsc_vaudit_init cpu 1 func ffffffc009a21550(wake_up_fifo_out_work_func.cfi_jt+0x0/0x8) flag 4
[    0.854436][    T1] rsc_vaudit: rsc_vaudit_init cpu 1 func ffffffc009a21550(wake_up_fifo_out_work_func.cfi_jt+0x0/0x8) flag 0
[    0.854663][    T1] rsc_vaudit: rsc_vaudit_init cpu 2 func ffffffc009a21550(wake_up_fifo_out_work_func.cfi_jt+0x0/0x8) flag 4
[    0.854940][    T1] rsc_vaudit: rsc_vaudit_init cpu 2 func ffffffc009a21550(wake_up_fifo_out_work_func.cfi_jt+0x0/0x8) flag 0
[    0.855177][    T1] rsc_vaudit: rsc_vaudit_init cpu 3 func ffffffc009a21550(wake_up_fifo_out_work_func.cfi_jt+0x0/0x8) flag 4
[    0.855425][    T1] rsc_vaudit: rsc_vaudit_init cpu 3 func ffffffc009a21550(wake_up_fifo_out_work_func.cfi_jt+0x0/0x8) flag 0
[    0.855671][    T1] rsc_vaudit: rsc_vaudit_init cpu 4 func ffffffc009a21550(wake_up_fifo_out_work_func.cfi_jt+0x0/0x8) flag 4
[    0.855961][    T1] rsc_vaudit: rsc_vaudit_init cpu 4 func ffffffc009a21550(wake_up_fifo_out_work_func.cfi_jt+0x0/0x8) flag 0
[    0.856163][    T1] rsc_vaudit: rsc_vaudit_init cpu 5 func ffffffc009a21550(wake_up_fifo_out_work_func.cfi_jt+0x0/0x8) flag 0
[    0.856432][    T1] rsc_vaudit: rsc_vaudit_init cpu 5 func ffffffc009a21550(wake_up_fifo_out_work_func.cfi_jt+0x0/0x8) flag 0
[    0.856680][    T1] rsc_vaudit: rsc_vaudit_init cpu 6 func ffffffc009a21550(wake_up_fifo_out_work_func.cfi_jt+0x0/0x8) flag 0
[    0.856939][    T1] rsc_vaudit: rsc_vaudit_init cpu 6 func ffffffc009a21550(wake_up_fifo_out_work_func.cfi_jt+0x0/0x8) flag 0
[    0.857423][    T1] rsc_vaudit: rsc_vaudit_init cpu 7 func ffffffc009a21550(wake_up_fifo_out_work_func.cfi_jt+0x0/0x8) flag 0
[    0.857651][    T1] rsc_vaudit: rsc_vaudit_init cpu 7 func ffffffc009a21550(wake_up_fifo_out_work_func.cfi_jt+0x0/0x8) flag 0
[    0.858717][    T1] rsc_sys_api: rsc_kallsyms_lookup_name lookup for symbol get_wchan
[    0.858793][    T1] rsc_vaudit: rsc_vaudit_init rsc_kallsyms_lookup_name succcess
[    0.859989][    T1] rsc_vaudit: register_vaudit_vendor_hooks ok
[    0.860260][    T1] rsc_vaudit: ^RSC vaudit rsc_vaudit_init: inited! vaudit_fifo size: 4096 lastsize: 128
[    0.861177][    T1] Scheduler tracepoints stat_sleep, stat_iowait, stat_blocked and stat_runtime require the kernel parameter schedstats=enable or kernel.sched_schedstats=1
[    0.862196][    T1] rsc_binder_event: rsc_binder_event_notif_init finish!
[    0.862753][    T1] rsc_sys_api: rsc_kallsyms_lookup_name lookup for symbol binder_add_freeze_work
[    0.872009][    T1] rsc_sys_api: rsc_kallsyms_lookup_name lookup for symbol binder_free_proc
[    0.882430][    T1] rsc_sys_api: rsc_kallsyms_lookup_name lookup for symbol binder_wakeup_poll_threads_ilocked
[    0.893679][    T1] rsc_binder_frozen_callback: rsc_binder_frozen_callback_init finish!
[    0.894689][    T1] rsc_tsk_policy: module init ok!
[    0.898443][    T1] ^RSC rsc driver init done!
[    0.899909][    T1] Loading compiled-in X.509 certificates
[    0.900434][    T1] page_owner is disabled
[    0.901064][    T1] Key type .fscrypt registered
[    0.901274][    T1] Key type fscrypt-provisioning registered
[    0.905395][    T1] 
[    0.905835][    T1] ********************************************************************
[    0.906046][    T1] **     NOTICE NOTICE NOTICE NOTICE NOTICE NOTICE NOTICE           **
[    0.906218][    T1] **                                                                **
[    0.906430][    T1] **  WRITEABLE clk DebugFS SUPPORT HAS BEEN ENABLED IN THIS KERNEL **
[    0.906573][    T1] **                                                                **
[    0.906726][    T1] ** This means that this kernel is built to expose clk operations  **
[    0.906857][    T1] ** such as parent or rate setting, enabling, disabling, etc.      **
[    0.906998][    T1] ** to userspace, which may compromise security on your system.    **
[    0.907151][    T1] **                                                                **
[    0.907286][    T1] ** If you see this message and you are not debugging the          **
[    0.907435][    T1] ** kernel, report this immediately to your vendor!                **
[    0.907585][    T1] **                                                                **
[    0.907804][    T1] **     NOTICE NOTICE NOTICE NOTICE NOTICE NOTICE NOTICE           **
[    0.908114][    T1] ********************************************************************
[    0.914910][    T1] input: gpio-keys as /devices/platform/gpio-keys/input/input0
[    0.920573][    T1] clk: Disabling unused clocks
[    0.921200][    T1] ALSA device list:
[    0.921393][    T1]   No soundcards found.
[    0.924521][    T1] uart-pl011 9000000.pl011: no DMA platform data
[    0.964391][    T1] Freeing unused kernel memory: 3200K
[    0.965815][    T1] Run /init as init process

=== SWEEP-PD2238 ===
BOOTID_BEFORE=e028e712-5a8e-4081-9681-ef38670e8764

WTID=0x000000000000009a
REQUEUE_DONE
WAITER_RET
OPEN n=0x00000000000000be hi=0x0000000000000240
ROUND s=0x0000000000000000 BOOTID=e028e712-5a8e-4081-9681-ef38670e8764

OPEN n=0x00000000000000be hi=0x0000000000000241
ROUND s=0x0000000000000001 BOOTID=e028e712-5a8e-4081-9681-ef38670e8764

OPEN n=0x00000000000000be hi=0x0000000000000242
ROUND s=0x0000000000000002 
