[    0.000000][    T0] Booting Linux on physical CPU 0x0000000000 [0x410fd083]
[    0.000000][    T0] Linux version 5.10.246-android12-9-g9c94fefc2317-dirty (build-user@build-host) (Android (7284624, based on r416183b) clang version 12.0.5 (https://android.googlesource.com/toolchain/llvm-project c935d99d7cf2016289302412d708641d52d2f7ee), LLD 12.0.5 (/buildbot/src/android/llvm-toolchain/out/llvm-project/lld c935d99d7cf2016289302412d708641d52d2f7ee)) #1 SMP PREEMPT Wed Jul 15 06:16:32 UTC 2026
[    0.000000][    T0] start_kernel from soc kernel
[    0.000000][    T0] random: crng init done
[    0.000000][    T0] Machine model: linux,dummy-virt
[    0.000000][    T0] Stack Depot is disabled
[    0.000000][    T0] KVM is not available. Ignoring kvm-arm.mode
[    0.000000][    T0] efi: UEFI not found.
[    0.000000][    T0] Zone ranges:
[    0.000000][    T0]   DMA32    [mem 0x0000000040000000-0x000000007fffffff]
[    0.000000][    T0]   Normal   empty
[    0.000000][    T0] Movable zone start for each node
[    0.000000][    T0] Early memory node ranges
[    0.000000][    T0]   node   0: [mem 0x0000000040000000-0x000000007fffffff]
[    0.000000][    T0] Initmem setup node 0 [mem 0x0000000040000000-0x000000007fffffff]
[    0.000000][    T0] cma: Reserved 16 MiB at 0x000000007dc00000
[    0.000000][    T0] psci: probing for conduit method from DT.
[    0.000000][    T0] psci: PSCIv1.1 detected in firmware.
[    0.000000][    T0] psci: Using standard PSCI v0.2 function IDs
[    0.000000][    T0] psci: Trusted OS migration not required
[    0.000000][    T0] psci: SMC Calling Convention v1.0
[    0.000000][    T0] percpu: Embedded 35 pages/cpu s103064 r8192 d32104 u143360
[    0.000000][    T0] Detected PIPT I-cache on CPU0
[    0.000000][    T0] CPU features: SYS_ID_AA64MMFR1_EL1[11:8]: already set to 0
[    0.000000][    T0] CPU features: detected: Spectre-v3a
[    0.000000][    T0] CPU features: detected: Spectre-v2
[    0.000000][    T0] CPU features: detected: Spectre-v4
[    0.000000][    T0] CPU features: detected: ARM errata 1165522, 1319367, or 1530923
[    0.000000][    T0] CPU features: detected: Spectre-BHB
[    0.000000][    T0] CPU features: detected: ARM erratum 1742098
[    0.000000][    T0] Built 1 zonelists, mobility grouping on.  Total pages: 258048
[    0.000000][    T0] Kernel command line: stack_depot_disable=on kasan.stacktrace=off kvm-arm.mode=protected cgroup_disable=pressure cgroup.memory=nokmem console=ttyAMA0 nokaslr rdinit=/init panic=-1
[    0.000000][    T0] cgroup: Disabling pressure control group feature
[    0.000000][    T0] Dentry cache hash table entries: 131072 (order: 8, 1048576 bytes, linear)
[    0.000000][    T0] Inode-cache hash table entries: 65536 (order: 7, 524288 bytes, linear)
[    0.000000][    T0] mem auto-init: stack:all(zero), heap alloc:on, heap free:off
[    0.000000][    T0] Memory: 962020K/1048576K available (28864K kernel code, 2406K rwdata, 11680K rodata, 3200K init, 1957K bss, 70172K reserved, 16384K cma-reserved)
[    0.000000][    T0] SLUB: HWalign=64, Order=0-3, MinObjects=0, CPUs=2, Nodes=1
[    0.000000][    T0] 
[    0.000000][    T0] **********************************************************
[    0.000000][    T0] **   NOTICE NOTICE NOTICE NOTICE NOTICE NOTICE NOTICE   **
[    0.000000][    T0] **                                                      **
[    0.000000][    T0] ** trace_printk() being used. Allocating extra memory.  **
[    0.000000][    T0] **                                                      **
[    0.000000][    T0] ** This means that this is a DEBUG kernel and it is     **
[    0.000000][    T0] ** unsafe for production use.                           **
[    0.000000][    T0] **                                                      **
[    0.000000][    T0] ** If you see this message and you are not debugging    **
[    0.000000][    T0] ** the kernel, report this immediately to your vendor!  **
[    0.000000][    T0] **                                                      **
[    0.000000][    T0] **   NOTICE NOTICE NOTICE NOTICE NOTICE NOTICE NOTICE   **
[    0.000000][    T0] **********************************************************
[    0.000000][    T0] rcu: Preemptible hierarchical RCU implementation.
[    0.000000][    T0] rcu: 	RCU event tracing is enabled.
[    0.000000][    T0] rcu: 	RCU dyntick-idle grace-period acceleration is enabled.
[    0.000000][    T0] rcu: 	RCU restricting CPUs from NR_CPUS=32 to nr_cpu_ids=2.
[    0.000000][    T0] rcu: 	RCU priority boosting: priority 1 delay 500 ms.
[    0.000000][    T0] 	Trampoline variant of Tasks RCU enabled.
[    0.000000][    T0] 	Tracing variant of Tasks RCU enabled.
[    0.000000][    T0] rcu: RCU calculated value of scheduler-enlistment delay is 25 jiffies.
[    0.000000][    T0] rcu: Adjusting geometry for rcu_fanout_leaf=16, nr_cpu_ids=2
[    0.000000][    T0] NR_IRQS: 64, nr_irqs: 64, preallocated irqs: 0
[    0.000000][    T0] GICv2m: range[mem 0x08020000-0x08020fff], SPI[80:143]
[    0.000000][    T0] rcu: 	Offload RCU callbacks from CPUs: (none).
[    0.000000][    T0] kfence: initialized - using 524288 bytes for 63 objects at 0x(____ptrval____)-0x(____ptrval____)
[    0.000000][    T0] arch_timer: cp15 timer(s) running at 62.50MHz (virt).
[    0.000000][    T0] clocksource: arch_sys_counter: mask: 0xffffffffffffff max_cycles: 0x1cd42e208c, max_idle_ns: 881590405314 ns
[    0.000049][    T0] sched_clock: 56 bits at 62MHz, resolution 16ns, wraps every 4398046511096ns
[    0.003581][    T0] Calibrating delay loop (skipped), value calculated using timer frequency.. 125.00 BogoMIPS (lpj=250000)
[    0.003692][    T0] pid_max: default: 32768 minimum: 301
[    0.006952][    T0] LSM: Security Framework initializing
[    0.007662][    T0] SELinux:  Initializing.
[    0.008163][    T0] Mount-cache hash table entries: 2048 (order: 2, 16384 bytes, linear)
[    0.008192][    T0] Mountpoint-cache hash table entries: 2048 (order: 2, 16384 bytes, linear)
[    0.014949][    T0] PARTITION_PROTECT[create_monitor_kobject]: create group success
[    0.032420][    T1] /cpus/cpu-map: empty cluster
[    0.038921][    T1] RSC fifokwoker: set kworker(kworker/0:0H/F) to fifo nice: 0xbeeefeed flags: 0x0.
[    0.040533][    T1] RSC fifokwoker: set kworker(kworker/0:0H/F) to fifo nice: 0xbeeffeed flags: 0x0.
[    0.047622][    T1] rcu: Hierarchical SRCU implementation.
[    0.050743][    T1] EFI services will not be available.
[    0.051619][    T1] smp: Bringing up secondary CPUs ...
[    0.054535][    T1] RSC fifokwoker: set kworker(kworker/1:0H/F) to fifo nice: 0xbeeefeed flags: 0x4.
[    0.057072][    T1] RSC fifokwoker: set kworker(kworker/1:0H/F) to fifo nice: 0xbeeffeed flags: 0x4.
[    0.058893][    T0] Detected PIPT I-cache on CPU1
[    0.059527][    T0] CPU1: Booted secondary processor 0x0000000001 [0x410fd083]
[    0.063171][    T1] smp: Brought up 1 node, 2 CPUs
[    0.063205][    T1] SMP: Total of 2 processors activated.
[    0.063300][    T1] CPU features: detected: 32-bit EL0 Support
[    0.063345][    T1] CPU features: detected: CRC32 instructions
[    0.063391][    T1] CPU features: detected: 32-bit EL1 Support
[    0.065609][    T1] CPU features: emulated: Privileged Access Never (PAN) using TTBR0_EL1 switching
[    0.142923][    T1] CPU: All CPU(s) started at EL1
[    0.143452][   T18] alternatives: patching kernel code
[    0.161719][    T1] Registered cp15_barrier emulation handler
[    0.161847][    T1] Registered setend emulation handler
[    0.161960][    T1] KASLR disabled on command line
[    0.162838][    T1] clocksource: jiffies: mask: 0xffffffff max_cycles: 0xffffffff, max_idle_ns: 7645041785100000 ns
[    0.162977][    T1] futex hash table entries: 512 (order: 3, 32768 bytes, linear)
[    0.168137][    T1] pinctrl core: initialized pinctrl subsystem
[    0.179317][    T1] NET: Registered protocol family 16
[    0.185621][    T8] RSC fifokwoker: set kworker(kworker/0:1H/F) to fifo nice: 0xbeeffeed flags: 0x1.
[    0.186313][   T27] RSC fifokwoker: set kworker(kworker/1:1H/F) to fifo nice: 0xbeeffeed flags: 0x1.
[    0.193312][    T1] DMA: preallocated 128 KiB GFP_KERNEL pool for atomic allocations
[    0.193912][    T1] DMA: preallocated 128 KiB GFP_KERNEL|GFP_DMA32 pool for atomic allocations
[    0.194262][    T1] audit: initializing netlink subsys (disabled)
[    0.196524][   T31] audit: type=2000 audit(0.152:1): state=initialized audit_enabled=0 res=1
[    0.201317][    T1] thermal_sys: Registered thermal governor 'step_wise'
[    0.201373][    T1] thermal_sys: Registered thermal governor 'user_space'
[    0.201389][    T1] thermal_sys: Registered thermal governor 'power_allocator'
[    0.202458][    T1] cpuidle: using governor menu
[    0.203451][    T1] hw-breakpoint: found 6 breakpoint and 4 watchpoint registers.
[    0.203891][    T1] ASID allocator initialised with 65536 entries
[    0.204669][    T1] Serial: AMBA PL011 UART driver
[    0.220031][    T1] 9000000.pl011: ttyAMA0 at MMIO 0x9000000 (irq = 47, base_baud = 0) is a PL011 rev1
[    0.236157][    T1] printk: console [ttyAMA0] enabled
[    0.280305][    T1] iommu: Default domain type: Translated 
[    0.282409][    T1] SCSI subsystem initialized
[    0.283043][    T1] usbcore: registered new interface driver usbfs
[    0.283338][    T1] usbcore: registered new interface driver hub
[    0.283554][    T1] usbcore: registered new device driver usb
[    0.284359][    T1] mc: Linux media interface: v0.10
[    0.284566][    T1] videodev: Linux video capture interface: v2.00
[    0.285210][    T1] EDAC MC: Ver: 3.0.0
[    0.289513][    T1] Advanced Linux Sound Architecture Driver Initialized.
[    0.296543][    T1] Bluetooth: Core ver 2.22
[    0.296844][    T1] NET: Registered protocol family 31
[    0.296961][    T1] Bluetooth: HCI device and connection manager initialized
[    0.297619][    T1] Bluetooth: HCI socket layer initialized
[    0.297872][    T1] Bluetooth: L2CAP socket layer initialized
[    0.298212][    T1] Bluetooth: SCO socket layer initialized
[    0.299697][    T1] nfc: nfc_init: NFC Core ver 0.1
[    0.299973][    T1] NET: Registered protocol family 39
[    0.302043][    T1] clocksource: Switched to clocksource arch_sys_counter
[    0.363353][    T1] VFS: Disk quotas dquot_6.6.0
[    0.363730][    T1] VFS: Dquot-cache hash table entries: 512 (order 0, 4096 bytes)
[    0.366868][    T1] NET: Registered protocol family 2
[    0.367931][    T1] IP idents hash table entries: 16384 (order: 5, 131072 bytes, linear)
[    0.373450][    T1] tcp_listen_portaddr_hash hash table entries: 512 (order: 1, 8192 bytes, linear)
[    0.374029][    T1] TCP established hash table entries: 8192 (order: 4, 65536 bytes, linear)
[    0.374383][    T1] TCP bind hash table entries: 8192 (order: 5, 131072 bytes, linear)
[    0.374762][    T1] TCP: Hash tables configured (established 8192 bind 8192)
[    0.375948][    T1] UDP hash table entries: 512 (order: 2, 16384 bytes, linear)
[    0.376265][    T1] UDP-Lite hash table entries: 512 (order: 2, 16384 bytes, linear)
[    0.377340][    T1] NET: Registered protocol family 1
[    0.377817][    T1] NET: Registered protocol family 44
[    0.378179][    T1] PCI: CLS 0 bytes, default 64
[    0.384844][    T1] Trying to unpack rootfs image as initramfs...
[    0.390423][    T1] Freeing initrd memory: 4K
[    0.393885][    T1] hw perfevents: enabled with armv8_pmuv3 PMU driver, 7 counters available
[    0.394839][    T1] kvm [1]: HYP mode not available
[    0.403825][    T1] Initialise system trusted keyrings
[    0.405827][    T1] workingset: timestamp_bits=46 max_order=18 bucket_order=0
[    0.413377][  T109] VMET:<kthppoold, 594>: kthppoold ...... running
[    0.417236][    T1] fuse: init (API version 7.32)
[    0.439732][    T1] Key type asymmetric registered
[    0.440040][    T1] Asymmetric key parser 'x509' registered
[    0.440405][    T1] Block layer SCSI generic (bsg) driver version 0.4 loaded (major 241)
[    0.440956][    T1] io scheduler mq-deadline registered
[    0.441200][    T1] io scheduler kyber registered
[    0.441613][    T1] io scheduler bfq registered
[    0.441736][    T1] FCACHE: filecache_init: total=1001889792
[    0.445985][    T1] pl061_gpio 9030000.pl061: PL061 GPIO chip registered
[    0.447145][    T1] pci-host-generic 4010000000.pcie: host bridge /pcie@10000000 ranges:
[    0.447927][    T1] pci-host-generic 4010000000.pcie:       IO 0x003eff0000..0x003effffff -> 0x0000000000
[    0.448454][    T1] pci-host-generic 4010000000.pcie:      MEM 0x0010000000..0x003efeffff -> 0x0010000000
[    0.448648][    T1] pci-host-generic 4010000000.pcie:      MEM 0x8000000000..0xffffffffff -> 0x8000000000
[    0.449543][    T1] pci-host-generic 4010000000.pcie: ECAM at [mem 0x4010000000-0x401fffffff] for [bus 00-ff]
[    0.450444][    T1] pci-host-generic 4010000000.pcie: PCI host bridge to bus 0000:00
[    0.450727][    T1] pci_bus 0000:00: root bus resource [bus 00-ff]
[    0.450875][    T1] pci_bus 0000:00: root bus resource [io  0x0000-0xffff]
[    0.450995][    T1] pci_bus 0000:00: root bus resource [mem 0x10000000-0x3efeffff]
[    0.451125][    T1] pci_bus 0000:00: root bus resource [mem 0x8000000000-0xffffffffff]
[    0.452293][    T1] pci 0000:00:00.0: [1b36:0008] type 00 class 0x060000
[    0.454994][    T1] pci 0000:00:01.0: [1af4:1000] type 00 class 0x020000
[    0.455307][    T1] pci 0000:00:01.0: reg 0x10: [io  0x0000-0x001f]
[    0.455457][    T1] pci 0000:00:01.0: reg 0x14: [mem 0x00000000-0x00000fff]
[    0.455706][    T1] pci 0000:00:01.0: reg 0x20: [mem 0x00000000-0x00003fff 64bit pref]
[    0.455852][    T1] pci 0000:00:01.0: reg 0x30: [mem 0x00000000-0x0003ffff pref]
[    0.457696][    T1] pci 0000:00:01.0: BAR 6: assigned [mem 0x10000000-0x1003ffff pref]
[    0.458160][    T1] pci 0000:00:01.0: BAR 4: assigned [mem 0x8000000000-0x8000003fff 64bit pref]
[    0.458501][    T1] pci 0000:00:01.0: BAR 1: assigned [mem 0x10040000-0x10040fff]
[    0.458661][    T1] pci 0000:00:01.0: BAR 0: assigned [io  0x1000-0x101f]
[    0.465179][   T19] cacheinfo: Unable to detect cache hierarchy for CPU 0
[    0.481566][    T1] brd: module loaded
[    0.493650][    T1] loop: module loaded
[    0.493998][    T1] mobile_data_tcp_module_init 2023_0620
[    0.494263][    T1] #### cellular_static_conunt_init in version V0.1
[    0.499148][    T1] wireguard: WireGuard 1.0.0 loaded. See www.wireguard.com for information.
[    0.500097][    T1] wireguard: Copyright (C) 2015-2019 Jason A. Donenfeld <Jason@zx2c4.com>. All Rights Reserved.
[    0.503739][    T1] tun: Universal TUN/TAP device driver, 1.6
[    0.504098][    T1] CAN device driver interface
[    0.504214][    T1] PPP generic driver version 2.4.2
[    0.504614][    T1] PPP BSD Compression module registered
[    0.504766][    T1] PPP Deflate Compression module registered
[    0.504935][    T1] PPP MPPE Compression module registered
[    0.505062][    T1] NET: Registered protocol family 24
[    0.505170][    T1] PPTP driver version 0.8.5
[    0.505749][    T1] usbcore: registered new interface driver rtl8150
[    0.506138][    T1] usbcore: registered new interface driver r8152
[    0.506579][    T1] usbcore: registered new interface driver cdc_ether
[    0.506916][    T1] usbcore: registered new interface driver cdc_eem
[    0.507116][    T1] usbcore: registered new interface driver cdc_ncm
[    0.507271][    T1] usbcore: registered new interface driver aqc111
[    0.508045][    T1] ehci_hcd: USB 2.0 'Enhanced' Host Controller (EHCI) Driver
[    0.508239][    T1] ehci-pci: EHCI PCI platform driver
[    0.508411][    T1] ehci-platform: EHCI generic platform driver
[    0.509040][    T1] usbcore: registered new interface driver cdc_acm
[    0.509156][    T1] cdc_acm: USB Abstract Control Model driver for USB modems and ISDN adapters
[    0.510178][    T1] usbcore: registered new interface driver uas
[    0.510406][    T1] usbcore: registered new interface driver usb-storage
[    0.512041][    T1] dummy_hcd dummy_hcd.0: USB Host+Gadget Emulator, driver 02 May 2005
[    0.512567][    T1] dummy_hcd dummy_hcd.0: Dummy host controller
[    0.512852][    T1] dummy_hcd dummy_hcd.0: new USB bus registered, assigned bus number 1
[    0.516463][    T1] usb usb1: New USB device found, idVendor=1d6b, idProduct=0002, bcdDevice= 5.10
[    0.516660][    T1] usb usb1: New USB device strings: Mfr=3, Product=2, SerialNumber=1
[    0.516812][    T1] usb usb1: Product: Dummy host controller
[    0.516918][    T1] usb usb1: Manufacturer: Linux 5.10.246-android12-9-g9c94fefc2317-dirty dummy_hcd
[    0.517126][    T1] usb usb1: SerialNumber: dummy_hcd.0
[    0.519332][    T1] hub 1-0:1.0: USB hub found
[    0.519792][    T1] hub 1-0:1.0: 1 port detected
[    0.527874][    T1] usbcore: registered new interface driver xpad
[    0.530720][    T1] rtc-pl031 9010000.pl031: registered as rtc0
[    0.531491][    T1] rtc-pl031 9010000.pl031: setting system clock to 2026-08-24T03:14:52 UTC (1787541292)
[    0.532284][    T1] i2c /dev entries driver
[    0.532673][    T1] usbcore: registered new interface driver uvcvideo
[    0.532816][    T1] USB Video Class driver (1.1.1)
[    0.532930][    T1] gspca_main: v2.14.0 registered
[    0.533362][    T1] device-mapper: uevent: version 1.0.3
[    0.533987][    T1] device-mapper: ioctl: 4.44.0-ioctl (2021-02-01) initialised: dm-devel@redhat.com
[    0.535690][    T1] Bluetooth: HCI UART driver ver 2.3
[    0.535860][    T1] Bluetooth: HCI UART protocol H4 registered
[    0.536027][    T1] Bluetooth: HCI UART protocol LL registered
[    0.536381][    T1] Bluetooth: HCI UART protocol Broadcom registered
[    0.536556][    T1] Bluetooth: HCI UART protocol QCA registered
[    0.537890][    T1] sdhci: Secure Digital Host Controller Interface driver
[    0.538020][    T1] sdhci: Copyright(c) Pierre Ossman
[    0.538123][    T1] sdhci-pltfm: SDHCI platform and OF driver helper
[    0.538676][    T1] hid: raw HID events driver (C) Jiri Kosina
[    0.540670][    T1] usbcore: registered new interface driver usbhid
[    0.540824][    T1] usbhid: USB HID core driver
[    0.541510][    T1] ashmem: initialized
[    0.543366][    T1] gnss: GNSS driver registered with major 234
[    0.543845][    T1] #### sla_static_collector_init in version V0.97
[    0.544278][    T1] vne(vne_network_qoe_init): complete
[    0.544537][    T1] vne(vne_network_syn_init): complete
[    0.544651][    T1] vne(vivo_net_evolve_init): successed!
[    0.544813][    T1] [netb] netbooster_init: init netbooster ver 1.0
[    0.545315][    T1] sch_uprio: [prio_module_init]
[    0.545400][    T1] sch_cfg: callback(1) registered successfully
[    0.546714][    T1] system_exception initialized
[    0.547662][    T1] usbcore: registered new interface driver snd-usb-audio
[    0.549224][    T1] GACT probability NOT on
[    0.549519][    T1] Mirror/redirect action on
[    0.549897][    T1] netem: version 1.3
[    0.550155][    T1] u32 classifier
[    0.550218][    T1]     input device check on
[    0.550305][    T1]     Actions configured
[    0.555624][    T1] xt_time: kernel timezone is -0000
[    0.555998][    T1] ipip: IPv4 and MPLS over IPv4 tunneling driver
[    0.557606][    T1] gre: GRE over IPv4 demultiplexor driver
[    0.557741][    T1] ip_gre: GRE over IPv4 tunneling driver
[    0.559749][    T1] IPv4 over IPsec tunneling driver
[    0.564676][    T1] Initializing XFRM netlink socket
[    0.564991][    T1] IPsec XFRM device driver
[    0.566026][    T1] NET: Registered protocol family 10
[    0.574864][    T1] Segment Routing with IPv6
[    0.575840][    T1] mip6: Mobile IPv6
[    0.579711][    T1] sit: IPv6, IPv4 and MPLS over IPv4 tunneling driver
[    0.582414][    T1] ip6_gre: GRE over IPv6 tunneling driver
[    0.584848][    T1] NET: Registered protocol family 17
[    0.585292][    T1] NET: Registered protocol family 15
[    0.585953][    T1] can: controller area network core
[    0.586584][    T1] NET: Registered protocol family 29
[    0.586746][    T1] can: raw protocol
[    0.586938][    T1] can: broadcast manager protocol
[    0.587138][    T1] can: netlink gateway - max_hops=1
[    0.589474][    T1] Bluetooth: RFCOMM TTY layer initialized
[    0.589658][    T1] Bluetooth: RFCOMM socket layer initialized
[    0.589890][    T1] Bluetooth: RFCOMM ver 1.11
[    0.590011][    T1] Bluetooth: HIDP (Human Interface Emulation) ver 1.2
[    0.590173][    T1] Bluetooth: HIDP socket layer initialized
[    0.590450][    T1] l2tp_core: L2TP core driver, V2.0
[    0.590807][    T1] l2tp_ppp: PPPoL2TP kernel driver, V2.0
[    0.590933][    T1] tipc: Activated (version 2.0.0)
[    0.592194][    T1] NET: Registered protocol family 30
[    0.593623][    T1] tipc: Started in single node mode
[    0.611351][    T1] NET: Registered protocol family 36
[    0.612150][    T1] NET: Registered protocol family 40
[    0.613268][    T1] registered taskstats version 1
[    0.613475][    T1] sizeof(struct vivo_tsk_struct) 352 task_struct 480
[    0.613484][    T1] ^RSC @rsc_main_data_init: done!
[    0.619177][    T1] rsc_sys_api: rsc_kallsyms_lookup_name lookup for symbol kernfs_setattr
[    0.622026][    T1] rsc_sys_api: rsc_kallsyms_lookup_name lookup for symbol filp_open
[    0.624624][    T1] rsc_sys_api: rsc_kallsyms_lookup_name lookup for symbol kernel_write
[    0.628556][    T1] ^RSC @rsc_main_pdrv_probe: rsc probe done!
[    0.630648][    T1] ^RSC init_cpu_core_masks cluster num: 0 topeff: 1024 maxeff: 1024 mineff: 1024 rsc_cpu_bigcore: 0-1 littlecore: 0-1 lastcore: 1 bigcorenum: 2 midcore: 0-1 maxcore: 
[    0.631833][  T129] wait for cpufreq driver register
[    0.632074][    T1] rsc_vaudit: rsc_vaudit_init start
[    0.632261][    T1] rsc_vaudit: rsc_vaudit_init cpu 0 func ffffffc009a21550(wake_up_fifo_out_work_func.cfi_jt+0x0/0x8) flag 4
[    0.632492][    T1] rsc_vaudit: rsc_vaudit_init cpu 0 func ffffffc009a21550(wake_up_fifo_out_work_func.cfi_jt+0x0/0x8) flag 0
[    0.632715][    T1] rsc_vaudit: rsc_vaudit_init cpu 1 func ffffffc009a21550(wake_up_fifo_out_work_func.cfi_jt+0x0/0x8) flag 4
[    0.632944][    T1] rsc_vaudit: rsc_vaudit_init cpu 1 func ffffffc009a21550(wake_up_fifo_out_work_func.cfi_jt+0x0/0x8) flag 0
[    0.633151][    T1] rsc_vaudit: rsc_vaudit_init cpu 2 func ffffffc009a21550(wake_up_fifo_out_work_func.cfi_jt+0x0/0x8) flag 4
[    0.633350][    T1] rsc_vaudit: rsc_vaudit_init cpu 2 func ffffffc009a21550(wake_up_fifo_out_work_func.cfi_jt+0x0/0x8) flag 0
[    0.633560][    T1] rsc_vaudit: rsc_vaudit_init cpu 3 func ffffffc009a21550(wake_up_fifo_out_work_func.cfi_jt+0x0/0x8) flag 0
[    0.633773][    T1] rsc_vaudit: rsc_vaudit_init cpu 3 func ffffffc009a21550(wake_up_fifo_out_work_func.cfi_jt+0x0/0x8) flag 0
[    0.634054][    T1] rsc_vaudit: rsc_vaudit_init cpu 4 func ffffffc009a21550(wake_up_fifo_out_work_func.cfi_jt+0x0/0x8) flag 0
[    0.634267][    T1] rsc_vaudit: rsc_vaudit_init cpu 4 func ffffffc009a21550(wake_up_fifo_out_work_func.cfi_jt+0x0/0x8) flag 0
[    0.634462][    T1] rsc_vaudit: rsc_vaudit_init cpu 5 func ffffffc009a21550(wake_up_fifo_out_work_func.cfi_jt+0x0/0x8) flag 0
[    0.634675][    T1] rsc_vaudit: rsc_vaudit_init cpu 5 func ffffffc009a21550(wake_up_fifo_out_work_func.cfi_jt+0x0/0x8) flag 0
[    0.634974][    T1] rsc_vaudit: rsc_vaudit_init cpu 6 func ffffffc009a21550(wake_up_fifo_out_work_func.cfi_jt+0x0/0x8) flag 0
[    0.635178][    T1] rsc_vaudit: rsc_vaudit_init cpu 6 func ffffffc009a21550(wake_up_fifo_out_work_func.cfi_jt+0x0/0x8) flag 0
[    0.635372][    T1] rsc_vaudit: rsc_vaudit_init cpu 7 func ffffffc009a21550(wake_up_fifo_out_work_func.cfi_jt+0x0/0x8) flag 0
[    0.635573][    T1] rsc_vaudit: rsc_vaudit_init cpu 7 func ffffffc009a21550(wake_up_fifo_out_work_func.cfi_jt+0x0/0x8) flag 0
[    0.636899][    T1] rsc_sys_api: rsc_kallsyms_lookup_name lookup for symbol get_wchan
[    0.636981][    T1] rsc_vaudit: rsc_vaudit_init rsc_kallsyms_lookup_name succcess
[    0.638004][    T1] rsc_vaudit: register_vaudit_vendor_hooks ok
[    0.638146][    T1] rsc_vaudit: ^RSC vaudit rsc_vaudit_init: inited! vaudit_fifo size: 4096 lastsize: 128
[    0.638777][    T1] Scheduler tracepoints stat_sleep, stat_iowait, stat_blocked and stat_runtime require the kernel parameter schedstats=enable or kernel.sched_schedstats=1
[    0.639470][    T1] rsc_binder_event: rsc_binder_event_notif_init finish!
[    0.640249][    T1] rsc_sys_api: rsc_kallsyms_lookup_name lookup for symbol binder_add_freeze_work
[    0.648287][    T1] rsc_sys_api: rsc_kallsyms_lookup_name lookup for symbol binder_free_proc
[    0.657656][    T1] rsc_sys_api: rsc_kallsyms_lookup_name lookup for symbol binder_wakeup_poll_threads_ilocked
[    0.667422][    T1] rsc_binder_frozen_callback: rsc_binder_frozen_callback_init finish!
[    0.668700][    T1] rsc_tsk_policy: module init ok!
[    0.672829][    T1] ^RSC rsc driver init done!
[    0.673365][    T1] Loading compiled-in X.509 certificates
[    0.673856][    T1] page_owner is disabled
[    0.674861][    T1] Key type .fscrypt registered
[    0.674976][    T1] Key type fscrypt-provisioning registered
[    0.678446][    T1] 
[    0.678513][    T1] ********************************************************************
[    0.678712][    T1] **     NOTICE NOTICE NOTICE NOTICE NOTICE NOTICE NOTICE           **
[    0.678858][    T1] **                                                                **
[    0.679002][    T1] **  WRITEABLE clk DebugFS SUPPORT HAS BEEN ENABLED IN THIS KERNEL **
[    0.679152][    T1] **                                                                **
[    0.679296][    T1] ** This means that this kernel is built to expose clk operations  **
[    0.679436][    T1] ** such as parent or rate setting, enabling, disabling, etc.      **
[    0.679839][    T1] ** to userspace, which may compromise security on your system.    **
[    0.680064][    T1] **                                                                **
[    0.680228][    T1] ** If you see this message and you are not debugging the          **
[    0.680390][    T1] ** kernel, report this immediately to your vendor!                **
[    0.680734][    T1] **                                                                **
[    0.681289][    T1] **     NOTICE NOTICE NOTICE NOTICE NOTICE NOTICE NOTICE           **
[    0.681554][    T1] ********************************************************************
[    0.688262][    T1] input: gpio-keys as /devices/platform/gpio-keys/input/input0
[    0.692701][    T1] clk: Disabling unused clocks
[    0.693251][    T1] ALSA device list:
[    0.693378][    T1]   No soundcards found.
[    0.696246][    T1] uart-pl011 9000000.pl011: no DMA platform data
[    0.724541][    T1] Freeing unused kernel memory: 3200K
[    0.725520][    T1] Run /init as init process

=== SWEEP-PD2238 ===
BOOTID_BEFORE=4f0d59bb-9ee7-4413-b2f3-5c115842d1fb

WTID=0x0000000000000086
REQUEUE_DONE
WAITER_RET
OPEN n=0x00000000000000be hi=0x0000000000000240
ROUND s=0x0000000000000000
BOOTID=4f0d59bb-9ee7-4413-b2f3-5c115842d1fb

OPEN n=0x00000000000000be hi=0x0000000000000241
ROUND s=0x0000000000000001
BOOTID=4f0d59bb-9ee7-4413-b2f3-5c115842d1fb

OPEN n=0x00000000000000be hi=0x0000000000000242
ROUND s=0x0000000000000002
BOOTID=4f0d59bb-9ee7-4413-b2f3-5c115842d1fb

OPEN n=0x00000000000000be hi=0x0000000000000243
ROUND s=0x0000000000000003
BOOTID=4f0d59bb-9ee7-4413-b2f3-5c115842d1fb

