[    0.000000][    T0] Booting Linux on physical CPU 0x0000000000 [0x410fd083]
[    0.000000][    T0] Linux version 5.10.246-android12-9-g9c94fefc2317-dirty (build-user@build-host) (Android (7284624, based on r416183b) clang version 12.0.5 (https://android.googlesource.com/toolchain/llvm-project c935d99d7cf2016289302412d708641d52d2f7ee), LLD 12.0.5 (/buildbot/src/android/llvm-toolchain/out/llvm-project/lld c935d99d7cf2016289302412d708641d52d2f7ee)) #1 SMP PREEMPT Wed Jul 15 06:16:32 UTC 2026
[    0.000000][    T0] start_kernel from soc kernel
[    0.000000][    T0] random: crng init done
[    0.000000][    T0] Machine model: linux,dummy-virt
[    0.000000][    T0] Stack Depot is disabled
[    0.000000][    T0] KVM is not available. Ignoring kvm-arm.mode
[    0.000000][    T0] efi: UEFI not found.
[    0.000000][    T0] Zone ranges:
[    0.000000][    T0]   DMA32    [mem 0x0000000040000000-0x000000007fffffff]
[    0.000000][    T0]   Normal   empty
[    0.000000][    T0] Movable zone start for each node
[    0.000000][    T0] Early memory node ranges
[    0.000000][    T0]   node   0: [mem 0x0000000040000000-0x000000007fffffff]
[    0.000000][    T0] Initmem setup node 0 [mem 0x0000000040000000-0x000000007fffffff]
[    0.000000][    T0] cma: Reserved 16 MiB at 0x000000007dc00000
[    0.000000][    T0] psci: probing for conduit method from DT.
[    0.000000][    T0] psci: PSCIv1.1 detected in firmware.
[    0.000000][    T0] psci: Using standard PSCI v0.2 function IDs
[    0.000000][    T0] psci: Trusted OS migration not required
[    0.000000][    T0] psci: SMC Calling Convention v1.0
[    0.000000][    T0] percpu: Embedded 35 pages/cpu s103064 r8192 d32104 u143360
[    0.000000][    T0] Detected PIPT I-cache on CPU0
[    0.000000][    T0] CPU features: SYS_ID_AA64MMFR1_EL1[11:8]: already set to 0
[    0.000000][    T0] CPU features: detected: Spectre-v3a
[    0.000000][    T0] CPU features: detected: Spectre-v2
[    0.000000][    T0] CPU features: detected: Spectre-v4
[    0.000000][    T0] CPU features: detected: ARM errata 1165522, 1319367, or 1530923
[    0.000000][    T0] CPU features: detected: Spectre-BHB
[    0.000000][    T0] CPU features: detected: ARM erratum 1742098
[    0.000000][    T0] Built 1 zonelists, mobility grouping on.  Total pages: 258048
[    0.000000][    T0] Kernel command line: stack_depot_disable=on kasan.stacktrace=off kvm-arm.mode=protected cgroup_disable=pressure cgroup.memory=nokmem console=ttyAMA0 nokaslr rdinit=/init panic=-1
[    0.000000][    T0] cgroup: Disabling pressure control group feature
[    0.000000][    T0] Dentry cache hash table entries: 131072 (order: 8, 1048576 bytes, linear)
[    0.000000][    T0] Inode-cache hash table entries: 65536 (order: 7, 524288 bytes, linear)
[    0.000000][    T0] mem auto-init: stack:all(zero), heap alloc:on, heap free:off
[    0.000000][    T0] Memory: 962020K/1048576K available (28864K kernel code, 2406K rwdata, 11680K rodata, 3200K init, 1957K bss, 70172K reserved, 16384K cma-reserved)
[    0.000000][    T0] SLUB: HWalign=64, Order=0-3, MinObjects=0, CPUs=2, Nodes=1
[    0.000000][    T0] 
[    0.000000][    T0] **********************************************************
[    0.000000][    T0] **   NOTICE NOTICE NOTICE NOTICE NOTICE NOTICE NOTICE   **
[    0.000000][    T0] **                                                      **
[    0.000000][    T0] ** trace_printk() being used. Allocating extra memory.  **
[    0.000000][    T0] **                                                      **
[    0.000000][    T0] ** This means that this is a DEBUG kernel and it is     **
[    0.000000][    T0] ** unsafe for production use.                           **
[    0.000000][    T0] **                                                      **
[    0.000000][    T0] ** If you see this message and you are not debugging    **
[    0.000000][    T0] ** the kernel, report this immediately to your vendor!  **
[    0.000000][    T0] **                                                      **
[    0.000000][    T0] **   NOTICE NOTICE NOTICE NOTICE NOTICE NOTICE NOTICE   **
[    0.000000][    T0] **********************************************************
[    0.000000][    T0] rcu: Preemptible hierarchical RCU implementation.
[    0.000000][    T0] rcu: 	RCU event tracing is enabled.
[    0.000000][    T0] rcu: 	RCU dyntick-idle grace-period acceleration is enabled.
[    0.000000][    T0] rcu: 	RCU restricting CPUs from NR_CPUS=32 to nr_cpu_ids=2.
[    0.000000][    T0] rcu: 	RCU priority boosting: priority 1 delay 500 ms.
[    0.000000][    T0] 	Trampoline variant of Tasks RCU enabled.
[    0.000000][    T0] 	Tracing variant of Tasks RCU enabled.
[    0.000000][    T0] rcu: RCU calculated value of scheduler-enlistment delay is 25 jiffies.
[    0.000000][    T0] rcu: Adjusting geometry for rcu_fanout_leaf=16, nr_cpu_ids=2
[    0.000000][    T0] NR_IRQS: 64, nr_irqs: 64, preallocated irqs: 0
[    0.000000][    T0] GICv2m: range[mem 0x08020000-0x08020fff], SPI[80:143]
[    0.000000][    T0] rcu: 	Offload RCU callbacks from CPUs: (none).
[    0.000000][    T0] kfence: initialized - using 524288 bytes for 63 objects at 0x(____ptrval____)-0x(____ptrval____)
[    0.000000][    T0] arch_timer: cp15 timer(s) running at 62.50MHz (virt).
[    0.000000][    T0] clocksource: arch_sys_counter: mask: 0xffffffffffffff max_cycles: 0x1cd42e208c, max_idle_ns: 881590405314 ns
[    0.000050][    T0] sched_clock: 56 bits at 62MHz, resolution 16ns, wraps every 4398046511096ns
[    0.005854][    T0] Calibrating delay loop (skipped), value calculated using timer frequency.. 125.00 BogoMIPS (lpj=250000)
[    0.005969][    T0] pid_max: default: 32768 minimum: 301
[    0.006699][    T0] LSM: Security Framework initializing
[    0.007467][    T0] SELinux:  Initializing.
[    0.007978][    T0] Mount-cache hash table entries: 2048 (order: 2, 16384 bytes, linear)
[    0.008007][    T0] Mountpoint-cache hash table entries: 2048 (order: 2, 16384 bytes, linear)
[    0.014886][    T0] PARTITION_PROTECT[create_monitor_kobject]: create group success
[    0.032381][    T1] /cpus/cpu-map: empty cluster
[    0.040158][    T1] RSC fifokwoker: set kworker(kworker/0:0H/F) to fifo nice: 0xbeeefeed flags: 0x0.
[    0.041689][    T1] RSC fifokwoker: set kworker(kworker/0:0H/F) to fifo nice: 0xbeeffeed flags: 0x0.
[    0.047779][    T1] rcu: Hierarchical SRCU implementation.
[    0.051012][    T1] EFI services will not be available.
[    0.051929][    T1] smp: Bringing up secondary CPUs ...
[    0.055524][    T1] RSC fifokwoker: set kworker(kworker/1:0H/F) to fifo nice: 0xbeeefeed flags: 0x4.
[    0.056112][    T1] RSC fifokwoker: set kworker(kworker/1:0H/F) to fifo nice: 0xbeeffeed flags: 0x4.
[    0.058154][    T0] Detected PIPT I-cache on CPU1
[    0.058810][    T0] CPU1: Booted secondary processor 0x0000000001 [0x410fd083]
[    0.063154][    T1] smp: Brought up 1 node, 2 CPUs
[    0.063237][    T1] SMP: Total of 2 processors activated.
[    0.063385][    T1] CPU features: detected: 32-bit EL0 Support
[    0.063443][    T1] CPU features: detected: CRC32 instructions
[    0.063494][    T1] CPU features: detected: 32-bit EL1 Support
[    0.066158][    T1] CPU features: emulated: Privileged Access Never (PAN) using TTBR0_EL1 switching
[    0.140905][    T1] CPU: All CPU(s) started at EL1
[    0.141454][   T18] alternatives: patching kernel code
[    0.159211][    T1] Registered cp15_barrier emulation handler
[    0.159384][    T1] Registered setend emulation handler
[    0.159502][    T1] KASLR disabled on command line
[    0.160465][    T1] clocksource: jiffies: mask: 0xffffffff max_cycles: 0xffffffff, max_idle_ns: 7645041785100000 ns
[    0.160607][    T1] futex hash table entries: 512 (order: 3, 32768 bytes, linear)
[    0.164306][    T1] pinctrl core: initialized pinctrl subsystem
[    0.175681][    T1] NET: Registered protocol family 16
[    0.181341][   T27] RSC fifokwoker: set kworker(kworker/1:1H/F) to fifo nice: 0xbeeffeed flags: 0x1.
[    0.181498][    T8] RSC fifokwoker: set kworker(kworker/0:1H/F) to fifo nice: 0xbeeffeed flags: 0x1.
[    0.189081][    T1] DMA: preallocated 128 KiB GFP_KERNEL pool for atomic allocations
[    0.189576][    T1] DMA: preallocated 128 KiB GFP_KERNEL|GFP_DMA32 pool for atomic allocations
[    0.189898][    T1] audit: initializing netlink subsys (disabled)
[    0.192410][   T31] audit: type=2000 audit(0.160:1): state=initialized audit_enabled=0 res=1
[    0.196177][    T1] thermal_sys: Registered thermal governor 'step_wise'
[    0.196232][    T1] thermal_sys: Registered thermal governor 'user_space'
[    0.196249][    T1] thermal_sys: Registered thermal governor 'power_allocator'
[    0.197391][    T1] cpuidle: using governor menu
[    0.198348][    T1] hw-breakpoint: found 6 breakpoint and 4 watchpoint registers.
[    0.198911][    T1] ASID allocator initialised with 65536 entries
[    0.199748][    T1] Serial: AMBA PL011 UART driver
[    0.215137][    T1] 9000000.pl011: ttyAMA0 at MMIO 0x9000000 (irq = 47, base_baud = 0) is a PL011 rev1
[    0.230752][    T1] printk: console [ttyAMA0] enabled
[    0.277738][    T1] iommu: Default domain type: Translated 
[    0.280163][    T1] SCSI subsystem initialized
[    0.280859][    T1] usbcore: registered new interface driver usbfs
[    0.281145][    T1] usbcore: registered new interface driver hub
[    0.281347][    T1] usbcore: registered new device driver usb
[    0.281882][    T1] mc: Linux media interface: v0.10
[    0.282038][    T1] videodev: Linux video capture interface: v2.00
[    0.282669][    T1] EDAC MC: Ver: 3.0.0
[    0.286524][    T1] Advanced Linux Sound Architecture Driver Initialized.
[    0.292308][    T1] Bluetooth: Core ver 2.22
[    0.292561][    T1] NET: Registered protocol family 31
[    0.292732][    T1] Bluetooth: HCI device and connection manager initialized
[    0.293087][    T1] Bluetooth: HCI socket layer initialized
[    0.293307][    T1] Bluetooth: L2CAP socket layer initialized
[    0.293596][    T1] Bluetooth: SCO socket layer initialized
[    0.295137][    T1] nfc: nfc_init: NFC Core ver 0.1
[    0.295437][    T1] NET: Registered protocol family 39
[    0.298154][    T1] clocksource: Switched to clocksource arch_sys_counter
[    0.360683][    T1] VFS: Disk quotas dquot_6.6.0
[    0.361022][    T1] VFS: Dquot-cache hash table entries: 512 (order 0, 4096 bytes)
[    0.363347][    T1] NET: Registered protocol family 2
[    0.364388][    T1] IP idents hash table entries: 16384 (order: 5, 131072 bytes, linear)
[    0.370200][    T1] tcp_listen_portaddr_hash hash table entries: 512 (order: 1, 8192 bytes, linear)
[    0.370919][    T1] TCP established hash table entries: 8192 (order: 4, 65536 bytes, linear)
[    0.371322][    T1] TCP bind hash table entries: 8192 (order: 5, 131072 bytes, linear)
[    0.372531][    T1] TCP: Hash tables configured (established 8192 bind 8192)
[    0.374533][    T1] UDP hash table entries: 512 (order: 2, 16384 bytes, linear)
[    0.374944][    T1] UDP-Lite hash table entries: 512 (order: 2, 16384 bytes, linear)
[    0.376021][    T1] NET: Registered protocol family 1
[    0.376543][    T1] NET: Registered protocol family 44
[    0.376899][    T1] PCI: CLS 0 bytes, default 64
[    0.382811][    T1] Trying to unpack rootfs image as initramfs...
[    0.388264][    T1] Freeing initrd memory: 4K
[    0.393532][    T1] hw perfevents: enabled with armv8_pmuv3 PMU driver, 7 counters available
[    0.394186][    T1] kvm [1]: HYP mode not available
[    0.406163][    T1] Initialise system trusted keyrings
[    0.408490][    T1] workingset: timestamp_bits=46 max_order=18 bucket_order=0
[    0.416623][  T109] VMET:<kthppoold, 594>: kthppoold ...... running
[    0.420936][    T1] fuse: init (API version 7.32)
[    0.442427][    T1] Key type asymmetric registered
[    0.442752][    T1] Asymmetric key parser 'x509' registered
[    0.443225][    T1] Block layer SCSI generic (bsg) driver version 0.4 loaded (major 241)
[    0.443808][    T1] io scheduler mq-deadline registered
[    0.444074][    T1] io scheduler kyber registered
[    0.444564][    T1] io scheduler bfq registered
[    0.444767][    T1] FCACHE: filecache_init: total=1001889792
[    0.449227][    T1] pl061_gpio 9030000.pl061: PL061 GPIO chip registered
[    0.450636][    T1] pci-host-generic 4010000000.pcie: host bridge /pcie@10000000 ranges:
[    0.451548][    T1] pci-host-generic 4010000000.pcie:       IO 0x003eff0000..0x003effffff -> 0x0000000000
[    0.452035][    T1] pci-host-generic 4010000000.pcie:      MEM 0x0010000000..0x003efeffff -> 0x0010000000
[    0.452227][    T1] pci-host-generic 4010000000.pcie:      MEM 0x8000000000..0xffffffffff -> 0x8000000000
[    0.453141][    T1] pci-host-generic 4010000000.pcie: ECAM at [mem 0x4010000000-0x401fffffff] for [bus 00-ff]
[    0.454400][    T1] pci-host-generic 4010000000.pcie: PCI host bridge to bus 0000:00
[    0.454694][    T1] pci_bus 0000:00: root bus resource [bus 00-ff]
[    0.454984][    T1] pci_bus 0000:00: root bus resource [io  0x0000-0xffff]
[    0.455404][    T1] pci_bus 0000:00: root bus resource [mem 0x10000000-0x3efeffff]
[    0.455811][    T1] pci_bus 0000:00: root bus resource [mem 0x8000000000-0xffffffffff]
[    0.457294][    T1] pci 0000:00:00.0: [1b36:0008] type 00 class 0x060000
[    0.459798][    T1] pci 0000:00:01.0: [1af4:1000] type 00 class 0x020000
[    0.460087][    T1] pci 0000:00:01.0: reg 0x10: [io  0x0000-0x001f]
[    0.460239][    T1] pci 0000:00:01.0: reg 0x14: [mem 0x00000000-0x00000fff]
[    0.460488][    T1] pci 0000:00:01.0: reg 0x20: [mem 0x00000000-0x00003fff 64bit pref]
[    0.460633][    T1] pci 0000:00:01.0: reg 0x30: [mem 0x00000000-0x0003ffff pref]
[    0.462262][    T1] pci 0000:00:01.0: BAR 6: assigned [mem 0x10000000-0x1003ffff pref]
[    0.462735][    T1] pci 0000:00:01.0: BAR 4: assigned [mem 0x8000000000-0x8000003fff 64bit pref]
[    0.464336][    T1] pci 0000:00:01.0: BAR 1: assigned [mem 0x10040000-0x10040fff]
[    0.464502][    T1] pci 0000:00:01.0: BAR 0: assigned [io  0x1000-0x101f]
[    0.469105][   T19] cacheinfo: Unable to detect cache hierarchy for CPU 0
[    0.486281][    T1] brd: module loaded
[    0.498015][    T1] loop: module loaded
[    0.498224][    T1] mobile_data_tcp_module_init 2023_0620
[    0.498481][    T1] #### cellular_static_conunt_init in version V0.1
[    0.503828][    T1] wireguard: WireGuard 1.0.0 loaded. See www.wireguard.com for information.
[    0.504129][    T1] wireguard: Copyright (C) 2015-2019 Jason A. Donenfeld <Jason@zx2c4.com>. All Rights Reserved.
[    0.507733][    T1] tun: Universal TUN/TAP device driver, 1.6
[    0.508135][    T1] CAN device driver interface
[    0.508261][    T1] PPP generic driver version 2.4.2
[    0.508687][    T1] PPP BSD Compression module registered
[    0.508864][    T1] PPP Deflate Compression module registered
[    0.509076][    T1] PPP MPPE Compression module registered
[    0.509197][    T1] NET: Registered protocol family 24
[    0.509310][    T1] PPTP driver version 0.8.5
[    0.509945][    T1] usbcore: registered new interface driver rtl8150
[    0.510138][    T1] usbcore: registered new interface driver r8152
[    0.510287][    T1] usbcore: registered new interface driver cdc_ether
[    0.510590][    T1] usbcore: registered new interface driver cdc_eem
[    0.510860][    T1] usbcore: registered new interface driver cdc_ncm
[    0.511035][    T1] usbcore: registered new interface driver aqc111
[    0.511627][    T1] ehci_hcd: USB 2.0 'Enhanced' Host Controller (EHCI) Driver
[    0.511819][    T1] ehci-pci: EHCI PCI platform driver
[    0.512067][    T1] ehci-platform: EHCI generic platform driver
[    0.512710][    T1] usbcore: registered new interface driver cdc_acm
[    0.512847][    T1] cdc_acm: USB Abstract Control Model driver for USB modems and ISDN adapters
[    0.513800][    T1] usbcore: registered new interface driver uas
[    0.514030][    T1] usbcore: registered new interface driver usb-storage
[    0.515644][    T1] dummy_hcd dummy_hcd.0: USB Host+Gadget Emulator, driver 02 May 2005
[    0.516061][    T1] dummy_hcd dummy_hcd.0: Dummy host controller
[    0.516350][    T1] dummy_hcd dummy_hcd.0: new USB bus registered, assigned bus number 1
[    0.520071][    T1] usb usb1: New USB device found, idVendor=1d6b, idProduct=0002, bcdDevice= 5.10
[    0.520290][    T1] usb usb1: New USB device strings: Mfr=3, Product=2, SerialNumber=1
[    0.520483][    T1] usb usb1: Product: Dummy host controller
[    0.520602][    T1] usb usb1: Manufacturer: Linux 5.10.246-android12-9-g9c94fefc2317-dirty dummy_hcd
[    0.520762][    T1] usb usb1: SerialNumber: dummy_hcd.0
[    0.523105][    T1] hub 1-0:1.0: USB hub found
[    0.524665][    T1] hub 1-0:1.0: 1 port detected
[    0.533929][    T1] usbcore: registered new interface driver xpad
[    0.537192][    T1] rtc-pl031 9010000.pl031: registered as rtc0
[    0.538130][    T1] rtc-pl031 9010000.pl031: setting system clock to 2026-08-24T03:28:40 UTC (1787542120)
[    0.538945][    T1] i2c /dev entries driver
[    0.539378][    T1] usbcore: registered new interface driver uvcvideo
[    0.539734][    T1] USB Video Class driver (1.1.1)
[    0.540027][    T1] gspca_main: v2.14.0 registered
[    0.540582][    T1] device-mapper: uevent: version 1.0.3
[    0.541216][    T1] device-mapper: ioctl: 4.44.0-ioctl (2021-02-01) initialised: dm-devel@redhat.com
[    0.543148][    T1] Bluetooth: HCI UART driver ver 2.3
[    0.543341][    T1] Bluetooth: HCI UART protocol H4 registered
[    0.543549][    T1] Bluetooth: HCI UART protocol LL registered
[    0.543751][    T1] Bluetooth: HCI UART protocol Broadcom registered
[    0.543893][    T1] Bluetooth: HCI UART protocol QCA registered
[    0.545274][    T1] sdhci: Secure Digital Host Controller Interface driver
[    0.545415][    T1] sdhci: Copyright(c) Pierre Ossman
[    0.545519][    T1] sdhci-pltfm: SDHCI platform and OF driver helper
[    0.545941][    T1] hid: raw HID events driver (C) Jiri Kosina
[    0.548201][    T1] usbcore: registered new interface driver usbhid
[    0.548366][    T1] usbhid: USB HID core driver
[    0.548938][    T1] ashmem: initialized
[    0.550447][    T1] gnss: GNSS driver registered with major 234
[    0.550897][    T1] #### sla_static_collector_init in version V0.97
[    0.551314][    T1] vne(vne_network_qoe_init): complete
[    0.551504][    T1] vne(vne_network_syn_init): complete
[    0.551611][    T1] vne(vivo_net_evolve_init): successed!
[    0.551774][    T1] [netb] netbooster_init: init netbooster ver 1.0
[    0.552217][    T1] sch_uprio: [prio_module_init]
[    0.552302][    T1] sch_cfg: callback(1) registered successfully
[    0.553352][    T1] system_exception initialized
[    0.554998][    T1] usbcore: registered new interface driver snd-usb-audio
[    0.556808][    T1] GACT probability NOT on
[    0.557097][    T1] Mirror/redirect action on
[    0.557472][    T1] netem: version 1.3
[    0.557847][    T1] u32 classifier
[    0.557921][    T1]     input device check on
[    0.558001][    T1]     Actions configured
[    0.563633][    T1] xt_time: kernel timezone is -0000
[    0.564023][    T1] ipip: IPv4 and MPLS over IPv4 tunneling driver
[    0.565736][    T1] gre: GRE over IPv4 demultiplexor driver
[    0.566194][    T1] ip_gre: GRE over IPv4 tunneling driver
[    0.568763][    T1] IPv4 over IPsec tunneling driver
[    0.574179][    T1] Initializing XFRM netlink socket
[    0.574519][    T1] IPsec XFRM device driver
[    0.575727][    T1] NET: Registered protocol family 10
[    0.583355][    T1] Segment Routing with IPv6
[    0.584251][    T1] mip6: Mobile IPv6
[    0.588047][    T1] sit: IPv6, IPv4 and MPLS over IPv4 tunneling driver
[    0.590590][    T1] ip6_gre: GRE over IPv6 tunneling driver
[    0.592623][    T1] NET: Registered protocol family 17
[    0.593094][    T1] NET: Registered protocol family 15
[    0.593726][    T1] can: controller area network core
[    0.594431][    T1] NET: Registered protocol family 29
[    0.594579][    T1] can: raw protocol
[    0.594808][    T1] can: broadcast manager protocol
[    0.595019][    T1] can: netlink gateway - max_hops=1
[    0.596193][    T1] Bluetooth: RFCOMM TTY layer initialized
[    0.596840][    T1] Bluetooth: RFCOMM socket layer initialized
[    0.597144][    T1] Bluetooth: RFCOMM ver 1.11
[    0.597295][    T1] Bluetooth: HIDP (Human Interface Emulation) ver 1.2
[    0.597454][    T1] Bluetooth: HIDP socket layer initialized
[    0.597699][    T1] l2tp_core: L2TP core driver, V2.0
[    0.597922][    T1] l2tp_ppp: PPPoL2TP kernel driver, V2.0
[    0.598228][    T1] tipc: Activated (version 2.0.0)
[    0.599684][    T1] NET: Registered protocol family 30
[    0.601175][    T1] tipc: Started in single node mode
[    0.616462][    T1] NET: Registered protocol family 36
[    0.617333][    T1] NET: Registered protocol family 40
[    0.618680][    T1] registered taskstats version 1
[    0.618994][    T1] sizeof(struct vivo_tsk_struct) 352 task_struct 480
[    0.619007][    T1] ^RSC @rsc_main_data_init: done!
[    0.623294][    T1] rsc_sys_api: rsc_kallsyms_lookup_name lookup for symbol kernfs_setattr
[    0.626074][    T1] rsc_sys_api: rsc_kallsyms_lookup_name lookup for symbol filp_open
[    0.629036][    T1] rsc_sys_api: rsc_kallsyms_lookup_name lookup for symbol kernel_write
[    0.632344][    T1] ^RSC @rsc_main_pdrv_probe: rsc probe done!
[    0.635348][    T1] ^RSC init_cpu_core_masks cluster num: 0 topeff: 1024 maxeff: 1024 mineff: 1024 rsc_cpu_bigcore: 0-1 littlecore: 0-1 lastcore: 1 bigcorenum: 2 midcore: 0-1 maxcore: 
[    0.636833][    T1] rsc_vaudit: rsc_vaudit_init start
[    0.636840][  T128] wait for cpufreq driver register
[    0.637136][    T1] rsc_vaudit: rsc_vaudit_init cpu 0 func ffffffc009a21550(wake_up_fifo_out_work_func.cfi_jt+0x0/0x8) flag 4
[    0.637397][    T1] rsc_vaudit: rsc_vaudit_init cpu 0 func ffffffc009a21550(wake_up_fifo_out_work_func.cfi_jt+0x0/0x8) flag 0
[    0.637598][    T1] rsc_vaudit: rsc_vaudit_init cpu 1 func ffffffc009a21550(wake_up_fifo_out_work_func.cfi_jt+0x0/0x8) flag 4
[    0.637814][    T1] rsc_vaudit: rsc_vaudit_init cpu 1 func ffffffc009a21550(wake_up_fifo_out_work_func.cfi_jt+0x0/0x8) flag 0
[    0.638030][    T1] rsc_vaudit: rsc_vaudit_init cpu 2 func ffffffc009a21550(wake_up_fifo_out_work_func.cfi_jt+0x0/0x8) flag 4
[    0.638229][    T1] rsc_vaudit: rsc_vaudit_init cpu 2 func ffffffc009a21550(wake_up_fifo_out_work_func.cfi_jt+0x0/0x8) flag 0
[    0.638665][    T1] rsc_vaudit: rsc_vaudit_init cpu 3 func ffffffc009a21550(wake_up_fifo_out_work_func.cfi_jt+0x0/0x8) flag 0
[    0.638972][    T1] rsc_vaudit: rsc_vaudit_init cpu 3 func ffffffc009a21550(wake_up_fifo_out_work_func.cfi_jt+0x0/0x8) flag 0
[    0.639293][    T1] rsc_vaudit: rsc_vaudit_init cpu 4 func ffffffc009a21550(wake_up_fifo_out_work_func.cfi_jt+0x0/0x8) flag 0
[    0.639562][    T1] rsc_vaudit: rsc_vaudit_init cpu 4 func ffffffc009a21550(wake_up_fifo_out_work_func.cfi_jt+0x0/0x8) flag 0
[    0.639750][    T1] rsc_vaudit: rsc_vaudit_init cpu 5 func ffffffc009a21550(wake_up_fifo_out_work_func.cfi_jt+0x0/0x8) flag 0
[    0.639962][    T1] rsc_vaudit: rsc_vaudit_init cpu 5 func ffffffc009a21550(wake_up_fifo_out_work_func.cfi_jt+0x0/0x8) flag 0
[    0.640189][    T1] rsc_vaudit: rsc_vaudit_init cpu 6 func ffffffc009a21550(wake_up_fifo_out_work_func.cfi_jt+0x0/0x8) flag 0
[    0.640404][    T1] rsc_vaudit: rsc_vaudit_init cpu 6 func ffffffc009a21550(wake_up_fifo_out_work_func.cfi_jt+0x0/0x8) flag 0
[    0.640633][    T1] rsc_vaudit: rsc_vaudit_init cpu 7 func ffffffc009a21550(wake_up_fifo_out_work_func.cfi_jt+0x0/0x8) flag 0
[    0.640867][    T1] rsc_vaudit: rsc_vaudit_init cpu 7 func ffffffc009a21550(wake_up_fifo_out_work_func.cfi_jt+0x0/0x8) flag 0
[    0.642189][    T1] rsc_sys_api: rsc_kallsyms_lookup_name lookup for symbol get_wchan
[    0.642263][    T1] rsc_vaudit: rsc_vaudit_init rsc_kallsyms_lookup_name succcess
[    0.643125][    T1] rsc_vaudit: register_vaudit_vendor_hooks ok
[    0.643267][    T1] rsc_vaudit: ^RSC vaudit rsc_vaudit_init: inited! vaudit_fifo size: 4096 lastsize: 128
[    0.643969][    T1] Scheduler tracepoints stat_sleep, stat_iowait, stat_blocked and stat_runtime require the kernel parameter schedstats=enable or kernel.sched_schedstats=1
[    0.644772][    T1] rsc_binder_event: rsc_binder_event_notif_init finish!
[    0.645650][    T1] rsc_sys_api: rsc_kallsyms_lookup_name lookup for symbol binder_add_freeze_work
[    0.654260][    T1] rsc_sys_api: rsc_kallsyms_lookup_name lookup for symbol binder_free_proc
[    0.664122][    T1] rsc_sys_api: rsc_kallsyms_lookup_name lookup for symbol binder_wakeup_poll_threads_ilocked
[    0.675430][    T1] rsc_binder_frozen_callback: rsc_binder_frozen_callback_init finish!
[    0.675957][    T1] rsc_tsk_policy: module init ok!
[    0.678761][    T1] ^RSC rsc driver init done!
[    0.679395][    T1] Loading compiled-in X.509 certificates
[    0.679811][    T1] page_owner is disabled
[    0.680550][    T1] Key type .fscrypt registered
[    0.680664][    T1] Key type fscrypt-provisioning registered
[    0.684625][    T1] 
[    0.684693][    T1] ********************************************************************
[    0.684895][    T1] **     NOTICE NOTICE NOTICE NOTICE NOTICE NOTICE NOTICE           **
[    0.685071][    T1] **                                                                **
[    0.685227][    T1] **  WRITEABLE clk DebugFS SUPPORT HAS BEEN ENABLED IN THIS KERNEL **
[    0.685377][    T1] **                                                                **
[    0.685522][    T1] ** This means that this kernel is built to expose clk operations  **
[    0.685691][    T1] ** such as parent or rate setting, enabling, disabling, etc.      **
[    0.685869][    T1] ** to userspace, which may compromise security on your system.    **
[    0.686028][    T1] **                                                                **
[    0.686204][    T1] ** If you see this message and you are not debugging the          **
[    0.686379][    T1] ** kernel, report this immediately to your vendor!                **
[    0.686515][    T1] **                                                                **
[    0.686685][    T1] **     NOTICE NOTICE NOTICE NOTICE NOTICE NOTICE NOTICE           **
[    0.686844][    T1] ********************************************************************
[    0.693712][    T1] input: gpio-keys as /devices/platform/gpio-keys/input/input0
[    0.698191][    T1] clk: Disabling unused clocks
[    0.699711][    T1] ALSA device list:
[    0.699889][    T1]   No soundcards found.
[    0.703046][    T1] uart-pl011 9000000.pl011: no DMA platform data
[    0.739018][    T1] Freeing unused kernel memory: 3200K
[    0.740093][    T1] Run /init as init process

=== SWEEP-PD2238 ===
BOOTID_BEFORE=dfcbc30b-c8dd-4c36-91f9-122af1ff7a56

WTID=0x0000000000000085
REQUEUE_DONE
WAITER_RET
OPEN n=0x00000000000000be hi=0x0000000000000240
ROUND s=0x0000000000000000
BOOTID=dfcbc30b-c8dd-4c36-91f9-122af1ff7a56

OPEN n=0x00000000000000be hi=0x0000000000000241
ROUND s=0x0000000000000001
BOOTID=dfcbc30b-c8dd-4c36-91f9-122af1ff7a56

OPEN n=0x00000000000000be hi=0x0000000000000242
ROUND s=0x0000000000000002
BOOTID=dfcbc30b-c8dd-4c36-91f9-122af1ff7a56

OPEN n=0x00000000000000be hi=0x0000000000000243
ROUND s=0x0000000000000003
[   15.958410][  T135] Unable to handle kernel read from unreadable memory at virtual address 0000000200000012
BOOTID=[   15.958857][  T135] Mem abort info:
[   15.959036][  T135]   ESR = 0x96000005
[   15.959237][  T135]   EC = 0x25: DABT (current EL), IL = 32 bits
[   15.959428][  T135]   SET = 0, FnV = 0
[   15.959581][  T135]   EA = 0, S1PTW = 0
[   15.959722][  T135] Data abort info:
[   15.959836][  T135]   ISV = 0, ISS = 0x00000005
[   15.959927][  T135]   CM = 0, WnR = 0
[   15.960125][  T135] user pgtable: 4k pages, 39-bit VAs, pgdp=000000004530c000
[   15.960397][  T135] [0000000200000012] pgd=0000000000000000, p4d=0000000000000000, pud=0000000000000000
[   15.961000][  T135] Internal error: Oops: 96000005 [#1] PREEMPT SMP
[   15.961833][  T135] Modules linked in:
[   15.962249][  T135] CPU: 0 PID: 135 Comm: init Not tainted 5.10.246-android12-9-g9c94fefc2317-dirty #1
[   15.962571][  T135] Hardware name: linux,dummy-virt (DT)
[   15.962894][  T135] pstate: 00400085 (nzcv daIf +PAN -UAO -TCO BTYPE=--)
[   15.963142][  T135] pc : rb_erase+0x24/0x354
[   15.963276][  T135] lr : rt_mutex_adjust_prio_chain+0x4f4/0x1948
[   15.963501][  T135] sp : ffffffc00b54bc50
[   15.963692][  T135] x29: ffffffc00b54bc80 x28: ffffffc00b53bb10 
[   15.963903][  T135] x27: ffffffc00aadcff0 x26: 0000000000000001 
[   15.964100][  T135] x25: ffffff8003e3d76c x24: ffffffc00aaf0000 
[   15.964259][  T135] x23: 0000000000000000 x22: ffffffc00aaf0000 
[   15.964418][  T135] x21: 0000000000000000 x20: ffffff8003ea62d8 
[   15.964622][  T135] x19: ffffff8003e3cf00 x18: ffffffc00b535040 
[   15.964789][  T135] x17: ffffffc00aaf0000 x16: ffffffc00ab06000 
[   15.965114][  T135] x15: ffffffc00aaf0000 x14: 00000000c0000000 
[   15.965351][  T135] x13: 0000000000000001 x12: ffffff8003ea62c0 
[   15.965481][  T135] x11: 0000000200000002 x10: ffffff803fdd2a40 
[   15.965691][  T135] x9 : 0000000200000002 x8 : ffffff803fdd2a40 
[   15.965989][  T135] x7 : 00000000000000e0 x6 : 0000000000000008 
[   15.966211][  T135] x5 : ffffff8003e3cf00 x4 : 0000000000000010 
[   15.966410][  T135] x3 : ffffffc00a31006b x2 : 0000000000000000 
[   15.966637][  T135] x1 : ffffffc00aadcff8 x0 : ffffffc00b53bb10 
[   15.967075][  T135] Call trace:
[   15.967268][  T135]  rb_erase+0x24/0x354
[   15.967421][  T135]  rt_mutex_adjust_pi+0x174/0x2fc
[   15.967567][  T135]  __sched_setscheduler+0xfdc/0x1780
[   15.967844][  T135]  __do_sys_sched_setattr+0x25c/0x3e8
[   15.968088][  T135]  __arm64_sys_sched_setattr+0x24/0x34
[   15.968306][  T135]  el0_svc_common+0xd4/0x270
[   15.968486][  T135]  el0_svc+0x28/0x98
[   15.968600][  T135]  el0_sync_handler+0x8c/0xf0
[   15.968764][  T135]  el0_sync+0x1b8/0x1c0
[   15.969132][  T135] Code: b400050b aa0803e9 aa0903ea aa0b03e9 (f940096b) 
[   15.969656][  T135] ---[ end trace 62ede0b819eba742 ]---
[   15.970188][  T135] Kernel panic - not syncing: Oops: Fatal exception
[   15.970698][  T135] SMP: stopping secondary CPUs
[   18.147861][  T135] SMP: failed to stop secondary CPUs 0-1
[   18.148401][  T135] Kernel Offset: disabled
[   18.148731][  T135] CPU features: 0x001,40240022,61006000
[   18.148949][  T135] Memory Limit: none
[   19.984958][  T135] SMP: failed to stop secondary CPUs 0-1
