[    0.000000][    T0] Booting Linux on physical CPU 0x0000000000 [0x410fd083]
[    0.000000][    T0] Linux version 5.10.246-android12-9-g9c94fefc2317-dirty (build-user@build-host) (Android (7284624, based on r416183b) clang version 12.0.5 (https://android.googlesource.com/toolchain/llvm-project c935d99d7cf2016289302412d708641d52d2f7ee), LLD 12.0.5 (/buildbot/src/android/llvm-toolchain/out/llvm-project/lld c935d99d7cf2016289302412d708641d52d2f7ee)) #1 SMP PREEMPT Wed Jul 15 06:16:32 UTC 2026
[    0.000000][    T0] start_kernel from soc kernel
[    0.000000][    T0] random: crng init done
[    0.000000][    T0] Machine model: linux,dummy-virt
[    0.000000][    T0] Stack Depot is disabled
[    0.000000][    T0] KVM is not available. Ignoring kvm-arm.mode
[    0.000000][    T0] efi: UEFI not found.
[    0.000000][    T0] Zone ranges:
[    0.000000][    T0]   DMA32    [mem 0x0000000040000000-0x000000007fffffff]
[    0.000000][    T0]   Normal   empty
[    0.000000][    T0] Movable zone start for each node
[    0.000000][    T0] Early memory node ranges
[    0.000000][    T0]   node   0: [mem 0x0000000040000000-0x000000007fffffff]
[    0.000000][    T0] Initmem setup node 0 [mem 0x0000000040000000-0x000000007fffffff]
[    0.000000][    T0] cma: Reserved 16 MiB at 0x000000007dc00000
[    0.000000][    T0] psci: probing for conduit method from DT.
[    0.000000][    T0] psci: PSCIv1.1 detected in firmware.
[    0.000000][    T0] psci: Using standard PSCI v0.2 function IDs
[    0.000000][    T0] psci: Trusted OS migration not required
[    0.000000][    T0] psci: SMC Calling Convention v1.0
[    0.000000][    T0] percpu: Embedded 35 pages/cpu s103064 r8192 d32104 u143360
[    0.000000][    T0] Detected PIPT I-cache on CPU0
[    0.000000][    T0] CPU features: SYS_ID_AA64MMFR1_EL1[11:8]: already set to 0
[    0.000000][    T0] CPU features: detected: Spectre-v3a
[    0.000000][    T0] CPU features: detected: Spectre-v2
[    0.000000][    T0] CPU features: detected: Spectre-v4
[    0.000000][    T0] CPU features: detected: ARM errata 1165522, 1319367, or 1530923
[    0.000000][    T0] CPU features: detected: Spectre-BHB
[    0.000000][    T0] CPU features: detected: ARM erratum 1742098
[    0.000000][    T0] Built 1 zonelists, mobility grouping on.  Total pages: 258048
[    0.000000][    T0] Kernel command line: stack_depot_disable=on kasan.stacktrace=off kvm-arm.mode=protected cgroup_disable=pressure cgroup.memory=nokmem console=ttyAMA0 nokaslr rdinit=/init panic=-1
[    0.000000][    T0] cgroup: Disabling pressure control group feature
[    0.000000][    T0] Dentry cache hash table entries: 131072 (order: 8, 1048576 bytes, linear)
[    0.000000][    T0] Inode-cache hash table entries: 65536 (order: 7, 524288 bytes, linear)
[    0.000000][    T0] mem auto-init: stack:all(zero), heap alloc:on, heap free:off
[    0.000000][    T0] Memory: 962020K/1048576K available (28864K kernel code, 2406K rwdata, 11680K rodata, 3200K init, 1957K bss, 70172K reserved, 16384K cma-reserved)
[    0.000000][    T0] SLUB: HWalign=64, Order=0-3, MinObjects=0, CPUs=2, Nodes=1
[    0.000000][    T0] 
[    0.000000][    T0] **********************************************************
[    0.000000][    T0] **   NOTICE NOTICE NOTICE NOTICE NOTICE NOTICE NOTICE   **
[    0.000000][    T0] **                                                      **
[    0.000000][    T0] ** trace_printk() being used. Allocating extra memory.  **
[    0.000000][    T0] **                                                      **
[    0.000000][    T0] ** This means that this is a DEBUG kernel and it is     **
[    0.000000][    T0] ** unsafe for production use.                           **
[    0.000000][    T0] **                                                      **
[    0.000000][    T0] ** If you see this message and you are not debugging    **
[    0.000000][    T0] ** the kernel, report this immediately to your vendor!  **
[    0.000000][    T0] **                                                      **
[    0.000000][    T0] **   NOTICE NOTICE NOTICE NOTICE NOTICE NOTICE NOTICE   **
[    0.000000][    T0] **********************************************************
[    0.000000][    T0] rcu: Preemptible hierarchical RCU implementation.
[    0.000000][    T0] rcu: 	RCU event tracing is enabled.
[    0.000000][    T0] rcu: 	RCU dyntick-idle grace-period acceleration is enabled.
[    0.000000][    T0] rcu: 	RCU restricting CPUs from NR_CPUS=32 to nr_cpu_ids=2.
[    0.000000][    T0] rcu: 	RCU priority boosting: priority 1 delay 500 ms.
[    0.000000][    T0] 	Trampoline variant of Tasks RCU enabled.
[    0.000000][    T0] 	Tracing variant of Tasks RCU enabled.
[    0.000000][    T0] rcu: RCU calculated value of scheduler-enlistment delay is 25 jiffies.
[    0.000000][    T0] rcu: Adjusting geometry for rcu_fanout_leaf=16, nr_cpu_ids=2
[    0.000000][    T0] NR_IRQS: 64, nr_irqs: 64, preallocated irqs: 0
[    0.000000][    T0] GICv2m: range[mem 0x08020000-0x08020fff], SPI[80:143]
[    0.000000][    T0] rcu: 	Offload RCU callbacks from CPUs: (none).
[    0.000000][    T0] kfence: initialized - using 524288 bytes for 63 objects at 0x(____ptrval____)-0x(____ptrval____)
[    0.000000][    T0] arch_timer: cp15 timer(s) running at 62.50MHz (virt).
[    0.000000][    T0] clocksource: arch_sys_counter: mask: 0xffffffffffffff max_cycles: 0x1cd42e208c, max_idle_ns: 881590405314 ns
[    0.000049][    T0] sched_clock: 56 bits at 62MHz, resolution 16ns, wraps every 4398046511096ns
[    0.003344][    T0] Calibrating delay loop (skipped), value calculated using timer frequency.. 125.00 BogoMIPS (lpj=250000)
[    0.003455][    T0] pid_max: default: 32768 minimum: 301
[    0.006497][    T0] LSM: Security Framework initializing
[    0.007194][    T0] SELinux:  Initializing.
[    0.007683][    T0] Mount-cache hash table entries: 2048 (order: 2, 16384 bytes, linear)
[    0.007713][    T0] Mountpoint-cache hash table entries: 2048 (order: 2, 16384 bytes, linear)
[    0.014306][    T0] PARTITION_PROTECT[create_monitor_kobject]: create group success
[    0.031752][    T1] /cpus/cpu-map: empty cluster
[    0.038098][    T1] RSC fifokwoker: set kworker(kworker/0:0H/F) to fifo nice: 0xbeeefeed flags: 0x0.
[    0.039609][    T1] RSC fifokwoker: set kworker(kworker/0:0H/F) to fifo nice: 0xbeeffeed flags: 0x0.
[    0.045387][    T1] rcu: Hierarchical SRCU implementation.
[    0.048603][    T1] EFI services will not be available.
[    0.049512][    T1] smp: Bringing up secondary CPUs ...
[    0.052994][    T1] RSC fifokwoker: set kworker(kworker/1:0H/F) to fifo nice: 0xbeeefeed flags: 0x4.
[    0.053574][    T1] RSC fifokwoker: set kworker(kworker/1:0H/F) to fifo nice: 0xbeeffeed flags: 0x4.
[    0.057524][    T0] Detected PIPT I-cache on CPU1
[    0.058481][    T0] CPU1: Booted secondary processor 0x0000000001 [0x410fd083]
[    0.062987][    T1] smp: Brought up 1 node, 2 CPUs
[    0.063040][    T1] SMP: Total of 2 processors activated.
[    0.063141][    T1] CPU features: detected: 32-bit EL0 Support
[    0.063188][    T1] CPU features: detected: CRC32 instructions
[    0.063235][    T1] CPU features: detected: 32-bit EL1 Support
[    0.066622][    T1] CPU features: emulated: Privileged Access Never (PAN) using TTBR0_EL1 switching
[    0.143384][    T1] CPU: All CPU(s) started at EL1
[    0.144074][   T18] alternatives: patching kernel code
[    0.162872][    T1] Registered cp15_barrier emulation handler
[    0.163085][    T1] Registered setend emulation handler
[    0.163204][    T1] KASLR disabled on command line
[    0.164087][    T1] clocksource: jiffies: mask: 0xffffffff max_cycles: 0xffffffff, max_idle_ns: 7645041785100000 ns
[    0.164222][    T1] futex hash table entries: 512 (order: 3, 32768 bytes, linear)
[    0.167853][    T1] pinctrl core: initialized pinctrl subsystem
[    0.180178][    T1] NET: Registered protocol family 16
[    0.185323][    T8] RSC fifokwoker: set kworker(kworker/0:1H/F) to fifo nice: 0xbeeffeed flags: 0x1.
[    0.186183][   T27] RSC fifokwoker: set kworker(kworker/1:1H/F) to fifo nice: 0xbeeffeed flags: 0x1.
[    0.193578][    T1] DMA: preallocated 128 KiB GFP_KERNEL pool for atomic allocations
[    0.193974][    T1] DMA: preallocated 128 KiB GFP_KERNEL|GFP_DMA32 pool for atomic allocations
[    0.194242][    T1] audit: initializing netlink subsys (disabled)
[    0.196003][   T31] audit: type=2000 audit(0.168:1): state=initialized audit_enabled=0 res=1
[    0.199501][    T1] thermal_sys: Registered thermal governor 'step_wise'
[    0.199551][    T1] thermal_sys: Registered thermal governor 'user_space'
[    0.199566][    T1] thermal_sys: Registered thermal governor 'power_allocator'
[    0.201081][    T1] cpuidle: using governor menu
[    0.201935][    T1] hw-breakpoint: found 6 breakpoint and 4 watchpoint registers.
[    0.202377][    T1] ASID allocator initialised with 65536 entries
[    0.203111][    T1] Serial: AMBA PL011 UART driver
[    0.217429][    T1] 9000000.pl011: ttyAMA0 at MMIO 0x9000000 (irq = 47, base_baud = 0) is a PL011 rev1
[    0.240465][    T1] printk: console [ttyAMA0] enabled
[    0.279912][    T1] iommu: Default domain type: Translated 
[    0.281844][    T1] SCSI subsystem initialized
[    0.282463][    T1] usbcore: registered new interface driver usbfs
[    0.282799][    T1] usbcore: registered new interface driver hub
[    0.283197][    T1] usbcore: registered new device driver usb
[    0.283859][    T1] mc: Linux media interface: v0.10
[    0.284055][    T1] videodev: Linux video capture interface: v2.00
[    0.284909][    T1] EDAC MC: Ver: 3.0.0
[    0.288038][    T1] Advanced Linux Sound Architecture Driver Initialized.
[    0.293477][    T1] Bluetooth: Core ver 2.22
[    0.293677][    T1] NET: Registered protocol family 31
[    0.293813][    T1] Bluetooth: HCI device and connection manager initialized
[    0.294140][    T1] Bluetooth: HCI socket layer initialized
[    0.294320][    T1] Bluetooth: L2CAP socket layer initialized
[    0.294577][    T1] Bluetooth: SCO socket layer initialized
[    0.295786][    T1] nfc: nfc_init: NFC Core ver 0.1
[    0.296801][    T1] NET: Registered protocol family 39
[    0.298351][    T1] clocksource: Switched to clocksource arch_sys_counter
[    0.355493][    T1] VFS: Disk quotas dquot_6.6.0
[    0.355837][    T1] VFS: Dquot-cache hash table entries: 512 (order 0, 4096 bytes)
[    0.358089][    T1] NET: Registered protocol family 2
[    0.359135][    T1] IP idents hash table entries: 16384 (order: 5, 131072 bytes, linear)
[    0.364797][    T1] tcp_listen_portaddr_hash hash table entries: 512 (order: 1, 8192 bytes, linear)
[    0.365419][    T1] TCP established hash table entries: 8192 (order: 4, 65536 bytes, linear)
[    0.365812][    T1] TCP bind hash table entries: 8192 (order: 5, 131072 bytes, linear)
[    0.366212][    T1] TCP: Hash tables configured (established 8192 bind 8192)
[    0.367400][    T1] UDP hash table entries: 512 (order: 2, 16384 bytes, linear)
[    0.367766][    T1] UDP-Lite hash table entries: 512 (order: 2, 16384 bytes, linear)
[    0.368842][    T1] NET: Registered protocol family 1
[    0.369266][    T1] NET: Registered protocol family 44
[    0.369629][    T1] PCI: CLS 0 bytes, default 64
[    0.375599][    T1] Trying to unpack rootfs image as initramfs...
[    0.381892][    T1] Freeing initrd memory: 4K
[    0.388075][    T1] hw perfevents: enabled with armv8_pmuv3 PMU driver, 7 counters available
[    0.388838][    T1] kvm [1]: HYP mode not available
[    0.397868][    T1] Initialise system trusted keyrings
[    0.400140][    T1] workingset: timestamp_bits=46 max_order=18 bucket_order=0
[    0.407822][  T109] VMET:<kthppoold, 594>: kthppoold ...... running
[    0.411879][    T1] fuse: init (API version 7.32)
[    0.433163][    T1] Key type asymmetric registered
[    0.433447][    T1] Asymmetric key parser 'x509' registered
[    0.433802][    T1] Block layer SCSI generic (bsg) driver version 0.4 loaded (major 241)
[    0.434344][    T1] io scheduler mq-deadline registered
[    0.434589][    T1] io scheduler kyber registered
[    0.435024][    T1] io scheduler bfq registered
[    0.435178][    T1] FCACHE: filecache_init: total=1001889792
[    0.439839][    T1] pl061_gpio 9030000.pl061: PL061 GPIO chip registered
[    0.440938][    T1] pci-host-generic 4010000000.pcie: host bridge /pcie@10000000 ranges:
[    0.441580][    T1] pci-host-generic 4010000000.pcie:       IO 0x003eff0000..0x003effffff -> 0x0000000000
[    0.442094][    T1] pci-host-generic 4010000000.pcie:      MEM 0x0010000000..0x003efeffff -> 0x0010000000
[    0.442334][    T1] pci-host-generic 4010000000.pcie:      MEM 0x8000000000..0xffffffffff -> 0x8000000000
[    0.443968][    T1] pci-host-generic 4010000000.pcie: ECAM at [mem 0x4010000000-0x401fffffff] for [bus 00-ff]
[    0.444834][    T1] pci-host-generic 4010000000.pcie: PCI host bridge to bus 0000:00
[    0.445136][    T1] pci_bus 0000:00: root bus resource [bus 00-ff]
[    0.445329][    T1] pci_bus 0000:00: root bus resource [io  0x0000-0xffff]
[    0.445502][    T1] pci_bus 0000:00: root bus resource [mem 0x10000000-0x3efeffff]
[    0.445685][    T1] pci_bus 0000:00: root bus resource [mem 0x8000000000-0xffffffffff]
[    0.446897][    T1] pci 0000:00:00.0: [1b36:0008] type 00 class 0x060000
[    0.449403][    T1] pci 0000:00:01.0: [1af4:1000] type 00 class 0x020000
[    0.449739][    T1] pci 0000:00:01.0: reg 0x10: [io  0x0000-0x001f]
[    0.449921][    T1] pci 0000:00:01.0: reg 0x14: [mem 0x00000000-0x00000fff]
[    0.450218][    T1] pci 0000:00:01.0: reg 0x20: [mem 0x00000000-0x00003fff 64bit pref]
[    0.450412][    T1] pci 0000:00:01.0: reg 0x30: [mem 0x00000000-0x0003ffff pref]
[    0.452257][    T1] pci 0000:00:01.0: BAR 6: assigned [mem 0x10000000-0x1003ffff pref]
[    0.452677][    T1] pci 0000:00:01.0: BAR 4: assigned [mem 0x8000000000-0x8000003fff 64bit pref]
[    0.453001][    T1] pci 0000:00:01.0: BAR 1: assigned [mem 0x10040000-0x10040fff]
[    0.453200][    T1] pci 0000:00:01.0: BAR 0: assigned [io  0x1000-0x101f]
[    0.458309][   T19] cacheinfo: Unable to detect cache hierarchy for CPU 0
[    0.476574][    T1] brd: module loaded
[    0.488519][    T1] loop: module loaded
[    0.488731][    T1] mobile_data_tcp_module_init 2023_0620
[    0.488988][    T1] #### cellular_static_conunt_init in version V0.1
[    0.494516][    T1] wireguard: WireGuard 1.0.0 loaded. See www.wireguard.com for information.
[    0.494786][    T1] wireguard: Copyright (C) 2015-2019 Jason A. Donenfeld <Jason@zx2c4.com>. All Rights Reserved.
[    0.498200][    T1] tun: Universal TUN/TAP device driver, 1.6
[    0.498719][    T1] CAN device driver interface
[    0.498877][    T1] PPP generic driver version 2.4.2
[    0.499356][    T1] PPP BSD Compression module registered
[    0.499628][    T1] PPP Deflate Compression module registered
[    0.499859][    T1] PPP MPPE Compression module registered
[    0.500014][    T1] NET: Registered protocol family 24
[    0.500160][    T1] PPTP driver version 0.8.5
[    0.500782][    T1] usbcore: registered new interface driver rtl8150
[    0.500997][    T1] usbcore: registered new interface driver r8152
[    0.501181][    T1] usbcore: registered new interface driver cdc_ether
[    0.501375][    T1] usbcore: registered new interface driver cdc_eem
[    0.501572][    T1] usbcore: registered new interface driver cdc_ncm
[    0.501769][    T1] usbcore: registered new interface driver aqc111
[    0.502331][    T1] ehci_hcd: USB 2.0 'Enhanced' Host Controller (EHCI) Driver
[    0.502553][    T1] ehci-pci: EHCI PCI platform driver
[    0.502936][    T1] ehci-platform: EHCI generic platform driver
[    0.503669][    T1] usbcore: registered new interface driver cdc_acm
[    0.503888][    T1] cdc_acm: USB Abstract Control Model driver for USB modems and ISDN adapters
[    0.504737][    T1] usbcore: registered new interface driver uas
[    0.504983][    T1] usbcore: registered new interface driver usb-storage
[    0.506529][    T1] dummy_hcd dummy_hcd.0: USB Host+Gadget Emulator, driver 02 May 2005
[    0.506961][    T1] dummy_hcd dummy_hcd.0: Dummy host controller
[    0.507321][    T1] dummy_hcd dummy_hcd.0: new USB bus registered, assigned bus number 1
[    0.510908][    T1] usb usb1: New USB device found, idVendor=1d6b, idProduct=0002, bcdDevice= 5.10
[    0.511148][    T1] usb usb1: New USB device strings: Mfr=3, Product=2, SerialNumber=1
[    0.511395][    T1] usb usb1: Product: Dummy host controller
[    0.511540][    T1] usb usb1: Manufacturer: Linux 5.10.246-android12-9-g9c94fefc2317-dirty dummy_hcd
[    0.511770][    T1] usb usb1: SerialNumber: dummy_hcd.0
[    0.513897][    T1] hub 1-0:1.0: USB hub found
[    0.514393][    T1] hub 1-0:1.0: 1 port detected
[    0.522565][    T1] usbcore: registered new interface driver xpad
[    0.525432][    T1] rtc-pl031 9010000.pl031: registered as rtc0
[    0.526232][    T1] rtc-pl031 9010000.pl031: setting system clock to 2026-08-24T11:36:52 UTC (1787571412)
[    0.526968][    T1] i2c /dev entries driver
[    0.527372][    T1] usbcore: registered new interface driver uvcvideo
[    0.527621][    T1] USB Video Class driver (1.1.1)
[    0.527755][    T1] gspca_main: v2.14.0 registered
[    0.528228][    T1] device-mapper: uevent: version 1.0.3
[    0.528870][    T1] device-mapper: ioctl: 4.44.0-ioctl (2021-02-01) initialised: dm-devel@redhat.com
[    0.530502][    T1] Bluetooth: HCI UART driver ver 2.3
[    0.530700][    T1] Bluetooth: HCI UART protocol H4 registered
[    0.530985][    T1] Bluetooth: HCI UART protocol LL registered
[    0.531207][    T1] Bluetooth: HCI UART protocol Broadcom registered
[    0.531399][    T1] Bluetooth: HCI UART protocol QCA registered
[    0.532668][    T1] sdhci: Secure Digital Host Controller Interface driver
[    0.532848][    T1] sdhci: Copyright(c) Pierre Ossman
[    0.532985][    T1] sdhci-pltfm: SDHCI platform and OF driver helper
[    0.533447][    T1] hid: raw HID events driver (C) Jiri Kosina
[    0.535410][    T1] usbcore: registered new interface driver usbhid
[    0.535578][    T1] usbhid: USB HID core driver
[    0.536110][    T1] ashmem: initialized
[    0.537350][    T1] gnss: GNSS driver registered with major 234
[    0.537838][    T1] #### sla_static_collector_init in version V0.97
[    0.538431][    T1] vne(vne_network_qoe_init): complete
[    0.538859][    T1] vne(vne_network_syn_init): complete
[    0.538993][    T1] vne(vivo_net_evolve_init): successed!
[    0.539184][    T1] [netb] netbooster_init: init netbooster ver 1.0
[    0.539901][    T1] sch_uprio: [prio_module_init]
[    0.540000][    T1] sch_cfg: callback(1) registered successfully
[    0.541143][    T1] system_exception initialized
[    0.542133][    T1] usbcore: registered new interface driver snd-usb-audio
[    0.543818][    T1] GACT probability NOT on
[    0.544088][    T1] Mirror/redirect action on
[    0.544479][    T1] netem: version 1.3
[    0.544754][    T1] u32 classifier
[    0.544843][    T1]     input device check on
[    0.544950][    T1]     Actions configured
[    0.550782][    T1] xt_time: kernel timezone is -0000
[    0.551189][    T1] ipip: IPv4 and MPLS over IPv4 tunneling driver
[    0.552857][    T1] gre: GRE over IPv4 demultiplexor driver
[    0.553040][    T1] ip_gre: GRE over IPv4 tunneling driver
[    0.554985][    T1] IPv4 over IPsec tunneling driver
[    0.559873][    T1] Initializing XFRM netlink socket
[    0.560214][    T1] IPsec XFRM device driver
[    0.561259][    T1] NET: Registered protocol family 10
[    0.569575][    T1] Segment Routing with IPv6
[    0.570372][    T1] mip6: Mobile IPv6
[    0.573968][    T1] sit: IPv6, IPv4 and MPLS over IPv4 tunneling driver
[    0.576624][    T1] ip6_gre: GRE over IPv6 tunneling driver
[    0.577880][    T1] NET: Registered protocol family 17
[    0.578287][    T1] NET: Registered protocol family 15
[    0.578764][    T1] can: controller area network core
[    0.579342][    T1] NET: Registered protocol family 29
[    0.579509][    T1] can: raw protocol
[    0.579718][    T1] can: broadcast manager protocol
[    0.579957][    T1] can: netlink gateway - max_hops=1
[    0.582292][    T1] Bluetooth: RFCOMM TTY layer initialized
[    0.582578][    T1] Bluetooth: RFCOMM socket layer initialized
[    0.582826][    T1] Bluetooth: RFCOMM ver 1.11
[    0.582982][    T1] Bluetooth: HIDP (Human Interface Emulation) ver 1.2
[    0.583286][    T1] Bluetooth: HIDP socket layer initialized
[    0.583614][    T1] l2tp_core: L2TP core driver, V2.0
[    0.583912][    T1] l2tp_ppp: PPPoL2TP kernel driver, V2.0
[    0.584101][    T1] tipc: Activated (version 2.0.0)
[    0.585427][    T1] NET: Registered protocol family 30
[    0.586956][    T1] tipc: Started in single node mode
[    0.601222][    T1] NET: Registered protocol family 36
[    0.602061][    T1] NET: Registered protocol family 40
[    0.603131][    T1] registered taskstats version 1
[    0.603373][    T1] sizeof(struct vivo_tsk_struct) 352 task_struct 480
[    0.603382][    T1] ^RSC @rsc_main_data_init: done!
[    0.607762][    T1] rsc_sys_api: rsc_kallsyms_lookup_name lookup for symbol kernfs_setattr
[    0.610676][    T1] rsc_sys_api: rsc_kallsyms_lookup_name lookup for symbol filp_open
[    0.613834][    T1] rsc_sys_api: rsc_kallsyms_lookup_name lookup for symbol kernel_write
[    0.617626][    T1] ^RSC @rsc_main_pdrv_probe: rsc probe done!
[    0.619809][    T1] ^RSC init_cpu_core_masks cluster num: 0 topeff: 1024 maxeff: 1024 mineff: 1024 rsc_cpu_bigcore: 0-1 littlecore: 0-1 lastcore: 1 bigcorenum: 2 midcore: 0-1 maxcore: 
[    0.620759][  T128] wait for cpufreq driver register
[    0.620780][    T1] rsc_vaudit: rsc_vaudit_init start
[    0.621148][    T1] rsc_vaudit: rsc_vaudit_init cpu 0 func ffffffc009a21550(wake_up_fifo_out_work_func.cfi_jt+0x0/0x8) flag 4
[    0.621417][    T1] rsc_vaudit: rsc_vaudit_init cpu 0 func ffffffc009a21550(wake_up_fifo_out_work_func.cfi_jt+0x0/0x8) flag 0
[    0.621695][    T1] rsc_vaudit: rsc_vaudit_init cpu 1 func ffffffc009a21550(wake_up_fifo_out_work_func.cfi_jt+0x0/0x8) flag 4
[    0.621969][    T1] rsc_vaudit: rsc_vaudit_init cpu 1 func ffffffc009a21550(wake_up_fifo_out_work_func.cfi_jt+0x0/0x8) flag 0
[    0.622246][    T1] rsc_vaudit: rsc_vaudit_init cpu 2 func ffffffc009a21550(wake_up_fifo_out_work_func.cfi_jt+0x0/0x8) flag 4
[    0.622514][    T1] rsc_vaudit: rsc_vaudit_init cpu 2 func ffffffc009a21550(wake_up_fifo_out_work_func.cfi_jt+0x0/0x8) flag 0
[    0.622790][    T1] rsc_vaudit: rsc_vaudit_init cpu 3 func ffffffc009a21550(wake_up_fifo_out_work_func.cfi_jt+0x0/0x8) flag 0
[    0.623059][    T1] rsc_vaudit: rsc_vaudit_init cpu 3 func ffffffc009a21550(wake_up_fifo_out_work_func.cfi_jt+0x0/0x8) flag 0
[    0.623507][    T1] rsc_vaudit: rsc_vaudit_init cpu 4 func ffffffc009a21550(wake_up_fifo_out_work_func.cfi_jt+0x0/0x8) flag 0
[    0.623796][    T1] rsc_vaudit: rsc_vaudit_init cpu 4 func ffffffc009a21550(wake_up_fifo_out_work_func.cfi_jt+0x0/0x8) flag 0
[    0.624064][    T1] rsc_vaudit: rsc_vaudit_init cpu 5 func ffffffc009a21550(wake_up_fifo_out_work_func.cfi_jt+0x0/0x8) flag 0
[    0.624322][    T1] rsc_vaudit: rsc_vaudit_init cpu 5 func ffffffc009a21550(wake_up_fifo_out_work_func.cfi_jt+0x0/0x8) flag 0
[    0.624577][    T1] rsc_vaudit: rsc_vaudit_init cpu 6 func ffffffc009a21550(wake_up_fifo_out_work_func.cfi_jt+0x0/0x8) flag 0
[    0.624849][    T1] rsc_vaudit: rsc_vaudit_init cpu 6 func ffffffc009a21550(wake_up_fifo_out_work_func.cfi_jt+0x0/0x8) flag 0
[    0.625124][    T1] rsc_vaudit: rsc_vaudit_init cpu 7 func ffffffc009a21550(wake_up_fifo_out_work_func.cfi_jt+0x0/0x8) flag 0
[    0.625404][    T1] rsc_vaudit: rsc_vaudit_init cpu 7 func ffffffc009a21550(wake_up_fifo_out_work_func.cfi_jt+0x0/0x8) flag 0
[    0.626620][    T1] rsc_sys_api: rsc_kallsyms_lookup_name lookup for symbol get_wchan
[    0.626693][    T1] rsc_vaudit: rsc_vaudit_init rsc_kallsyms_lookup_name succcess
[    0.627669][    T1] rsc_vaudit: register_vaudit_vendor_hooks ok
[    0.627860][    T1] rsc_vaudit: ^RSC vaudit rsc_vaudit_init: inited! vaudit_fifo size: 4096 lastsize: 128
[    0.628550][    T1] Scheduler tracepoints stat_sleep, stat_iowait, stat_blocked and stat_runtime require the kernel parameter schedstats=enable or kernel.sched_schedstats=1
[    0.629128][    T1] rsc_binder_event: rsc_binder_event_notif_init finish!
[    0.629987][    T1] rsc_sys_api: rsc_kallsyms_lookup_name lookup for symbol binder_add_freeze_work
[    0.638611][    T1] rsc_sys_api: rsc_kallsyms_lookup_name lookup for symbol binder_free_proc
[    0.647596][    T1] rsc_sys_api: rsc_kallsyms_lookup_name lookup for symbol binder_wakeup_poll_threads_ilocked
[    0.657189][    T1] rsc_binder_frozen_callback: rsc_binder_frozen_callback_init finish!
[    0.657757][    T1] rsc_tsk_policy: module init ok!
[    0.660108][    T1] ^RSC rsc driver init done!
[    0.660662][    T1] Loading compiled-in X.509 certificates
[    0.661131][    T1] page_owner is disabled
[    0.661731][    T1] Key type .fscrypt registered
[    0.661853][    T1] Key type fscrypt-provisioning registered
[    0.666834][    T1] 
[    0.666924][    T1] ********************************************************************
[    0.667125][    T1] **     NOTICE NOTICE NOTICE NOTICE NOTICE NOTICE NOTICE           **
[    0.667312][    T1] **                                                                **
[    0.667501][    T1] **  WRITEABLE clk DebugFS SUPPORT HAS BEEN ENABLED IN THIS KERNEL **
[    0.667692][    T1] **                                                                **
[    0.667883][    T1] ** This means that this kernel is built to expose clk operations  **
[    0.668088][    T1] ** such as parent or rate setting, enabling, disabling, etc.      **
[    0.668286][    T1] ** to userspace, which may compromise security on your system.    **
[    0.668483][    T1] **                                                                **
[    0.668680][    T1] ** If you see this message and you are not debugging the          **
[    0.668876][    T1] ** kernel, report this immediately to your vendor!                **
[    0.669071][    T1] **                                                                **
[    0.669261][    T1] **     NOTICE NOTICE NOTICE NOTICE NOTICE NOTICE NOTICE           **
[    0.669451][    T1] ********************************************************************
[    0.675317][    T1] input: gpio-keys as /devices/platform/gpio-keys/input/input0
[    0.679706][    T1] clk: Disabling unused clocks
[    0.680310][    T1] ALSA device list:
[    0.680473][    T1]   No soundcards found.
[    0.683310][    T1] uart-pl011 9000000.pl011: no DMA platform data
[    0.710050][    T1] Freeing unused kernel memory: 3200K
[    0.711048][    T1] Run /init as init process

=== SIGRET-V4 ===
BOOTID_BEFORE=b39cfe79-11ca-4fdf-b856-316263830398

WTID=0x0000000000000086
REQUEUE_DONE
W_RET(pib_dangling)
